Client/Core version parity OK: app=1.2.0+4053 public=1.1.6 target_state=PRE_CANDIDATE_LOCAL core_pre_candidate=1.1.0 core_target=1.1.0 desktop_abi=2 core_checkout=NOT_REQUESTED
warning: in the working copy of 'apps/macos_shell/macos/Flutter/GeneratedPluginRegistrant.swift', LF will be replaced by CRLF the next time Git touches it
warning: in the working copy of 'apps/windows_shell/windows/flutter/generated_plugin_registrant.cc', LF will be replaced by CRLF the next time Git touches it
warning: in the working copy of 'apps/windows_shell/windows/flutter/generated_plugin_registrant.h', LF will be replaced by CRLF the next time Git touches it
warning: in the working copy of 'apps/windows_shell/windows/flutter/generated_plugins.cmake', LF will be replaced by CRLF the next time Git touches it
STORE-ONLY RESUME: reusing four exact verified APKs.
Running Gradle task 'bundleStoreRelease'...                     
Font asset "MaterialIcons-Regular.otf" was tree-shaken, reducing it from 1645184 to 23884 bytes (98.5% reduction). Tree-shaking can be disabled by providing the --no-tree-shake-icons flag when building your app.
Running Gradle task 'bundleStoreRelease'...                       152,8s
тИЪ Built build\app\outputs\bundle\storeRelease\app-store-release.aab (120.2MB)
Android production APK built and verified.
ABI: universal
APK: E:\r12client\apps\android_shell\build\app\outputs\flutter-apk\app-direct-release.apk
Size: 294071554 bytes
APK SHA-256: 48E2D8B9EEC5EA1CBC476427B51AEA10BAFC6DDCAADBB3394CDCB237DD1F4819
Certificate SHA-256: 0A0602A7DF5D96A0B427909D004F3DDF26DEF86587634BF16694DA8D654B2500
Evidence: E:\r12client\apps\android_shell\build\app\outputs\flutter-apk\app-direct-release.apk.signing.json
Android production APK built and verified.
ABI: arm64-v8a
APK: E:\r12client\apps\android_shell\build\app\outputs\flutter-apk\app-arm64-v8a-direct-release.apk
Size: 100926279 bytes
APK SHA-256: F7BE1F638991D26D5EF12798F4253C8B5B659B30B8753061C2B9E7D9D3F894B9
Certificate SHA-256: 0A0602A7DF5D96A0B427909D004F3DDF26DEF86587634BF16694DA8D654B2500
Evidence: E:\r12client\apps\android_shell\build\app\outputs\flutter-apk\app-arm64-v8a-direct-release.apk.signing.json
Android production APK built and verified.
ABI: armeabi-v7a
APK: E:\r12client\apps\android_shell\build\app\outputs\flutter-apk\app-armeabi-v7a-direct-release.apk
Size: 90459293 bytes
APK SHA-256: 956CA1A38928A6387D5280E9E5B698D09C143C6F15A31B8F90C11EC528C26138
Certificate SHA-256: 0A0602A7DF5D96A0B427909D004F3DDF26DEF86587634BF16694DA8D654B2500
Evidence: E:\r12client\apps\android_shell\build\app\outputs\flutter-apk\app-armeabi-v7a-direct-release.apk.signing.json
Android production APK built and verified.
ABI: x86_64
APK: E:\r12client\apps\android_shell\build\app\outputs\flutter-apk\app-x86_64-direct-release.apk
Size: 109718342 bytes
APK SHA-256: 7FFACDFAE3273D0B03D07A4D2157100606AD49FA8D81E466F3DF437CA66184C0
Certificate SHA-256: 0A0602A7DF5D96A0B427909D004F3DDF26DEF86587634BF16694DA8D654B2500
Evidence: E:\r12client\apps\android_shell\build\app\outputs\flutter-apk\app-x86_64-direct-release.apk.signing.json
Android production store AAB built and verified.
AAB: E:\r12client\apps\android_shell\build\app\outputs\bundle\storeRelease\app-store-release.aab
Size: 126056489 bytes
AAB SHA-256: F11B93DF576A81AD9F6E9D476D2C3F64C2024FEAF01EA8C9495F88808D05A2C3
Certificate SHA-256: 0A0602A7DF5D96A0B427909D004F3DDF26DEF86587634BF16694DA8D654B2500
Store submission: NOT_REQUESTED
Evidence: E:\r12client\apps\android_shell\build\app\outputs\bundle\storeRelease\app-store-release.aab.signing.json
