Resolving dependencies...
Downloading packages...
  async 2.11.0 (2.13.1 available)
  boolean_selector 2.1.1 (2.1.2 available)
  characters 1.4.0 (1.4.1 available)
  clock 1.1.2 (1.1.3 available)
  cross_file 0.3.5+4 (0.3.5+5 available)
  ffi 2.1.3 (2.2.0 available)
  file_selector_android 0.5.2+6 (0.5.2+10 available)
  file_selector_ios 0.5.3+5 (0.5.3+6 available)
  file_selector_linux 0.9.4 (0.9.4+1 available)
  file_selector_macos 0.9.5 (0.9.5+1 available)
  file_selector_windows 0.9.3+5 (0.9.3+6 available)
  flutter_secure_storage 10.3.1 (11.0.0 available)
  flutter_secure_storage_darwin 0.3.2 (0.4.1 available)
  flutter_secure_storage_linux 3.0.1 (3.0.2 available)
  flutter_secure_storage_platform_interface 2.0.1 (2.0.3 available)
  flutter_secure_storage_windows 4.1.0 (4.2.2 available)
  html 0.15.6 (0.15.7 available)
  jovial_svg 1.1.29 (1.1.30 available)
  matcher 0.12.17 (0.12.20 available)
  material_color_utilities 0.11.1 (0.13.1 available)
  meta 1.17.0 (1.19.0 available)
  path_provider 2.1.5 (2.1.6 available)
  path_provider_android 2.2.15 (2.3.1 available)
  path_provider_foundation 2.4.1 (2.6.0 available)
  path_provider_linux 2.2.1 (2.2.2 available)
  path_provider_platform_interface 2.1.2 (2.1.3 available)
  platform 3.1.6 (3.2.0 available)
  source_span 1.10.0 (1.10.2 available)
  stack_trace 1.12.1 (1.12.2 available)
  string_scanner 1.2.0 (1.4.1 available)
  term_glyph 1.2.1 (1.2.2 available)
  test_api 0.7.7 (0.7.14 available)
  url_launcher 6.3.1 (6.3.2 available)
  url_launcher_android 6.3.14 (6.3.33 available)
  url_launcher_ios 6.3.3 (6.4.2 available)
  url_launcher_linux 3.2.1 (3.2.3 available)
  url_launcher_macos 3.2.2 (3.2.6 available)
  url_launcher_web 2.3.3 (2.4.3 available)
  url_launcher_windows 3.1.4 (3.1.6 available)
  vector_math 2.2.0 (2.4.2 available)
  video_player 2.11.1 (2.14.0 available)
  video_player_android 2.9.5 (2.12.2 available)
  video_player_avfoundation 2.11.0 (2.12.0 available)
  vm_service 14.2.5 (15.3.0 available)
  win32 5.10.1 (6.4.0 available)
  xml 6.6.1 (7.0.1 available)
Got dependencies!
46 packages have newer versions incompatible with dependency constraints.
Try `flutter pub outdated` for more information.
00:00 +0: loading E:/r12client/packages/app_shell/test/support_mode_controller_test.dart
test/support_mode_controller_test.dart:65:88: Error: The getter 'sizeBytes' isn't defined for the type 'SupportBundlePreviewFile'.
 - 'SupportBundlePreviewFile' is from 'package:pokrov_support_bundle/support_bundle.dart' ('../support_bundle/lib/support_bundle.dart').
Try correcting the name to the name of an existing getter, or defining a getter or field named 'sizeBytes'.
      prepared.preview.files.singleWhere((file) => file.path == 'events/recent.jsonl').sizeBytes,
                                                                                       ^^^^^^^^^
00:00 +0 -1: loading E:/r12client/packages/app_shell/test/support_mode_controller_test.dart [E]
  Failed to load "E:/r12client/packages/app_shell/test/support_mode_controller_test.dart":
  Compilation failed for testPath=E:/r12client/packages/app_shell/test/support_mode_controller_test.dart: test/support_mode_controller_test.dart:65:88: Error: The getter 'sizeBytes' isn't defined for the type 'SupportBundlePreviewFile'.
   - 'SupportBundlePreviewFile' is from 'package:pokrov_support_bundle/support_bundle.dart' ('../support_bundle/lib/support_bundle.dart').
  Try correcting the name to the name of an existing getter, or defining a getter or field named 'sizeBytes'.
        prepared.preview.files.singleWhere((file) => file.path == 'events/recent.jsonl').sizeBytes,
                                                                                         ^^^^^^^^^
  .
  Error: The Dart compiler exited unexpectedly.
  package:flutter_tools/src/base/common.dart 34:3  throwToolExit
  package:flutter_tools/src/compile.dart 911:11    DefaultResidentCompiler._compile.<fn>
  dart:async/zone.dart 1538:47                     _rootRunUnary
  dart:async/zone.dart 1429:19                     _CustomZone.runUnary
  dart:async/future_impl.dart 948:45               Future._propagateToListeners.handleValueCallback
  dart:async/future_impl.dart 977:13               Future._propagateToListeners
  dart:async/future_impl.dart 862:9                Future._propagateToListeners
  dart:async/future_impl.dart 720:5                Future._completeWithValue
  dart:async/future_impl.dart 804:7                Future._asyncCompleteWithValue.<fn>
  dart:async/zone.dart 1525:13                     _rootRun
  dart:async/zone.dart 1422:19                     _CustomZone.run
  dart:async/zone.dart 1321:7                      _CustomZone.runGuarded
  dart:async/zone.dart 1362:23                     _CustomZone.bindCallbackGuarded.<fn>
  dart:async/schedule_microtask.dart 40:35         _microtaskLoop
  dart:async/schedule_microtask.dart 49:5          _startMicrotaskLoop
  dart:isolate-patch/isolate_patch.dart 127:13     _runPendingImmediateCallback
  dart:isolate-patch/isolate_patch.dart 194:5      _RawReceivePort._handleMessage
  
00:00 +0 -1: E:/r12client/packages/app_shell/test/client_diagnostics_test.dart: verified runtime exposes four current proofs and stable message keys
00:00 +1 -1: E:/r12client/packages/app_shell/test/client_diagnostics_test.dart: explicit failures are not relabelled by unconfirmed DNS and egress
00:00 +2 -1: E:/r12client/packages/app_shell/test/client_diagnostics_test.dart: degraded DNS maps only to evidence and a supported problem-book rule
00:00 +3 -1: E:/r12client/packages/app_shell/test/client_diagnostics_test.dart: bounded AWG category appears only in the diagnostics evidence list
00:00 +4 -1: E:/r12client/packages/app_shell/test/client_diagnostics_test.dart: summary package preview remains bounded and category-only
00:00 +5 -1: E:/r12client/packages/app_shell/test/client_diagnostics_test.dart: safe message keys resolve in Russian and English without raw details
00:00 +6 -1: E:/r12client/packages/app_shell/test/client_diagnostics_test.dart: phase timeline is bounded to closed events and marks reconnects
00:00 +7 -1: E:/r12client/packages/app_shell/test/client_diagnostics_test.dart: screen renders catalog rule and sanitized safe actions
00:00 +8 -1: E:/r12client/packages/app_shell/test/client_diagnostics_test.dart: screen shows same-build bands without exact cohort numbers
00:00 +9 -1: E:/r12client/packages/app_shell/test/client_diagnostics_test.dart: encrypted export cancellation never claims a file was saved
00:01 +10 -1: Some tests failed.
