Client/Core version parity OK: app=1.2.0+4053 public=1.1.6 target_state=PRE_CANDIDATE_LOCAL core_pre_candidate=1.1.0 core_target=1.1.0 desktop_abi=2 core_checkout=NOT_REQUESTED
warning: in the working copy of 'apps/macos_shell/macos/Flutter/GeneratedPluginRegistrant.swift', LF will be replaced by CRLF the next time Git touches it
warning: in the working copy of 'apps/windows_shell/windows/flutter/generated_plugin_registrant.cc', LF will be replaced by CRLF the next time Git touches it
warning: in the working copy of 'apps/windows_shell/windows/flutter/generated_plugin_registrant.h', LF will be replaced by CRLF the next time Git touches it
warning: in the working copy of 'apps/windows_shell/windows/flutter/generated_plugins.cmake', LF will be replaced by CRLF the next time Git touches it
STORE-ONLY RESUME: reusing four exact verified APKs; APK build invocation skipped.
Running Gradle task 'bundleStoreRelease'...                        66,2s
тИЪ Built build\app\outputs\bundle\storeRelease\app-store-release.aab (120.2MB)
Android production APK built and verified.
ABI: universal
APK: E:\r12client\apps\android_shell\build\app\outputs\flutter-apk\app-direct-release.apk
Size: 294071554 bytes
APK SHA-256: 924DD680B39FFB11145971D371D7FFB53C99CB9173E93209E49A1D91697B5762
Certificate SHA-256: 0A0602A7DF5D96A0B427909D004F3DDF26DEF86587634BF16694DA8D654B2500
Evidence: E:\r12client\apps\android_shell\build\app\outputs\flutter-apk\app-direct-release.apk.signing.json
Android production APK built and verified.
ABI: arm64-v8a
APK: E:\r12client\apps\android_shell\build\app\outputs\flutter-apk\app-arm64-v8a-direct-release.apk
Size: 100926279 bytes
APK SHA-256: C7628D47E03CA07D2B72FB745B32C18740AE22C429D55A7AF8DF048D1B975FED
Certificate SHA-256: 0A0602A7DF5D96A0B427909D004F3DDF26DEF86587634BF16694DA8D654B2500
Evidence: E:\r12client\apps\android_shell\build\app\outputs\flutter-apk\app-arm64-v8a-direct-release.apk.signing.json
Android production APK built and verified.
ABI: armeabi-v7a
APK: E:\r12client\apps\android_shell\build\app\outputs\flutter-apk\app-armeabi-v7a-direct-release.apk
Size: 90459293 bytes
APK SHA-256: 0E98A81F6010EAB6CA4B95FDC70C153442ADF37EC4FDB31FCF6B91B38BFA37AA
Certificate SHA-256: 0A0602A7DF5D96A0B427909D004F3DDF26DEF86587634BF16694DA8D654B2500
Evidence: E:\r12client\apps\android_shell\build\app\outputs\flutter-apk\app-armeabi-v7a-direct-release.apk.signing.json
Android production APK built and verified.
ABI: x86_64
APK: E:\r12client\apps\android_shell\build\app\outputs\flutter-apk\app-x86_64-direct-release.apk
Size: 109718342 bytes
APK SHA-256: BAA5202957C46E9BA92E3FFF4C46418B60FF309311CFA015AEF86DA685AC0F52
Certificate SHA-256: 0A0602A7DF5D96A0B427909D004F3DDF26DEF86587634BF16694DA8D654B2500
Evidence: E:\r12client\apps\android_shell\build\app\outputs\flutter-apk\app-x86_64-direct-release.apk.signing.json
Android production store AAB built and verified.
AAB: E:\r12client\apps\android_shell\build\app\outputs\bundle\storeRelease\app-store-release.aab
Size: 126057186 bytes
AAB SHA-256: C9A6522ADD3C1B13CB17E02E74BA1E07CA0C6DA4403BC4E3247849ED40A699CF
Certificate SHA-256: 0A0602A7DF5D96A0B427909D004F3DDF26DEF86587634BF16694DA8D654B2500
Store submission: NOT_REQUESTED
Evidence: E:\r12client\apps\android_shell\build\app\outputs\bundle\storeRelease\app-store-release.aab.signing.json
