
 Setting the directory E:\r12-c05-package-artifacts\ to compress new files 
 Compressing files in E:\r12-c05-package-artifacts\


 Compressing files in E:\r12-c05-package-artifacts\after\


 Compressing files in E:\r12-c05-package-artifacts\after\windows-bundle\


 Compressing files in E:\r12-c05-package-artifacts\after\windows-bundle\data\


 Compressing files in E:\r12-c05-package-artifacts\after\windows-bundle\data\flutter_assets\


 Compressing files in E:\r12-c05-package-artifacts\after\windows-bundle\data\flutter_assets\assets\


 Compressing files in E:\r12-c05-package-artifacts\after\windows-bundle\data\flutter_assets\assets\brand\


 Compressing files in E:\r12-c05-package-artifacts\after\windows-bundle\data\flutter_assets\fonts\


 Compressing files in E:\r12-c05-package-artifacts\after\windows-bundle\data\flutter_assets\packages\


 Compressing files in E:\r12-c05-package-artifacts\after\windows-bundle\data\flutter_assets\packages\country_flags\


 Compressing files in E:\r12-c05-package-artifacts\after\windows-bundle\data\flutter_assets\packages\country_flags\res\


 Compressing files in E:\r12-c05-package-artifacts\after\windows-bundle\data\flutter_assets\packages\country_flags\res\si\


 Compressing files in E:\r12-c05-package-artifacts\after\windows-bundle\data\flutter_assets\packages\pokrov_app_shell\


 Compressing files in E:\r12-c05-package-artifacts\after\windows-bundle\data\flutter_assets\packages\pokrov_app_shell\assets\


 Compressing files in E:\r12-c05-package-artifacts\after\windows-bundle\data\flutter_assets\packages\pokrov_app_shell\assets\brand\


 Compressing files in E:\r12-c05-package-artifacts\after\windows-bundle\data\flutter_assets\packages\pokrov_app_shell\assets\fonts\


 Compressing files in E:\r12-c05-package-artifacts\after\windows-bundle\data\flutter_assets\shaders\


 Compressing files in E:\r12-c05-package-artifacts\before\


 Compressing files in E:\r12-c05-package-artifacts\before\windows-bundle\


 Compressing files in E:\r12-c05-package-artifacts\before\windows-bundle\data\


 Compressing files in E:\r12-c05-package-artifacts\before\windows-bundle\data\flutter_assets\


 Compressing files in E:\r12-c05-package-artifacts\before\windows-bundle\data\flutter_assets\assets\


 Compressing files in E:\r12-c05-package-artifacts\before\windows-bundle\data\flutter_assets\assets\brand\


 Compressing files in E:\r12-c05-package-artifacts\before\windows-bundle\data\flutter_assets\fonts\


 Compressing files in E:\r12-c05-package-artifacts\before\windows-bundle\data\flutter_assets\packages\


 Compressing files in E:\r12-c05-package-artifacts\before\windows-bundle\data\flutter_assets\packages\country_flags\


 Compressing files in E:\r12-c05-package-artifacts\before\windows-bundle\data\flutter_assets\packages\country_flags\res\


 Compressing files in E:\r12-c05-package-artifacts\before\windows-bundle\data\flutter_assets\packages\country_flags\res\si\


 Compressing files in E:\r12-c05-package-artifacts\before\windows-bundle\data\flutter_assets\packages\pokrov_app_shell\


 Compressing files in E:\r12-c05-package-artifacts\before\windows-bundle\data\flutter_assets\packages\pokrov_app_shell\assets\


 Compressing files in E:\r12-c05-package-artifacts\before\windows-bundle\data\flutter_assets\packages\pokrov_app_shell\assets\brand\


 Compressing files in E:\r12-c05-package-artifacts\before\windows-bundle\data\flutter_assets\packages\pokrov_app_shell\assets\fonts\


 Compressing files in E:\r12-c05-package-artifacts\before\windows-bundle\data\flutter_assets\shaders\


 Compressing files in E:\r12-c05-package-artifacts\module-root-notices\


 Compressing files in E:\r12-c05-package-artifacts\pe-imports\


809 files within 36 directories were compressed.
1 392 290 450 total bytes of data are stored in 825 766 243 bytes.
The compression ratio is 1,7 to 1.
