
 Setting the directory E:\r12-c05-failed-build-20260911\ to compress new files 
 Compressing files in E:\r12-c05-failed-build-20260911\


 Compressing files in E:\r12-c05-failed-build-20260911\.dart_tool\


 Compressing files in E:\r12-c05-failed-build-20260911\.dart_tool\flutter_build\


 Compressing files in E:\r12-c05-failed-build-20260911\.dart_tool\flutter_build\6ed7d225d280aa2904e28b4f66e02e5d\


 Compressing files in E:\r12-c05-failed-build-20260911\.dart_tool\flutter_build\7cd51946ff9c7a726581d2aa908a3275\


 Compressing files in E:\r12-c05-failed-build-20260911\.dart_tool\flutter_build\ae293ab3236e86774b1bf3088b9442c2\


 Compressing files in E:\r12-c05-failed-build-20260911\.dart_tool\flutter_build\ddb18189ed71a70fb228181d5142fd46\


 Compressing files in E:\r12-c05-failed-build-20260911\.dart_tool\flutter_build\f9e3cbf6e550fdb7c437f908b0dd7842\


 Compressing files in E:\r12-c05-failed-build-20260911\build\


 Compressing files in E:\r12-c05-failed-build-20260911\build\native_assets\


 Compressing files in E:\r12-c05-failed-build-20260911\build\native_assets\windows\


 Compressing files in E:\r12-c05-failed-build-20260911\build\windows\


 Compressing files in E:\r12-c05-failed-build-20260911\build\windows\x64\


 Compressing files in E:\r12-c05-failed-build-20260911\build\windows\x64\CMakeFiles\


 Compressing files in E:\r12-c05-failed-build-20260911\build\windows\x64\CMakeFiles\0577a379ed573f30ab76450228aaaf0a\


 Compressing files in E:\r12-c05-failed-build-20260911\build\windows\x64\CMakeFiles\1344c8e877756ece2a58c2b6b2f0db46\


 Compressing files in E:\r12-c05-failed-build-20260911\build\windows\x64\CMakeFiles\3.29.5-msvc4\


 Compressing files in E:\r12-c05-failed-build-20260911\build\windows\x64\CMakeFiles\3.29.5-msvc4\CompilerIdCXX\


 Compressing files in E:\r12-c05-failed-build-20260911\build\windows\x64\CMakeFiles\3.29.5-msvc4\CompilerIdCXX\Debug\


 Compressing files in E:\r12-c05-failed-build-20260911\build\windows\x64\CMakeFiles\3.29.5-msvc4\CompilerIdCXX\Debug\CompilerIdCXX.tlog\


 Compressing files in E:\r12-c05-failed-build-20260911\build\windows\x64\CMakeFiles\3.29.5-msvc4\CompilerIdCXX\tmp\


 Compressing files in E:\r12-c05-failed-build-20260911\build\windows\x64\CMakeFiles\3.29.5-msvc4\VCTargetsPath\


 Compressing files in E:\r12-c05-failed-build-20260911\build\windows\x64\CMakeFiles\3.29.5-msvc4\VCTargetsPath\x64\


 Compressing files in E:\r12-c05-failed-build-20260911\build\windows\x64\CMakeFiles\3.29.5-msvc4\VCTargetsPath\x64\Debug\


 Compressing files in E:\r12-c05-failed-build-20260911\build\windows\x64\CMakeFiles\3.29.5-msvc4\VCTargetsPath\x64\Debug\VCTargetsPath.tlog\


 Compressing files in E:\r12-c05-failed-build-20260911\build\windows\x64\CMakeFiles\3.29.5-msvc4\x64\


 Compressing files in E:\r12-c05-failed-build-20260911\build\windows\x64\CMakeFiles\3.29.5-msvc4\x64\Debug\


 Compressing files in E:\r12-c05-failed-build-20260911\build\windows\x64\CMakeFiles\4e3a67bcec3297520c5911f04a5c909d\


 Compressing files in E:\r12-c05-failed-build-20260911\build\windows\x64\CMakeFiles\5fa8a9fe4f88163070aad2970a9b4429\


 Compressing files in E:\r12-c05-failed-build-20260911\build\windows\x64\CMakeFiles\71d3a8cede320b9ae684bf9e0e9d872c\


 Compressing files in E:\r12-c05-failed-build-20260911\build\windows\x64\CMakeFiles\78505eca076d7611629adcfa0c5de9af\


 Compressing files in E:\r12-c05-failed-build-20260911\build\windows\x64\CMakeFiles\79baeee7333fb0fc05b001ae8c3bad50\


 Compressing files in E:\r12-c05-failed-build-20260911\build\windows\x64\CMakeFiles\7bd78d82c1ecc883e9ffb6f3b6de031d\


 Compressing files in E:\r12-c05-failed-build-20260911\build\windows\x64\CMakeFiles\a6e4ff278b726716fe76b5f9a8e2fd88\


 Compressing files in E:\r12-c05-failed-build-20260911\build\windows\x64\CMakeFiles\c7594576b346deecd8af22da70ae390a\


 Compressing files in E:\r12-c05-failed-build-20260911\build\windows\x64\CMakeFiles\CMakeScratch\


 Compressing files in E:\r12-c05-failed-build-20260911\build\windows\x64\CMakeFiles\f6a6a2b10f789f525eb690b3aa1dc8e8\


 Compressing files in E:\r12-c05-failed-build-20260911\build\windows\x64\CMakeFiles\pkgRedirects\


 Compressing files in E:\r12-c05-failed-build-20260911\build\windows\x64\flutter\


 Compressing files in E:\r12-c05-failed-build-20260911\build\windows\x64\flutter\CMakeFiles\


 Compressing files in E:\r12-c05-failed-build-20260911\build\windows\x64\flutter\flutter_wrapper_app.dir\


 Compressing files in E:\r12-c05-failed-build-20260911\build\windows\x64\flutter\flutter_wrapper_app.dir\Release\


 Compressing files in E:\r12-c05-failed-build-20260911\build\windows\x64\flutter\flutter_wrapper_app.dir\Release\flutter_.6BC7DE69.tlog\


 Compressing files in E:\r12-c05-failed-build-20260911\build\windows\x64\flutter\flutter_wrapper_plugin.dir\


 Compressing files in E:\r12-c05-failed-build-20260911\build\windows\x64\flutter\flutter_wrapper_plugin.dir\Release\


 Compressing files in E:\r12-c05-failed-build-20260911\build\windows\x64\flutter\flutter_wrapper_plugin.dir\Release\flutter_.F87343DE.tlog\


 Compressing files in E:\r12-c05-failed-build-20260911\build\windows\x64\flutter\Release\


 Compressing files in E:\r12-c05-failed-build-20260911\build\windows\x64\flutter\x64\


 Compressing files in E:\r12-c05-failed-build-20260911\build\windows\x64\flutter\x64\Release\


 Compressing files in E:\r12-c05-failed-build-20260911\build\windows\x64\flutter\x64\Release\flutter_assemble\


 Compressing files in E:\r12-c05-failed-build-20260911\build\windows\x64\flutter\x64\Release\flutter_assemble\flutter_assemble.tlog\


 Compressing files in E:\r12-c05-failed-build-20260911\build\windows\x64\plugins\


 Compressing files in E:\r12-c05-failed-build-20260911\build\windows\x64\plugins\file_selector_windows\


 Compressing files in E:\r12-c05-failed-build-20260911\build\windows\x64\plugins\file_selector_windows\CMakeFiles\


 Compressing files in E:\r12-c05-failed-build-20260911\build\windows\x64\plugins\flutter_secure_storage_windows\


 Compressing files in E:\r12-c05-failed-build-20260911\build\windows\x64\plugins\flutter_secure_storage_windows\CMakeFiles\


 Compressing files in E:\r12-c05-failed-build-20260911\build\windows\x64\plugins\screen_retriever_windows\


 Compressing files in E:\r12-c05-failed-build-20260911\build\windows\x64\plugins\screen_retriever_windows\CMakeFiles\


 Compressing files in E:\r12-c05-failed-build-20260911\build\windows\x64\plugins\tray_manager\


 Compressing files in E:\r12-c05-failed-build-20260911\build\windows\x64\plugins\tray_manager\CMakeFiles\


 Compressing files in E:\r12-c05-failed-build-20260911\build\windows\x64\plugins\url_launcher_windows\


 Compressing files in E:\r12-c05-failed-build-20260911\build\windows\x64\plugins\url_launcher_windows\CMakeFiles\


 Compressing files in E:\r12-c05-failed-build-20260911\build\windows\x64\plugins\window_manager\


 Compressing files in E:\r12-c05-failed-build-20260911\build\windows\x64\plugins\window_manager\CMakeFiles\


 Compressing files in E:\r12-c05-failed-build-20260911\build\windows\x64\runner\


 Compressing files in E:\r12-c05-failed-build-20260911\build\windows\x64\runner\CMakeFiles\


 Compressing files in E:\r12-c05-failed-build-20260911\build\windows\x64\runner\pokrov_activation_protocol_test.dir\


 Compressing files in E:\r12-c05-failed-build-20260911\build\windows\x64\runner\pokrov_activation_protocol_test.dir\Release\


 Compressing files in E:\r12-c05-failed-build-20260911\build\windows\x64\runner\pokrov_activation_protocol_test.dir\Release\pokrov_a.1AEB8B00.tlog\


 Compressing files in E:\r12-c05-failed-build-20260911\build\windows\x64\runner\pokrov_runtime_task_runner_test.dir\


 Compressing files in E:\r12-c05-failed-build-20260911\build\windows\x64\runner\pokrov_runtime_task_runner_test.dir\Release\


 Compressing files in E:\r12-c05-failed-build-20260911\build\windows\x64\runner\pokrov_runtime_task_runner_test.dir\Release\pokrov_r.E4B809B7.tlog\


 Compressing files in E:\r12-c05-failed-build-20260911\build\windows\x64\runner\Release\


 Compressing files in E:\r12-c05-failed-build-20260911\build\windows\x64\service\


 Compressing files in E:\r12-c05-failed-build-20260911\build\windows\x64\service\CMakeFiles\


 Compressing files in E:\r12-c05-failed-build-20260911\build\windows\x64\service\pokrov_service.dir\


 Compressing files in E:\r12-c05-failed-build-20260911\build\windows\x64\service\pokrov_service.dir\Release\


 Compressing files in E:\r12-c05-failed-build-20260911\build\windows\x64\service\pokrov_service.dir\Release\pokrov_service.tlog\


 Compressing files in E:\r12-c05-failed-build-20260911\build\windows\x64\service\pokrov_service_cancellation_test.dir\


 Compressing files in E:\r12-c05-failed-build-20260911\build\windows\x64\service\pokrov_service_cancellation_test.dir\Release\


 Compressing files in E:\r12-c05-failed-build-20260911\build\windows\x64\service\pokrov_service_cancellation_test.dir\Release\pokrov_s.DAD723BE.tlog\


 Compressing files in E:\r12-c05-failed-build-20260911\build\windows\x64\service\pokrov_service_client_test.dir\


 Compressing files in E:\r12-c05-failed-build-20260911\build\windows\x64\service\pokrov_service_client_test.dir\Release\


 Compressing files in E:\r12-c05-failed-build-20260911\build\windows\x64\service\pokrov_service_client_test.dir\Release\pokrov_s.A065997C.tlog\


 Compressing files in E:\r12-c05-failed-build-20260911\build\windows\x64\service\pokrov_service_common.dir\


 Compressing files in E:\r12-c05-failed-build-20260911\build\windows\x64\service\pokrov_service_common.dir\Release\


 Compressing files in E:\r12-c05-failed-build-20260911\build\windows\x64\service\pokrov_service_common.dir\Release\pokrov_s.E8276C81.tlog\


 Compressing files in E:\r12-c05-failed-build-20260911\build\windows\x64\service\pokrov_service_egress_probe_test.dir\


 Compressing files in E:\r12-c05-failed-build-20260911\build\windows\x64\service\pokrov_service_egress_probe_test.dir\Release\


 Compressing files in E:\r12-c05-failed-build-20260911\build\windows\x64\service\pokrov_service_egress_probe_test.dir\Release\pokrov_s.4E8DFD72.tlog\


 Compressing files in E:\r12-c05-failed-build-20260911\build\windows\x64\service\pokrov_service_events_test.dir\


 Compressing files in E:\r12-c05-failed-build-20260911\build\windows\x64\service\pokrov_service_events_test.dir\Release\


 Compressing files in E:\r12-c05-failed-build-20260911\build\windows\x64\service\pokrov_service_events_test.dir\Release\pokrov_s.08A88408.tlog\


 Compressing files in E:\r12-c05-failed-build-20260911\build\windows\x64\service\pokrov_service_integration_test.dir\


 Compressing files in E:\r12-c05-failed-build-20260911\build\windows\x64\service\pokrov_service_integration_test.dir\Release\


 Compressing files in E:\r12-c05-failed-build-20260911\build\windows\x64\service\pokrov_service_integration_test.dir\Release\pokrov_s.C933F49E.tlog\


 Compressing files in E:\r12-c05-failed-build-20260911\build\windows\x64\service\pokrov_service_pipe_client_test.dir\


 Compressing files in E:\r12-c05-failed-build-20260911\build\windows\x64\service\pokrov_service_pipe_client_test.dir\Release\


 Compressing files in E:\r12-c05-failed-build-20260911\build\windows\x64\service\pokrov_service_pipe_client_test.dir\Release\pokrov_s.7280F224.tlog\


 Compressing files in E:\r12-c05-failed-build-20260911\build\windows\x64\service\pokrov_service_protocol_test.dir\


 Compressing files in E:\r12-c05-failed-build-20260911\build\windows\x64\service\pokrov_service_protocol_test.dir\Release\


 Compressing files in E:\r12-c05-failed-build-20260911\build\windows\x64\service\pokrov_service_protocol_test.dir\Release\pokrov_s.02374777.tlog\


 Compressing files in E:\r12-c05-failed-build-20260911\build\windows\x64\service\pokrov_service_runtime.dir\


 Compressing files in E:\r12-c05-failed-build-20260911\build\windows\x64\service\pokrov_service_runtime.dir\Release\


 Compressing files in E:\r12-c05-failed-build-20260911\build\windows\x64\service\pokrov_service_runtime.dir\Release\pokrov_s.2A33AB86.tlog\


 Compressing files in E:\r12-c05-failed-build-20260911\build\windows\x64\service\pokrov_service_runtime_test.dir\


 Compressing files in E:\r12-c05-failed-build-20260911\build\windows\x64\service\pokrov_service_runtime_test.dir\Release\


 Compressing files in E:\r12-c05-failed-build-20260911\build\windows\x64\service\pokrov_service_runtime_test.dir\Release\pokrov_s.5A55E5E4.tlog\


 Compressing files in E:\r12-c05-failed-build-20260911\build\windows\x64\service\pokrov_service_security_test.dir\


 Compressing files in E:\r12-c05-failed-build-20260911\build\windows\x64\service\pokrov_service_security_test.dir\Release\


 Compressing files in E:\r12-c05-failed-build-20260911\build\windows\x64\service\pokrov_service_security_test.dir\Release\pokrov_s.26E2B00C.tlog\


 Compressing files in E:\r12-c05-failed-build-20260911\build\windows\x64\service\pokrov_windows_crash_profile_test.dir\


 Compressing files in E:\r12-c05-failed-build-20260911\build\windows\x64\service\pokrov_windows_crash_profile_test.dir\Release\


 Compressing files in E:\r12-c05-failed-build-20260911\build\windows\x64\service\pokrov_windows_crash_profile_test.dir\Release\pokrov_w.0F35240B.tlog\


 Compressing files in E:\r12-c05-failed-build-20260911\build\windows\x64\service\Release\


 Compressing files in E:\r12-c05-failed-build-20260911\build\windows\x64\Testing\


 Compressing files in E:\r12-c05-failed-build-20260911\build\windows\x64\Testing\Temporary\


 Compressing files in E:\r12-c05-failed-build-20260911\build\windows\x64\tests\


 Compressing files in E:\r12-c05-failed-build-20260911\build\windows\x64\tests\Release\


 Compressing files in E:\r12-c05-failed-build-20260911\build\windows\x64\x64\


 Compressing files in E:\r12-c05-failed-build-20260911\build\windows\x64\x64\Release\


 Compressing files in E:\r12-c05-failed-build-20260911\build\windows\x64\x64\Release\ZERO_CHECK\


 Compressing files in E:\r12-c05-failed-build-20260911\build\windows\x64\x64\Release\ZERO_CHECK\ZERO_CHECK.tlog\


696 files within 124 directories were compressed.
13 000 785 total bytes of data are stored in 5 370 007 bytes.
The compression ratio is 2,4 to 1.
