
core test
ok  	github.com/Kiwunaka/POKROV-core/v2/linuxruntime	0.003s

core vet

core build

daemon env
go: downloading go1.25.13 (linux/amd64)
go1.25.13

daemon test
?   	github.com/Kiwunaka/pokrov-app/linux-daemon/cmd/pokrov-linuxd	[no test files]
ok  	github.com/Kiwunaka/pokrov-app/linux-daemon/internal/auth	0.005s
ok  	github.com/Kiwunaka/pokrov-app/linux-daemon/internal/coreprocess	0.021s
ok  	github.com/Kiwunaka/pokrov-app/linux-daemon/internal/host	0.004s
ok  	github.com/Kiwunaka/pokrov-app/linux-daemon/internal/journal	0.005s
ok  	github.com/Kiwunaka/pokrov-app/linux-daemon/internal/networktxn	0.005s
ok  	github.com/Kiwunaka/pokrov-app/linux-daemon/internal/profile	0.230s
ok  	github.com/Kiwunaka/pokrov-app/linux-daemon/internal/protocol	0.004s
ok  	github.com/Kiwunaka/pokrov-app/linux-daemon/internal/server	0.057s
ok  	github.com/Kiwunaka/pokrov-app/linux-daemon/internal/service	0.026s

daemon vet

daemon build
