Client/Core version parity OK: app=1.2.0+4053 public=1.1.6 target_state=PRE_CANDIDATE_LOCAL core_pre_candidate=1.1.0 core_target=1.1.0 desktop_abi=2 core_checkout=PASS
warning: in the working copy of 'apps/macos_shell/macos/Flutter/GeneratedPluginRegistrant.swift', LF will be replaced by CRLF the next time Git touches it
warning: in the working copy of 'apps/windows_shell/windows/flutter/generated_plugin_registrant.cc', LF will be replaced by CRLF the next time Git touches it
warning: in the working copy of 'apps/windows_shell/windows/flutter/generated_plugin_registrant.h', LF will be replaced by CRLF the next time Git touches it
warning: in the working copy of 'apps/windows_shell/windows/flutter/generated_plugins.cmake', LF will be replaced by CRLF the next time Git touches it
>> flutter pub get
Resolving dependencies...
Downloading packages...
  async 2.11.0 (2.13.1 available)
  boolean_selector 2.1.1 (2.1.2 available)
  characters 1.4.0 (1.4.1 available)
  clock 1.1.2 (1.1.3 available)
  cross_file 0.3.5+4 (0.3.5+5 available)
  ffi 2.1.3 (2.2.0 available)
  file_selector_android 0.5.2+6 (0.5.2+10 available)
  file_selector_ios 0.5.3+5 (0.5.3+6 available)
  file_selector_linux 0.9.4 (0.9.4+1 available)
  file_selector_macos 0.9.5 (0.9.5+1 available)
  file_selector_windows 0.9.3+5 (0.9.3+6 available)
  flutter_lints 4.0.0 (6.0.0 available)
  flutter_secure_storage 10.3.1 (11.0.0 available)
  flutter_secure_storage_darwin 0.3.2 (0.4.1 available)
  flutter_secure_storage_linux 3.0.1 (3.0.2 available)
  flutter_secure_storage_platform_interface 2.0.1 (2.0.3 available)
  flutter_secure_storage_windows 4.1.0 (4.2.2 available)
  html 0.15.6 (0.15.7 available)
  jovial_svg 1.1.29 (1.1.30 available)
  lints 4.0.0 (6.1.0 available)
  matcher 0.12.17 (0.12.20 available)
  material_color_utilities 0.11.1 (0.13.1 available)
  meta 1.17.0 (1.19.0 available)
  path_provider 2.1.5 (2.1.6 available)
  path_provider_android 2.2.15 (2.3.1 available)
  path_provider_foundation 2.4.1 (2.6.0 available)
  path_provider_linux 2.2.1 (2.2.2 available)
  path_provider_platform_interface 2.1.2 (2.1.3 available)
  platform 3.1.6 (3.2.0 available)
  screen_retriever 0.2.0 (0.2.2 available)
  screen_retriever_linux 0.2.0 (0.2.2 available)
  screen_retriever_macos 0.2.0 (0.2.2 available)
  screen_retriever_platform_interface 0.2.0 (0.2.2 available)
  screen_retriever_windows 0.2.0 (0.2.2 available)
  source_span 1.10.0 (1.10.2 available)
  stack_trace 1.12.1 (1.12.2 available)
  string_scanner 1.2.0 (1.4.1 available)
  term_glyph 1.2.1 (1.2.2 available)
  test_api 0.7.7 (0.7.14 available)
  tray_manager 0.5.2 (0.5.3 available)
  url_launcher 6.3.1 (6.3.2 available)
  url_launcher_android 6.3.14 (6.3.33 available)
  url_launcher_ios 6.3.3 (6.4.2 available)
  url_launcher_linux 3.2.1 (3.2.3 available)
  url_launcher_macos 3.2.2 (3.2.6 available)
  url_launcher_web 2.3.3 (2.4.3 available)
  url_launcher_windows 3.1.4 (3.1.6 available)
  vector_math 2.2.0 (2.4.2 available)
  video_player 2.11.1 (2.14.0 available)
  video_player_android 2.9.5 (2.12.2 available)
  video_player_avfoundation 2.11.0 (2.12.0 available)
  vm_service 14.2.5 (15.3.0 available)
  win32 5.10.1 (6.4.0 available)
  window_manager 0.5.1 (0.5.2 available)
  xml 6.6.1 (7.0.1 available)
Got dependencies!
55 packages have newer versions incompatible with dependency constraints.
Try `flutter pub outdated` for more information.
>> flutter build windows --release --no-pub --dart-define=POKROV_APP_VERSION=1.2.0+4053 --dart-define=POKROV_BUILD_NUMBER=4053 --dart-define=POKROV_GIT_REVISION=f318265bbac942222cd770baac03b51797113433 --dart-define=POKROV_EMERGENCY_SIGNING_KEY_ID=emg-20260815-v1 --dart-define=POKROV_EMERGENCY_SIGNING_PUBLIC_KEY_B64=770Pe3OXijrq4zlq4NBfF83Hp4HZ-1CpJNwvtCAJcbU --dart-define=POKROV_SUPPORT_SIGNING_KEY_ID=pokrov-support-2026-08 --dart-define=POKROV_SUPPORT_SIGNING_PUBLIC_KEY_B64=sTi6tP7u_vBZq-zf8gR-6ocHjwZiCZSQ-h0-967J8eE
Building Windows application...                                   101,0s
√ Built build\windows\x64\runner\Release\pokrov_windows.exe
>> C:\Users\kiwun\AppData\Local\Programs\Inno Setup 6\ISCC.exe /Qp P:\apps\windows_shell\build\release_bundle\pokrov-windows-x64-1.2.0+4053-setup.exe.iss


PreprocessingWindows bundle ready.
Version: 1.2.0+4053
Release output: P:\apps\windows_shell\build\windows\x64\runner\Release
Staged bundle: P:\apps\windows_shell\build\release_bundle\pokrov-windows-x64-1.2.0+4053
Installer: P:\apps\windows_shell\build\release_bundle\pokrov-windows-x64-1.2.0+4053-setup.exe
Manifest: P:\apps\windows_shell\build\release_bundle\pokrov-windows-x64-1.2.0+4053.manifest.json
