=== RUN   TestStartStopReleasesServiceObservers
[37mDEBUG[0m[0000] POKROV CORE libbox.Setup success C:\Users\kiwun\AppData\Local\Temp\TestStartStopReleasesServiceObservers1411659874\001 C:\Users\kiwun\AppData\Local\Temp\TestStartStopReleasesServiceObservers1411659874\001 C:\Users\kiwun\AppData\Local\Temp\TestStartStopReleasesServiceObservers1411659874\001 true
[37mDEBUG[0m[0000] POKROV CORE StartGrpcServerByMode  0
[37mDEBUG[0m[0000] POKROV CORE stored POKROV settings unavailable
[37mDEBUG[0m[0000] [Service] Restarting
==================
WARNING: DATA RACE
Write at 0x00c00014a578 by goroutine 126:
  github.com/sagernet/sing-box/common/monitoring.(*OutboundMonitoring).stopTimerWorkers()
      C:/r12corec02/engine/sing-box/common/monitoring/outbound_monitoring.go:341 +0xa8
  github.com/sagernet/sing-box/common/monitoring.(*OutboundMonitoring).Close.func1()
      C:/r12corec02/engine/sing-box/common/monitoring/outbound_monitoring.go:446 +0x39
  sync.(*Once).doSlow()
      C:/Users/kiwun/go/pkg/mod/golang.org/toolchain@v0.0.1-go1.26.8.windows-amd64/src/sync/once.go:78 +0xa1
  github.com/sagernet/sing-box/adapter.LifecycleService.Close-fm()
      <autogenerated>:1 +0x39
  github.com/sagernet/sing-box.(*Box).closeWithTimeout.func2()
      C:/r12corec02/engine/sing-box/box.go:577 +0x33

Previous read at 0x00c00014a578 by goroutine 106:
  github.com/sagernet/sing-box/common/monitoring.(*OutboundMonitoring).scheduleLoop()
      C:/r12corec02/engine/sing-box/common/monitoring/outbound_monitoring.go:466 +0xcc
  github.com/sagernet/sing-box/common/monitoring.(*OutboundMonitoring).startTimerWorkers.gowrap1()
      C:/r12corec02/engine/sing-box/common/monitoring/outbound_monitoring.go:334 +0x2e

Goroutine 126 (running) created at:
  github.com/sagernet/sing-box.(*Box).closeWithTimeout()
      C:/r12corec02/engine/sing-box/box.go:576 +0x33c
  github.com/sagernet/sing-box.(*Box).Close()
      C:/r12corec02/engine/sing-box/box.go:553 +0x6ad
  github.com/sagernet/sing-box/daemon.(*Instance).Close()
      C:/r12corec02/engine/sing-box/daemon/instance.go:126 +0x7a
  github.com/sagernet/sing-box/daemon.(*StartedService).Close()
      C:/r12corec02/engine/sing-box/daemon/started_service.go:280 +0x144
  github.com/Kiwunaka/POKROV-core/v2/hcore.Stop()
      C:/r12corec02/v2/hcore/stop.go:44 +0x344
  github.com/Kiwunaka/POKROV-core/v2/hcore.Restart()
      C:/r12corec02/v2/hcore/restart.go:28 +0x190
  github.com/Kiwunaka/POKROV-core/v2/hcore.TestStartStopReleasesServiceObservers.func6()
      C:/r12corec02/v2/hcore/lifecycle_test.go:108 +0x131
  github.com/Kiwunaka/POKROV-core/v2/db.(*Table[go.shape.struct { Id string; Value interface {} }]).UpdateInsert()
      C:/r12corec02/v2/db/database.go:183 +0x3d1
  github.com/Kiwunaka/POKROV-core/v2/db.(*Table[go.shape.struct { Id string; Value interface {} }]).UpdateInsert()
      C:/r12corec02/v2/db/database.go:183 +0x3d1
  fmt.Sscanf()
      C:/Users/kiwun/go/pkg/mod/golang.org/toolchain@v0.0.1-go1.26.8.windows-amd64/src/fmt/scan.go:114 +0x184
  github.com/syndtr/goleveldb/leveldb/storage.fsParseName()
      C:/Users/kiwun/go/pkg/mod/github.com/syndtr/goleveldb@v1.0.1-0.20200815110645-5c35d600f0ca/leveldb/storage/file_storage.go:643 +0x91
  github.com/syndtr/goleveldb/leveldb/storage.(*fileStorage).List()
      C:/Users/kiwun/go/pkg/mod/github.com/syndtr/goleveldb@v1.0.1-0.20200815110645-5c35d600f0ca/leveldb/storage/file_storage.go:458 +0x4ea
  fmt.Fscanf()
      C:/Users/kiwun/go/pkg/mod/golang.org/toolchain@v0.0.1-go1.26.8.windows-amd64/src/fmt/scan.go:143 +0xe4
  fmt.Sscanf()
      C:/Users/kiwun/go/pkg/mod/golang.org/toolchain@v0.0.1-go1.26.8.windows-amd64/src/fmt/scan.go:114 +0x184
  github.com/syndtr/goleveldb/leveldb/storage.fsParseName()
      C:/Users/kiwun/go/pkg/mod/github.com/syndtr/goleveldb@v1.0.1-0.20200815110645-5c35d600f0ca/leveldb/storage/file_storage.go:643 +0x91
  github.com/syndtr/goleveldb/leveldb/storage.(*fileStorage).List()
      C:/Users/kiwun/go/pkg/mod/github.com/syndtr/goleveldb@v1.0.1-0.20200815110645-5c35d600f0ca/leveldb/storage/file_storage.go:458 +0x4ea
  fmt.Fscanf()
      C:/Users/kiwun/go/pkg/mod/golang.org/toolchain@v0.0.1-go1.26.8.windows-amd64/src/fmt/scan.go:143 +0xe4
  fmt.Sscanf()
      C:/Users/kiwun/go/pkg/mod/golang.org/toolchain@v0.0.1-go1.26.8.windows-amd64/src/fmt/scan.go:114 +0x184
  github.com/syndtr/goleveldb/leveldb/storage.fsParseName()
      C:/Users/kiwun/go/pkg/mod/github.com/syndtr/goleveldb@v1.0.1-0.20200815110645-5c35d600f0ca/leveldb/storage/file_storage.go:643 +0x91
  github.com/syndtr/goleveldb/leveldb/storage.(*fileStorage).List()
      C:/Users/kiwun/go/pkg/mod/github.com/syndtr/goleveldb@v1.0.1-0.20200815110645-5c35d600f0ca/leveldb/storage/file_storage.go:458 +0x4ea
  fmt.Fscanf()
      C:/Users/kiwun/go/pkg/mod/golang.org/toolchain@v0.0.1-go1.26.8.windows-amd64/src/fmt/scan.go:143 +0xe4
  fmt.Sscanf()
      C:/Users/kiwun/go/pkg/mod/golang.org/toolchain@v0.0.1-go1.26.8.windows-amd64/src/fmt/scan.go:114 +0x184
  github.com/syndtr/goleveldb/leveldb/storage.fsParseName()
      C:/Users/kiwun/go/pkg/mod/github.com/syndtr/goleveldb@v1.0.1-0.20200815110645-5c35d600f0ca/leveldb/storage/file_storage.go:643 +0x91
  github.com/syndtr/goleveldb/leveldb/storage.(*fileStorage).List()
      C:/Users/kiwun/go/pkg/mod/github.com/syndtr/goleveldb@v1.0.1-0.20200815110645-5c35d600f0ca/leveldb/storage/file_storage.go:458 +0x4ea
  github.com/syndtr/goleveldb/leveldb.(*DB).checkAndCleanFiles()
      C:/Users/kiwun/go/pkg/mod/github.com/syndtr/goleveldb@v1.0.1-0.20200815110645-5c35d600f0ca/leveldb/db_util.go:52 +0x36e
  github.com/syndtr/goleveldb/leveldb.openDB()
      C:/Users/kiwun/go/pkg/mod/github.com/syndtr/goleveldb@v1.0.1-0.20200815110645-5c35d600f0ca/leveldb/db.go:136 +0x844
  github.com/syndtr/goleveldb/leveldb.(*DB).recoverJournal()
      C:/Users/kiwun/go/pkg/mod/github.com/syndtr/goleveldb@v1.0.1-0.20200815110645-5c35d600f0ca/leveldb/db.go:560 +0x1235
  fmt.Sscanf()
      C:/Users/kiwun/go/pkg/mod/golang.org/toolchain@v0.0.1-go1.26.8.windows-amd64/src/fmt/scan.go:114 +0x26b
  github.com/syndtr/goleveldb/leveldb/storage.fsParseName()
      C:/Users/kiwun/go/pkg/mod/github.com/syndtr/goleveldb@v1.0.1-0.20200815110645-5c35d600f0ca/leveldb/storage/file_storage.go:657 +0x18e
  fmt.(*ss).doScanf()
      C:/Users/kiwun/go/pkg/mod/golang.org/toolchain@v0.0.1-go1.26.8.windows-amd64/src/fmt/scan.go:1230 +0x44e
  fmt.Fscanf()
      C:/Users/kiwun/go/pkg/mod/golang.org/toolchain@v0.0.1-go1.26.8.windows-amd64/src/fmt/scan.go:143 +0xe4
  fmt.Sscanf()
      C:/Users/kiwun/go/pkg/mod/golang.org/toolchain@v0.0.1-go1.26.8.windows-amd64/src/fmt/scan.go:114 +0x184
  github.com/syndtr/goleveldb/leveldb/storage.fsParseName()
      C:/Users/kiwun/go/pkg/mod/github.com/syndtr/goleveldb@v1.0.1-0.20200815110645-5c35d600f0ca/leveldb/storage/file_storage.go:643 +0x91
  github.com/syndtr/goleveldb/leveldb/storage.(*fileStorage).List()
      C:/Users/kiwun/go/pkg/mod/github.com/syndtr/goleveldb@v1.0.1-0.20200815110645-5c35d600f0ca/leveldb/storage/file_storage.go:458 +0x4ea
  fmt.Fscanf()
      C:/Users/kiwun/go/pkg/mod/golang.org/toolchain@v0.0.1-go1.26.8.windows-amd64/src/fmt/scan.go:143 +0xe4
  fmt.Sscanf()
      C:/Users/kiwun/go/pkg/mod/golang.org/toolchain@v0.0.1-go1.26.8.windows-amd64/src/fmt/scan.go:114 +0x184
  github.com/syndtr/goleveldb/leveldb/storage.fsParseName()
      C:/Users/kiwun/go/pkg/mod/github.com/syndtr/goleveldb@v1.0.1-0.20200815110645-5c35d600f0ca/leveldb/storage/file_storage.go:643 +0x91
  github.com/syndtr/goleveldb/leveldb/storage.(*fileStorage).List()
      C:/Users/kiwun/go/pkg/mod/github.com/syndtr/goleveldb@v1.0.1-0.20200815110645-5c35d600f0ca/leveldb/storage/file_storage.go:458 +0x4ea
  fmt.Fscanf()
      C:/Users/kiwun/go/pkg/mod/golang.org/toolchain@v0.0.1-go1.26.8.windows-amd64/src/fmt/scan.go:143 +0xe4
  fmt.Sscanf()
      C:/Users/kiwun/go/pkg/mod/golang.org/toolchain@v0.0.1-go1.26.8.windows-amd64/src/fmt/scan.go:114 +0x184
  github.com/syndtr/goleveldb/leveldb/storage.fsParseName()
      C:/Users/kiwun/go/pkg/mod/github.com/syndtr/goleveldb@v1.0.1-0.20200815110645-5c35d600f0ca/leveldb/storage/file_storage.go:643 +0x91
  github.com/syndtr/goleveldb/leveldb/storage.(*fileStorage).List()
      C:/Users/kiwun/go/pkg/mod/github.com/syndtr/goleveldb@v1.0.1-0.20200815110645-5c35d600f0ca/leveldb/storage/file_storage.go:458 +0x4ea
  fmt.Fscanf()
      C:/Users/kiwun/go/pkg/mod/golang.org/toolchain@v0.0.1-go1.26.8.windows-amd64/src/fmt/scan.go:143 +0xe4
  fmt.Sscanf()
      C:/Users/kiwun/go/pkg/mod/golang.org/toolchain@v0.0.1-go1.26.8.windows-amd64/src/fmt/scan.go:114 +0x184
  github.com/syndtr/goleveldb/leveldb/storage.fsParseName()
      C:/Users/kiwun/go/pkg/mod/github.com/syndtr/goleveldb@v1.0.1-0.20200815110645-5c35d600f0ca/leveldb/storage/file_storage.go:643 +0x91
  github.com/syndtr/goleveldb/leveldb/storage.(*fileStorage).List()
      C:/Users/kiwun/go/pkg/mod/github.com/syndtr/goleveldb@v1.0.1-0.20200815110645-5c35d600f0ca/leveldb/storage/file_storage.go:458 +0x4ea
  github.com/syndtr/goleveldb/leveldb.(*DB).recoverJournal()
      C:/Users/kiwun/go/pkg/mod/github.com/syndtr/goleveldb@v1.0.1-0.20200815110645-5c35d600f0ca/leveldb/db.go:482 +0xa1
  github.com/syndtr/goleveldb/leveldb.openDB()
      C:/Users/kiwun/go/pkg/mod/github.com/syndtr/goleveldb@v1.0.1-0.20200815110645-5c35d600f0ca/leveldb/db.go:131 +0x82d
  github.com/syndtr/goleveldb/leveldb.Open()
      C:/Users/kiwun/go/pkg/mod/github.com/syndtr/goleveldb@v1.0.1-0.20200815110645-5c35d600f0ca/leveldb/db.go:203 +0x35c
  github.com/syndtr/goleveldb/leveldb.(*session).recover()
      C:/Users/kiwun/go/pkg/mod/github.com/syndtr/goleveldb@v1.0.1-0.20200815110645-5c35d600f0ca/leveldb/session.go:161 +0x87d
  fmt.(*ss).doScanf()
      C:/Users/kiwun/go/pkg/mod/golang.org/toolchain@v0.0.1-go1.26.8.windows-amd64/src/fmt/scan.go:1230 +0x44e
  fmt.Fscanf()
      C:/Users/kiwun/go/pkg/mod/golang.org/toolchain@v0.0.1-go1.26.8.windows-amd64/src/fmt/scan.go:143 +0xe4
  fmt.Sscanf()
      C:/Users/kiwun/go/pkg/mod/golang.org/toolchain@v0.0.1-go1.26.8.windows-amd64/src/fmt/scan.go:114 +0x184
  github.com/syndtr/goleveldb/leveldb/storage.fsParseName()
      C:/Users/kiwun/go/pkg/mod/github.com/syndtr/goleveldb@v1.0.1-0.20200815110645-5c35d600f0ca/leveldb/storage/file_storage.go:643 +0x91
  github.com/syndtr/goleveldb/leveldb/storage.fsParseNamePtr()
      C:/Users/kiwun/go/pkg/mod/github.com/syndtr/goleveldb@v1.0.1-0.20200815110645-5c35d600f0ca/leveldb/storage/file_storage.go:666 +0x189
  github.com/syndtr/goleveldb/leveldb/storage.(*fileStorage).GetMeta.func1()
      C:/Users/kiwun/go/pkg/mod/github.com/syndtr/goleveldb@v1.0.1-0.20200815110645-5c35d600f0ca/leveldb/storage/file_storage.go:332 +0x121
  github.com/syndtr/goleveldb/leveldb/storage.(*fileStorage).GetMeta.func2()
      C:/Users/kiwun/go/pkg/mod/github.com/syndtr/goleveldb@v1.0.1-0.20200815110645-5c35d600f0ca/leveldb/storage/file_storage.go:356 +0xd7e
  github.com/syndtr/goleveldb/leveldb/storage.(*fileStorage).GetMeta()
      C:/Users/kiwun/go/pkg/mod/github.com/syndtr/goleveldb@v1.0.1-0.20200815110645-5c35d600f0ca/leveldb/storage/file_storage.go:407 +0x914
  github.com/syndtr/goleveldb/leveldb.(*session).recover()
      C:/Users/kiwun/go/pkg/mod/github.com/syndtr/goleveldb@v1.0.1-0.20200815110645-5c35d600f0ca/leveldb/session.go:140 +0x119
  github.com/syndtr/goleveldb/leveldb.Open()
      C:/Users/kiwun/go/pkg/mod/github.com/syndtr/goleveldb@v1.0.1-0.20200815110645-5c35d600f0ca/leveldb/db.go:189 +0x113
  github.com/syndtr/goleveldb/leveldb.OpenFile()
      C:/Users/kiwun/go/pkg/mod/github.com/syndtr/goleveldb@v1.0.1-0.20200815110645-5c35d600f0ca/leveldb/db.go:225 +0x7d
  github.com/tendermint/tm-db.NewGoLevelDBWithOpts()
      C:/Users/kiwun/go/pkg/mod/github.com/tendermint/tm-db@v0.6.7/goleveldb.go:32 +0xfd
  github.com/Kiwunaka/POKROV-core/v2/db.getDB()
      C:/r12corec02/v2/db/database.go:37 +0x34e
  github.com/Kiwunaka/POKROV-core/v2/db.(*Table[go.shape.struct { Id string; Value interface {} }]).UpdateInsert()
      C:/r12corec02/v2/db/database.go:171 +0x7a
  github.com/Kiwunaka/POKROV-core/v2/hcore.saveLastStartRequest()
      C:/r12corec02/v2/hcore/start.go:38 +0x2d3
  github.com/Kiwunaka/POKROV-core/v2/hcore.StartService()
      C:/r12corec02/v2/hcore/start.go:124 +0x61d
  github.com/Kiwunaka/POKROV-core/v2/hcore.Start()
      C:/r12corec02/v2/hcore/start.go:26 +0x8a
  github.com/Kiwunaka/POKROV-core/v2/hcore.TestStartStopReleasesServiceObservers.func6()
      C:/r12corec02/v2/hcore/lifecycle_test.go:103 +0x7d
  github.com/Kiwunaka/POKROV-core/v2/hcore.TestStartStopReleasesServiceObservers()
      C:/r12corec02/v2/hcore/lifecycle_test.go:122 +0xa6c
  fmt.Sscanf()
      C:/Users/kiwun/go/pkg/mod/golang.org/toolchain@v0.0.1-go1.26.8.windows-amd64/src/fmt/scan.go:114 +0x184
  github.com/syndtr/goleveldb/leveldb/storage.fsParseName()
      C:/Users/kiwun/go/pkg/mod/github.com/syndtr/goleveldb@v1.0.1-0.20200815110645-5c35d600f0ca/leveldb/storage/file_storage.go:643 +0x91
  github.com/syndtr/goleveldb/leveldb/storage.(*fileStorage).List()
      C:/Users/kiwun/go/pkg/mod/github.com/syndtr/goleveldb@v1.0.1-0.20200815110645-5c35d600f0ca/leveldb/storage/file_storage.go:458 +0x4ea
  fmt.Fscanf()
      C:/Users/kiwun/go/pkg/mod/golang.org/toolchain@v0.0.1-go1.26.8.windows-amd64/src/fmt/scan.go:143 +0xe4
  fmt.Sscanf()
      C:/Users/kiwun/go/pkg/mod/golang.org/toolchain@v0.0.1-go1.26.8.windows-amd64/src/fmt/scan.go:114 +0x184
  github.com/syndtr/goleveldb/leveldb/storage.fsParseName()
      C:/Users/kiwun/go/pkg/mod/github.com/syndtr/goleveldb@v1.0.1-0.20200815110645-5c35d600f0ca/leveldb/storage/file_storage.go:643 +0x91
  github.com/syndtr/goleveldb/leveldb/storage.(*fileStorage).List()
      C:/Users/kiwun/go/pkg/mod/github.com/syndtr/goleveldb@v1.0.1-0.20200815110645-5c35d600f0ca/leveldb/storage/file_storage.go:458 +0x4ea
  fmt.Fscanf()
      C:/Users/kiwun/go/pkg/mod/golang.org/toolchain@v0.0.1-go1.26.8.windows-amd64/src/fmt/scan.go:143 +0xe4
  fmt.Sscanf()
      C:/Users/kiwun/go/pkg/mod/golang.org/toolchain@v0.0.1-go1.26.8.windows-amd64/src/fmt/scan.go:114 +0x184
  github.com/syndtr/goleveldb/leveldb/storage.fsParseName()
      C:/Users/kiwun/go/pkg/mod/github.com/syndtr/goleveldb@v1.0.1-0.20200815110645-5c35d600f0ca/leveldb/storage/file_storage.go:643 +0x91
  github.com/syndtr/goleveldb/leveldb/storage.(*fileStorage).List()
      C:/Users/kiwun/go/pkg/mod/github.com/syndtr/goleveldb@v1.0.1-0.20200815110645-5c35d600f0ca/leveldb/storage/file_storage.go:458 +0x4ea
  github.com/syndtr/goleveldb/leveldb.(*DB).checkAndCleanFiles()
      C:/Users/kiwun/go/pkg/mod/github.com/syndtr/goleveldb@v1.0.1-0.20200815110645-5c35d600f0ca/leveldb/db_util.go:52 +0x36e
  github.com/syndtr/goleveldb/leveldb.openDB()
      C:/Users/kiwun/go/pkg/mod/github.com/syndtr/goleveldb@v1.0.1-0.20200815110645-5c35d600f0ca/leveldb/db.go:136 +0x844
  fmt.Sscanf()
      C:/Users/kiwun/go/pkg/mod/golang.org/toolchain@v0.0.1-go1.26.8.windows-amd64/src/fmt/scan.go:114 +0x26b
  github.com/syndtr/goleveldb/leveldb/storage.fsParseName()
      C:/Users/kiwun/go/pkg/mod/github.com/syndtr/goleveldb@v1.0.1-0.20200815110645-5c35d600f0ca/leveldb/storage/file_storage.go:657 +0x18e
  fmt.(*ss).doScanf()
      C:/Users/kiwun/go/pkg/mod/golang.org/toolchain@v0.0.1-go1.26.8.windows-amd64/src/fmt/scan.go:1230 +0x44e
  fmt.Fscanf()
      C:/Users/kiwun/go/pkg/mod/golang.org/toolchain@v0.0.1-go1.26.8.windows-amd64/src/fmt/scan.go:143 +0xe4
  fmt.Sscanf()
      C:/Users/kiwun/go/pkg/mod/golang.org/toolchain@v0.0.1-go1.26.8.windows-amd64/src/fmt/scan.go:114 +0x184
  github.com/syndtr/goleveldb/leveldb/storage.fsParseName()
      C:/Users/kiwun/go/pkg/mod/github.com/syndtr/goleveldb@v1.0.1-0.20200815110645-5c35d600f0ca/leveldb/storage/file_storage.go:643 +0x91
  github.com/syndtr/goleveldb/leveldb/storage.(*fileStorage).List()
      C:/Users/kiwun/go/pkg/mod/github.com/syndtr/goleveldb@v1.0.1-0.20200815110645-5c35d600f0ca/leveldb/storage/file_storage.go:458 +0x4ea
  fmt.Fscanf()
      C:/Users/kiwun/go/pkg/mod/golang.org/toolchain@v0.0.1-go1.26.8.windows-amd64/src/fmt/scan.go:143 +0xe4
  fmt.Sscanf()
      C:/Users/kiwun/go/pkg/mod/golang.org/toolchain@v0.0.1-go1.26.8.windows-amd64/src/fmt/scan.go:114 +0x184
  github.com/syndtr/goleveldb/leveldb/storage.fsParseName()
      C:/Users/kiwun/go/pkg/mod/github.com/syndtr/goleveldb@v1.0.1-0.20200815110645-5c35d600f0ca/leveldb/storage/file_storage.go:643 +0x91
  github.com/syndtr/goleveldb/leveldb/storage.(*fileStorage).List()
      C:/Users/kiwun/go/pkg/mod/github.com/syndtr/goleveldb@v1.0.1-0.20200815110645-5c35d600f0ca/leveldb/storage/file_storage.go:458 +0x4ea
  fmt.Fscanf()
      C:/Users/kiwun/go/pkg/mod/golang.org/toolchain@v0.0.1-go1.26.8.windows-amd64/src/fmt/scan.go:143 +0xe4
  fmt.Sscanf()
      C:/Users/kiwun/go/pkg/mod/golang.org/toolchain@v0.0.1-go1.26.8.windows-amd64/src/fmt/scan.go:114 +0x184
  github.com/syndtr/goleveldb/leveldb/storage.fsParseName()
      C:/Users/kiwun/go/pkg/mod/github.com/syndtr/goleveldb@v1.0.1-0.20200815110645-5c35d600f0ca/leveldb/storage/file_storage.go:643 +0x91
  github.com/syndtr/goleveldb/leveldb/storage.(*fileStorage).List()
      C:/Users/kiwun/go/pkg/mod/github.com/syndtr/goleveldb@v1.0.1-0.20200815110645-5c35d600f0ca/leveldb/storage/file_storage.go:458 +0x4ea
  fmt.Fscanf()
      C:/Users/kiwun/go/pkg/mod/golang.org/toolchain@v0.0.1-go1.26.8.windows-amd64/src/fmt/scan.go:143 +0xe4
  fmt.Sscanf()
      C:/Users/kiwun/go/pkg/mod/golang.org/toolchain@v0.0.1-go1.26.8.windows-amd64/src/fmt/scan.go:114 +0x184
  github.com/syndtr/goleveldb/leveldb/storage.fsParseName()
      C:/Users/kiwun/go/pkg/mod/github.com/syndtr/goleveldb@v1.0.1-0.20200815110645-5c35d600f0ca/leveldb/storage/file_storage.go:643 +0x91
  github.com/syndtr/goleveldb/leveldb/storage.(*fileStorage).List()
      C:/Users/kiwun/go/pkg/mod/github.com/syndtr/goleveldb@v1.0.1-0.20200815110645-5c35d600f0ca/leveldb/storage/file_storage.go:458 +0x4ea
  github.com/syndtr/goleveldb/leveldb.(*DB).recoverJournal()
      C:/Users/kiwun/go/pkg/mod/github.com/syndtr/goleveldb@v1.0.1-0.20200815110645-5c35d600f0ca/leveldb/db.go:482 +0xa1
  github.com/syndtr/goleveldb/leveldb.openDB()
      C:/Users/kiwun/go/pkg/mod/github.com/syndtr/goleveldb@v1.0.1-0.20200815110645-5c35d600f0ca/leveldb/db.go:131 +0x82d
  github.com/syndtr/goleveldb/leveldb.Open()
      C:/Users/kiwun/go/pkg/mod/github.com/syndtr/goleveldb@v1.0.1-0.20200815110645-5c35d600f0ca/leveldb/db.go:203 +0x35c
  github.com/syndtr/goleveldb/leveldb.(*session).create()
      C:/Users/kiwun/go/pkg/mod/github.com/syndtr/goleveldb@v1.0.1-0.20200815110645-5c35d600f0ca/leveldb/session.go:125 +0x294
  github.com/syndtr/goleveldb/leveldb.Open()
      C:/Users/kiwun/go/pkg/mod/github.com/syndtr/goleveldb@v1.0.1-0.20200815110645-5c35d600f0ca/leveldb/db.go:194 +0x295
  fmt.Fscanf()
      C:/Users/kiwun/go/pkg/mod/golang.org/toolchain@v0.0.1-go1.26.8.windows-amd64/src/fmt/scan.go:143 +0xe4
  fmt.Sscanf()
      C:/Users/kiwun/go/pkg/mod/golang.org/toolchain@v0.0.1-go1.26.8.windows-amd64/src/fmt/scan.go:114 +0x184
  github.com/syndtr/goleveldb/leveldb/storage.fsParseName()
      C:/Users/kiwun/go/pkg/mod/github.com/syndtr/goleveldb@v1.0.1-0.20200815110645-5c35d600f0ca/leveldb/storage/file_storage.go:643 +0x91
  github.com/syndtr/goleveldb/leveldb/storage.(*fileStorage).List()
      C:/Users/kiwun/go/pkg/mod/github.com/syndtr/goleveldb@v1.0.1-0.20200815110645-5c35d600f0ca/leveldb/storage/file_storage.go:458 +0x4ea
  github.com/syndtr/goleveldb/leveldb.(*session).recover.func1()
      C:/Users/kiwun/go/pkg/mod/github.com/syndtr/goleveldb@v1.0.1-0.20200815110645-5c35d600f0ca/leveldb/session.go:134 +0xbb
  runtime.deferreturn()
      C:/Users/kiwun/go/pkg/mod/golang.org/toolchain@v0.0.1-go1.26.8.windows-amd64/src/runtime/panic.go:668 +0x5d
  github.com/syndtr/goleveldb/leveldb.Open()
      C:/Users/kiwun/go/pkg/mod/github.com/syndtr/goleveldb@v1.0.1-0.20200815110645-5c35d600f0ca/leveldb/db.go:189 +0x113
  github.com/syndtr/goleveldb/leveldb.OpenFile()
      C:/Users/kiwun/go/pkg/mod/github.com/syndtr/goleveldb@v1.0.1-0.20200815110645-5c35d600f0ca/leveldb/db.go:225 +0x7d
  github.com/tendermint/tm-db.NewGoLevelDBWithOpts()
      C:/Users/kiwun/go/pkg/mod/github.com/tendermint/tm-db@v0.6.7/goleveldb.go:32 +0xfd
  github.com/Kiwunaka/POKROV-core/v2/db.getDB()
      C:/r12corec02/v2/db/database.go:37 +0x34e
  github.com/Kiwunaka/POKROV-core/v2/db.(*Table[go.shape.struct { Id string; Value interface {} }]).Get()
      C:/r12corec02/v2/db/database.go:208 +0x86
  github.com/Kiwunaka/POKROV-core/v2/hcore.Setup()
      C:/r12corec02/v2/hcore/grpc_server.go:125 +0x10c4
  github.com/Kiwunaka/POKROV-core/v2/hcore.TestStartStopReleasesServiceObservers()
      C:/r12corec02/v2/hcore/lifecycle_test.go:37 +0x414
  testing.tRunner()
      C:/Users/kiwun/go/pkg/mod/golang.org/toolchain@v0.0.1-go1.26.8.windows-amd64/src/testing/testing.go:2036 +0x1ca
  testing.(*T).Run.gowrap1()
      C:/Users/kiwun/go/pkg/mod/golang.org/toolchain@v0.0.1-go1.26.8.windows-amd64/src/testing/testing.go:2101 +0x38

Goroutine 106 (finished) created at:
  github.com/sagernet/sing-box/common/monitoring.(*OutboundMonitoring).startTimerWorkers()
      C:/r12corec02/engine/sing-box/common/monitoring/outbound_monitoring.go:334 +0x1ed
  github.com/sagernet/sing-box/common/monitoring.(*OutboundMonitoring).Touch()
      C:/r12corec02/engine/sing-box/common/monitoring/outbound_monitoring.go:850 +0x1a7
  github.com/sagernet/sing-box/common/monitoring.(*OutboundMonitoring).Start()
      C:/r12corec02/engine/sing-box/common/monitoring/outbound_monitoring.go:320 +0x19ce
  github.com/sagernet/sing-box/adapter.StartNamed()
      C:/r12corec02/engine/sing-box/adapter/lifecycle.go:95 +0x26e
  github.com/sagernet/sing-box.(*Box).start()
      C:/r12corec02/engine/sing-box/box.go:509 +0x5f8
  github.com/sagernet/sing-box.(*Box).Start()
      C:/r12corec02/engine/sing-box/box.go:451 +0x44
  github.com/sagernet/sing-box/daemon.(*Instance).Start()
      C:/r12corec02/engine/sing-box/daemon/instance.go:120 +0xafb
  github.com/sagernet/sing-box/daemon.(*StartedService).startOrReloadServiceImp()
      C:/r12corec02/engine/sing-box/daemon/started_service.go:226 +0xae5
  github.com/sagernet/sing-box/daemon.(*StartedService).StartOrReloadServiceOptions()
      C:/r12corec02/engine/sing-box/daemon/started_service.go:178 +0x264
  github.com/Kiwunaka/POKROV-core/v2/hcore.NewService()
      C:/r12corec02/v2/hcore/service.go:43 +0x20d
  github.com/Kiwunaka/POKROV-core/v2/hcore.StartService()
      C:/r12corec02/v2/hcore/start.go:142 +0xa44
  github.com/Kiwunaka/POKROV-core/v2/db.(*Table[go.shape.struct { Id string; Value interface {} }]).UpdateInsert()
      C:/r12corec02/v2/db/database.go:183 +0x3d1
  github.com/Kiwunaka/POKROV-core/v2/db.(*Table[go.shape.struct { Id string; Value interface {} }]).UpdateInsert()
      C:/r12corec02/v2/db/database.go:183 +0x3d1
  github.com/Kiwunaka/POKROV-core/v2/db.(*Table[go.shape.struct { Id string; Value interface {} }]).UpdateInsert()
      C:/r12corec02/v2/db/database.go:183 +0x3d1
  fmt.Sscanf()
      C:/Users/kiwun/go/pkg/mod/golang.org/toolchain@v0.0.1-go1.26.8.windows-amd64/src/fmt/scan.go:114 +0x184
  github.com/syndtr/goleveldb/leveldb/storage.fsParseName()
      C:/Users/kiwun/go/pkg/mod/github.com/syndtr/goleveldb@v1.0.1-0.20200815110645-5c35d600f0ca/leveldb/storage/file_storage.go:643 +0x91
  github.com/syndtr/goleveldb/leveldb/storage.(*fileStorage).List()
      C:/Users/kiwun/go/pkg/mod/github.com/syndtr/goleveldb@v1.0.1-0.20200815110645-5c35d600f0ca/leveldb/storage/file_storage.go:458 +0x4ea
  fmt.Fscanf()
      C:/Users/kiwun/go/pkg/mod/golang.org/toolchain@v0.0.1-go1.26.8.windows-amd64/src/fmt/scan.go:143 +0xe4
  fmt.Sscanf()
      C:/Users/kiwun/go/pkg/mod/golang.org/toolchain@v0.0.1-go1.26.8.windows-amd64/src/fmt/scan.go:114 +0x184
  github.com/syndtr/goleveldb/leveldb/storage.fsParseName()
      C:/Users/kiwun/go/pkg/mod/github.com/syndtr/goleveldb@v1.0.1-0.20200815110645-5c35d600f0ca/leveldb/storage/file_storage.go:643 +0x91
  github.com/syndtr/goleveldb/leveldb/storage.(*fileStorage).List()
      C:/Users/kiwun/go/pkg/mod/github.com/syndtr/goleveldb@v1.0.1-0.20200815110645-5c35d600f0ca/leveldb/storage/file_storage.go:458 +0x4ea
  fmt.Fscanf()
      C:/Users/kiwun/go/pkg/mod/golang.org/toolchain@v0.0.1-go1.26.8.windows-amd64/src/fmt/scan.go:143 +0xe4
  fmt.Sscanf()
      C:/Users/kiwun/go/pkg/mod/golang.org/toolchain@v0.0.1-go1.26.8.windows-amd64/src/fmt/scan.go:114 +0x184
  github.com/syndtr/goleveldb/leveldb/storage.fsParseName()
      C:/Users/kiwun/go/pkg/mod/github.com/syndtr/goleveldb@v1.0.1-0.20200815110645-5c35d600f0ca/leveldb/storage/file_storage.go:643 +0x91
  github.com/syndtr/goleveldb/leveldb/storage.(*fileStorage).List()
      C:/Users/kiwun/go/pkg/mod/github.com/syndtr/goleveldb@v1.0.1-0.20200815110645-5c35d600f0ca/leveldb/storage/file_storage.go:458 +0x4ea
  fmt.Fscanf()
      C:/Users/kiwun/go/pkg/mod/golang.org/toolchain@v0.0.1-go1.26.8.windows-amd64/src/fmt/scan.go:143 +0xe4
  fmt.Sscanf()
      C:/Users/kiwun/go/pkg/mod/golang.org/toolchain@v0.0.1-go1.26.8.windows-amd64/src/fmt/scan.go:114 +0x184
  github.com/syndtr/goleveldb/leveldb/storage.fsParseName()
      C:/Users/kiwun/go/pkg/mod/github.com/syndtr/goleveldb@v1.0.1-0.20200815110645-5c35d600f0ca/leveldb/storage/file_storage.go:643 +0x91
  github.com/syndtr/goleveldb/leveldb/storage.(*fileStorage).List()
      C:/Users/kiwun/go/pkg/mod/github.com/syndtr/goleveldb@v1.0.1-0.20200815110645-5c35d600f0ca/leveldb/storage/file_storage.go:458 +0x4ea
  github.com/syndtr/goleveldb/leveldb.(*DB).checkAndCleanFiles()
      C:/Users/kiwun/go/pkg/mod/github.com/syndtr/goleveldb@v1.0.1-0.20200815110645-5c35d600f0ca/leveldb/db_util.go:52 +0x36e
  github.com/syndtr/goleveldb/leveldb.openDB()
      C:/Users/kiwun/go/pkg/mod/github.com/syndtr/goleveldb@v1.0.1-0.20200815110645-5c35d600f0ca/leveldb/db.go:136 +0x844
  github.com/syndtr/goleveldb/leveldb.(*DB).recoverJournal()
      C:/Users/kiwun/go/pkg/mod/github.com/syndtr/goleveldb@v1.0.1-0.20200815110645-5c35d600f0ca/leveldb/db.go:560 +0x1235
  fmt.Sscanf()
      C:/Users/kiwun/go/pkg/mod/golang.org/toolchain@v0.0.1-go1.26.8.windows-amd64/src/fmt/scan.go:114 +0x26b
  github.com/syndtr/goleveldb/leveldb/storage.fsParseName()
      C:/Users/kiwun/go/pkg/mod/github.com/syndtr/goleveldb@v1.0.1-0.20200815110645-5c35d600f0ca/leveldb/storage/file_storage.go:657 +0x18e
  fmt.(*ss).doScanf()
      C:/Users/kiwun/go/pkg/mod/golang.org/toolchain@v0.0.1-go1.26.8.windows-amd64/src/fmt/scan.go:1230 +0x44e
  fmt.Fscanf()
      C:/Users/kiwun/go/pkg/mod/golang.org/toolchain@v0.0.1-go1.26.8.windows-amd64/src/fmt/scan.go:143 +0xe4
  fmt.Sscanf()
      C:/Users/kiwun/go/pkg/mod/golang.org/toolchain@v0.0.1-go1.26.8.windows-amd64/src/fmt/scan.go:114 +0x184
  github.com/syndtr/goleveldb/leveldb/storage.fsParseName()
      C:/Users/kiwun/go/pkg/mod/github.com/syndtr/goleveldb@v1.0.1-0.20200815110645-5c35d600f0ca/leveldb/storage/file_storage.go:643 +0x91
  github.com/syndtr/goleveldb/leveldb/storage.(*fileStorage).List()
      C:/Users/kiwun/go/pkg/mod/github.com/syndtr/goleveldb@v1.0.1-0.20200815110645-5c35d600f0ca/leveldb/storage/file_storage.go:458 +0x4ea
  fmt.Fscanf()
      C:/Users/kiwun/go/pkg/mod/golang.org/toolchain@v0.0.1-go1.26.8.windows-amd64/src/fmt/scan.go:143 +0xe4
  fmt.Sscanf()
      C:/Users/kiwun/go/pkg/mod/golang.org/toolchain@v0.0.1-go1.26.8.windows-amd64/src/fmt/scan.go:114 +0x184
  github.com/syndtr/goleveldb/leveldb/storage.fsParseName()
      C:/Users/kiwun/go/pkg/mod/github.com/syndtr/goleveldb@v1.0.1-0.20200815110645-5c35d600f0ca/leveldb/storage/file_storage.go:643 +0x91
  github.com/syndtr/goleveldb/leveldb/storage.(*fileStorage).List()
      C:/Users/kiwun/go/pkg/mod/github.com/syndtr/goleveldb@v1.0.1-0.20200815110645-5c35d600f0ca/leveldb/storage/file_storage.go:458 +0x4ea
  fmt.Fscanf()
      C:/Users/kiwun/go/pkg/mod/golang.org/toolchain@v0.0.1-go1.26.8.windows-amd64/src/fmt/scan.go:143 +0xe4
  fmt.Sscanf()
      C:/Users/kiwun/go/pkg/mod/golang.org/toolchain@v0.0.1-go1.26.8.windows-amd64/src/fmt/scan.go:114 +0x184
  github.com/syndtr/goleveldb/leveldb/storage.fsParseName()
      C:/Users/kiwun/go/pkg/mod/github.com/syndtr/goleveldb@v1.0.1-0.20200815110645-5c35d600f0ca/leveldb/storage/file_storage.go:643 +0x91
  github.com/syndtr/goleveldb/leveldb/storage.(*fileStorage).List()
      C:/Users/kiwun/go/pkg/mod/github.com/syndtr/goleveldb@v1.0.1-0.20200815110645-5c35d600f0ca/leveldb/storage/file_storage.go:458 +0x4ea
  fmt.Fscanf()
      C:/Users/kiwun/go/pkg/mod/golang.org/toolchain@v0.0.1-go1.26.8.windows-amd64/src/fmt/scan.go:143 +0xe4
  fmt.Sscanf()
      C:/Users/kiwun/go/pkg/mod/golang.org/toolchain@v0.0.1-go1.26.8.windows-amd64/src/fmt/scan.go:114 +0x184
  github.com/syndtr/goleveldb/leveldb/storage.fsParseName()
      C:/Users/kiwun/go/pkg/mod/github.com/syndtr/goleveldb@v1.0.1-0.20200815110645-5c35d600f0ca/leveldb/storage/file_storage.go:643 +0x91
  github.com/syndtr/goleveldb/leveldb/storage.(*fileStorage).List()
      C:/Users/kiwun/go/pkg/mod/github.com/syndtr/goleveldb@v1.0.1-0.20200815110645-5c35d600f0ca/leveldb/storage/file_storage.go:458 +0x4ea
  github.com/syndtr/goleveldb/leveldb.(*DB).recoverJournal()
      C:/Users/kiwun/go/pkg/mod/github.com/syndtr/goleveldb@v1.0.1-0.20200815110645-5c35d600f0ca/leveldb/db.go:482 +0xa1
  github.com/syndtr/goleveldb/leveldb.openDB()
      C:/Users/kiwun/go/pkg/mod/github.com/syndtr/goleveldb@v1.0.1-0.20200815110645-5c35d600f0ca/leveldb/db.go:131 +0x82d
  github.com/syndtr/goleveldb/leveldb.Open()
      C:/Users/kiwun/go/pkg/mod/github.com/syndtr/goleveldb@v1.0.1-0.20200815110645-5c35d600f0ca/leveldb/db.go:203 +0x35c
  github.com/syndtr/goleveldb/leveldb.(*session).recover()
      C:/Users/kiwun/go/pkg/mod/github.com/syndtr/goleveldb@v1.0.1-0.20200815110645-5c35d600f0ca/leveldb/session.go:161 +0x87d
  fmt.(*ss).doScanf()
      C:/Users/kiwun/go/pkg/mod/golang.org/toolchain@v0.0.1-go1.26.8.windows-amd64/src/fmt/scan.go:1230 +0x44e
  fmt.Fscanf()
      C:/Users/kiwun/go/pkg/mod/golang.org/toolchain@v0.0.1-go1.26.8.windows-amd64/src/fmt/scan.go:143 +0xe4
  fmt.Sscanf()
      C:/Users/kiwun/go/pkg/mod/golang.org/toolchain@v0.0.1-go1.26.8.windows-amd64/src/fmt/scan.go:114 +0x184
  github.com/syndtr/goleveldb/leveldb/storage.fsParseName()
      C:/Users/kiwun/go/pkg/mod/github.com/syndtr/goleveldb@v1.0.1-0.20200815110645-5c35d600f0ca/leveldb/storage/file_storage.go:643 +0x91
  github.com/syndtr/goleveldb/leveldb/storage.fsParseNamePtr()
      C:/Users/kiwun/go/pkg/mod/github.com/syndtr/goleveldb@v1.0.1-0.20200815110645-5c35d600f0ca/leveldb/storage/file_storage.go:666 +0x189
  github.com/syndtr/goleveldb/leveldb/storage.(*fileStorage).GetMeta.func1()
      C:/Users/kiwun/go/pkg/mod/github.com/syndtr/goleveldb@v1.0.1-0.20200815110645-5c35d600f0ca/leveldb/storage/file_storage.go:332 +0x121
  github.com/syndtr/goleveldb/leveldb/storage.(*fileStorage).GetMeta.func2()
      C:/Users/kiwun/go/pkg/mod/github.com/syndtr/goleveldb@v1.0.1-0.20200815110645-5c35d600f0ca/leveldb/storage/file_storage.go:356 +0xd7e
  github.com/syndtr/goleveldb/leveldb/storage.(*fileStorage).GetMeta()
      C:/Users/kiwun/go/pkg/mod/github.com/syndtr/goleveldb@v1.0.1-0.20200815110645-5c35d600f0ca/leveldb/storage/file_storage.go:407 +0x914
  github.com/syndtr/goleveldb/leveldb.(*session).recover()
      C:/Users/kiwun/go/pkg/mod/github.com/syndtr/goleveldb@v1.0.1-0.20200815110645-5c35d600f0ca/leveldb/session.go:140 +0x119
  github.com/syndtr/goleveldb/leveldb.Open()
      C:/Users/kiwun/go/pkg/mod/github.com/syndtr/goleveldb@v1.0.1-0.20200815110645-5c35d600f0ca/leveldb/db.go:189 +0x113
  github.com/syndtr/goleveldb/leveldb.OpenFile()
      C:/Users/kiwun/go/pkg/mod/github.com/syndtr/goleveldb@v1.0.1-0.20200815110645-5c35d600f0ca/leveldb/db.go:225 +0x7d
  github.com/tendermint/tm-db.NewGoLevelDBWithOpts()
      C:/Users/kiwun/go/pkg/mod/github.com/tendermint/tm-db@v0.6.7/goleveldb.go:32 +0xfd
  github.com/Kiwunaka/POKROV-core/v2/db.getDB()
      C:/r12corec02/v2/db/database.go:37 +0x34e
  github.com/Kiwunaka/POKROV-core/v2/db.(*Table[go.shape.struct { Id string; Value interface {} }]).UpdateInsert()
      C:/r12corec02/v2/db/database.go:171 +0x7a
  github.com/Kiwunaka/POKROV-core/v2/hcore.saveLastStartRequest()
      C:/r12corec02/v2/hcore/start.go:38 +0x2d3
  github.com/Kiwunaka/POKROV-core/v2/hcore.StartService()
      C:/r12corec02/v2/hcore/start.go:124 +0x61d
  github.com/Kiwunaka/POKROV-core/v2/hcore.Start()
      C:/r12corec02/v2/hcore/start.go:26 +0x8a
  github.com/Kiwunaka/POKROV-core/v2/hcore.TestStartStopReleasesServiceObservers.func6()
      C:/r12corec02/v2/hcore/lifecycle_test.go:103 +0x7d
  github.com/Kiwunaka/POKROV-core/v2/hcore.TestStartStopReleasesServiceObservers()
      C:/r12corec02/v2/hcore/lifecycle_test.go:122 +0xa6c
  fmt.Sscanf()
      C:/Users/kiwun/go/pkg/mod/golang.org/toolchain@v0.0.1-go1.26.8.windows-amd64/src/fmt/scan.go:114 +0x184
  github.com/syndtr/goleveldb/leveldb/storage.fsParseName()
      C:/Users/kiwun/go/pkg/mod/github.com/syndtr/goleveldb@v1.0.1-0.20200815110645-5c35d600f0ca/leveldb/storage/file_storage.go:643 +0x91
  github.com/syndtr/goleveldb/leveldb/storage.(*fileStorage).List()
      C:/Users/kiwun/go/pkg/mod/github.com/syndtr/goleveldb@v1.0.1-0.20200815110645-5c35d600f0ca/leveldb/storage/file_storage.go:458 +0x4ea
  fmt.Fscanf()
      C:/Users/kiwun/go/pkg/mod/golang.org/toolchain@v0.0.1-go1.26.8.windows-amd64/src/fmt/scan.go:143 +0xe4
  fmt.Sscanf()
      C:/Users/kiwun/go/pkg/mod/golang.org/toolchain@v0.0.1-go1.26.8.windows-amd64/src/fmt/scan.go:114 +0x184
  github.com/syndtr/goleveldb/leveldb/storage.fsParseName()
      C:/Users/kiwun/go/pkg/mod/github.com/syndtr/goleveldb@v1.0.1-0.20200815110645-5c35d600f0ca/leveldb/storage/file_storage.go:643 +0x91
  github.com/syndtr/goleveldb/leveldb/storage.(*fileStorage).List()
      C:/Users/kiwun/go/pkg/mod/github.com/syndtr/goleveldb@v1.0.1-0.20200815110645-5c35d600f0ca/leveldb/storage/file_storage.go:458 +0x4ea
  fmt.Fscanf()
      C:/Users/kiwun/go/pkg/mod/golang.org/toolchain@v0.0.1-go1.26.8.windows-amd64/src/fmt/scan.go:143 +0xe4
  fmt.Sscanf()
      C:/Users/kiwun/go/pkg/mod/golang.org/toolchain@v0.0.1-go1.26.8.windows-amd64/src/fmt/scan.go:114 +0x184
  github.com/syndtr/goleveldb/leveldb/storage.fsParseName()
      C:/Users/kiwun/go/pkg/mod/github.com/syndtr/goleveldb@v1.0.1-0.20200815110645-5c35d600f0ca/leveldb/storage/file_storage.go:643 +0x91
  github.com/syndtr/goleveldb/leveldb/storage.(*fileStorage).List()
      C:/Users/kiwun/go/pkg/mod/github.com/syndtr/goleveldb@v1.0.1-0.20200815110645-5c35d600f0ca/leveldb/storage/file_storage.go:458 +0x4ea
  github.com/syndtr/goleveldb/leveldb.(*DB).checkAndCleanFiles()
      C:/Users/kiwun/go/pkg/mod/github.com/syndtr/goleveldb@v1.0.1-0.20200815110645-5c35d600f0ca/leveldb/db_util.go:52 +0x36e
  github.com/syndtr/goleveldb/leveldb.openDB()
      C:/Users/kiwun/go/pkg/mod/github.com/syndtr/goleveldb@v1.0.1-0.20200815110645-5c35d600f0ca/leveldb/db.go:136 +0x844
  fmt.Sscanf()
      C:/Users/kiwun/go/pkg/mod/golang.org/toolchain@v0.0.1-go1.26.8.windows-amd64/src/fmt/scan.go:114 +0x26b
  github.com/syndtr/goleveldb/leveldb/storage.fsParseName()
      C:/Users/kiwun/go/pkg/mod/github.com/syndtr/goleveldb@v1.0.1-0.20200815110645-5c35d600f0ca/leveldb/storage/file_storage.go:657 +0x18e
  fmt.(*ss).doScanf()
      C:/Users/kiwun/go/pkg/mod/golang.org/toolchain@v0.0.1-go1.26.8.windows-amd64/src/fmt/scan.go:1230 +0x44e
  fmt.Fscanf()
      C:/Users/kiwun/go/pkg/mod/golang.org/toolchain@v0.0.1-go1.26.8.windows-amd64/src/fmt/scan.go:143 +0xe4
  fmt.Sscanf()
      C:/Users/kiwun/go/pkg/mod/golang.org/toolchain@v0.0.1-go1.26.8.windows-amd64/src/fmt/scan.go:114 +0x184
  github.com/syndtr/goleveldb/leveldb/storage.fsParseName()
      C:/Users/kiwun/go/pkg/mod/github.com/syndtr/goleveldb@v1.0.1-0.20200815110645-5c35d600f0ca/leveldb/storage/file_storage.go:643 +0x91
  github.com/syndtr/goleveldb/leveldb/storage.(*fileStorage).List()
      C:/Users/kiwun/go/pkg/mod/github.com/syndtr/goleveldb@v1.0.1-0.20200815110645-5c35d600f0ca/leveldb/storage/file_storage.go:458 +0x4ea
  fmt.Fscanf()
      C:/Users/kiwun/go/pkg/mod/golang.org/toolchain@v0.0.1-go1.26.8.windows-amd64/src/fmt/scan.go:143 +0xe4
  fmt.Sscanf()
      C:/Users/kiwun/go/pkg/mod/golang.org/toolchain@v0.0.1-go1.26.8.windows-amd64/src/fmt/scan.go:114 +0x184
  github.com/syndtr/goleveldb/leveldb/storage.fsParseName()
      C:/Users/kiwun/go/pkg/mod/github.com/syndtr/goleveldb@v1.0.1-0.20200815110645-5c35d600f0ca/leveldb/storage/file_storage.go:643 +0x91
  github.com/syndtr/goleveldb/leveldb/storage.(*fileStorage).List()
      C:/Users/kiwun/go/pkg/mod/github.com/syndtr/goleveldb@v1.0.1-0.20200815110645-5c35d600f0ca/leveldb/storage/file_storage.go:458 +0x4ea
  fmt.Fscanf()
      C:/Users/kiwun/go/pkg/mod/golang.org/toolchain@v0.0.1-go1.26.8.windows-amd64/src/fmt/scan.go:143 +0xe4
  fmt.Sscanf()
      C:/Users/kiwun/go/pkg/mod/golang.org/toolchain@v0.0.1-go1.26.8.windows-amd64/src/fmt/scan.go:114 +0x184
  github.com/syndtr/goleveldb/leveldb/storage.fsParseName()
      C:/Users/kiwun/go/pkg/mod/github.com/syndtr/goleveldb@v1.0.1-0.20200815110645-5c35d600f0ca/leveldb/storage/file_storage.go:643 +0x91
  github.com/syndtr/goleveldb/leveldb/storage.(*fileStorage).List()
      C:/Users/kiwun/go/pkg/mod/github.com/syndtr/goleveldb@v1.0.1-0.20200815110645-5c35d600f0ca/leveldb/storage/file_storage.go:458 +0x4ea
  fmt.Fscanf()
      C:/Users/kiwun/go/pkg/mod/golang.org/toolchain@v0.0.1-go1.26.8.windows-amd64/src/fmt/scan.go:143 +0xe4
  fmt.Sscanf()
      C:/Users/kiwun/go/pkg/mod/golang.org/toolchain@v0.0.1-go1.26.8.windows-amd64/src/fmt/scan.go:114 +0x184
  github.com/syndtr/goleveldb/leveldb/storage.fsParseName()
      C:/Users/kiwun/go/pkg/mod/github.com/syndtr/goleveldb@v1.0.1-0.20200815110645-5c35d600f0ca/leveldb/storage/file_storage.go:643 +0x91
  github.com/syndtr/goleveldb/leveldb/storage.(*fileStorage).List()
      C:/Users/kiwun/go/pkg/mod/github.com/syndtr/goleveldb@v1.0.1-0.20200815110645-5c35d600f0ca/leveldb/storage/file_storage.go:458 +0x4ea
  github.com/syndtr/goleveldb/leveldb.(*DB).recoverJournal()
      C:/Users/kiwun/go/pkg/mod/github.com/syndtr/goleveldb@v1.0.1-0.20200815110645-5c35d600f0ca/leveldb/db.go:482 +0xa1
  github.com/syndtr/goleveldb/leveldb.openDB()
      C:/Users/kiwun/go/pkg/mod/github.com/syndtr/goleveldb@v1.0.1-0.20200815110645-5c35d600f0ca/leveldb/db.go:131 +0x82d
  github.com/syndtr/goleveldb/leveldb.Open()
      C:/Users/kiwun/go/pkg/mod/github.com/syndtr/goleveldb@v1.0.1-0.20200815110645-5c35d600f0ca/leveldb/db.go:203 +0x35c
  github.com/syndtr/goleveldb/leveldb.(*session).create()
      C:/Users/kiwun/go/pkg/mod/github.com/syndtr/goleveldb@v1.0.1-0.20200815110645-5c35d600f0ca/leveldb/session.go:125 +0x294
  github.com/syndtr/goleveldb/leveldb.Open()
      C:/Users/kiwun/go/pkg/mod/github.com/syndtr/goleveldb@v1.0.1-0.20200815110645-5c35d600f0ca/leveldb/db.go:194 +0x295
  fmt.Fscanf()
      C:/Users/kiwun/go/pkg/mod/golang.org/toolchain@v0.0.1-go1.26.8.windows-amd64/src/fmt/scan.go:143 +0xe4
  fmt.Sscanf()
      C:/Users/kiwun/go/pkg/mod/golang.org/toolchain@v0.0.1-go1.26.8.windows-amd64/src/fmt/scan.go:114 +0x184
  github.com/syndtr/goleveldb/leveldb/storage.fsParseName()
      C:/Users/kiwun/go/pkg/mod/github.com/syndtr/goleveldb@v1.0.1-0.20200815110645-5c35d600f0ca/leveldb/storage/file_storage.go:643 +0x91
  github.com/syndtr/goleveldb/leveldb/storage.(*fileStorage).List()
      C:/Users/kiwun/go/pkg/mod/github.com/syndtr/goleveldb@v1.0.1-0.20200815110645-5c35d600f0ca/leveldb/storage/file_storage.go:458 +0x4ea
  github.com/syndtr/goleveldb/leveldb.(*session).recover.func1()
      C:/Users/kiwun/go/pkg/mod/github.com/syndtr/goleveldb@v1.0.1-0.20200815110645-5c35d600f0ca/leveldb/session.go:134 +0xbb
  runtime.deferreturn()
      C:/Users/kiwun/go/pkg/mod/golang.org/toolchain@v0.0.1-go1.26.8.windows-amd64/src/runtime/panic.go:668 +0x5d
  github.com/syndtr/goleveldb/leveldb.Open()
      C:/Users/kiwun/go/pkg/mod/github.com/syndtr/goleveldb@v1.0.1-0.20200815110645-5c35d600f0ca/leveldb/db.go:189 +0x113
  github.com/syndtr/goleveldb/leveldb.OpenFile()
      C:/Users/kiwun/go/pkg/mod/github.com/syndtr/goleveldb@v1.0.1-0.20200815110645-5c35d600f0ca/leveldb/db.go:225 +0x7d
  github.com/tendermint/tm-db.NewGoLevelDBWithOpts()
      C:/Users/kiwun/go/pkg/mod/github.com/tendermint/tm-db@v0.6.7/goleveldb.go:32 +0xfd
  github.com/Kiwunaka/POKROV-core/v2/db.getDB()
      C:/r12corec02/v2/db/database.go:37 +0x34e
  github.com/Kiwunaka/POKROV-core/v2/db.(*Table[go.shape.struct { Id string; Value interface {} }]).Get()
      C:/r12corec02/v2/db/database.go:208 +0x86
  github.com/Kiwunaka/POKROV-core/v2/hcore.Setup()
      C:/r12corec02/v2/hcore/grpc_server.go:125 +0x10c4
  github.com/Kiwunaka/POKROV-core/v2/hcore.TestStartStopReleasesServiceObservers()
      C:/r12corec02/v2/hcore/lifecycle_test.go:37 +0x414
  testing.tRunner()
      C:/Users/kiwun/go/pkg/mod/golang.org/toolchain@v0.0.1-go1.26.8.windows-amd64/src/testing/testing.go:2036 +0x1ca
  testing.(*T).Run.gowrap1()
      C:/Users/kiwun/go/pkg/mod/golang.org/toolchain@v0.0.1-go1.26.8.windows-amd64/src/testing/testing.go:2101 +0x38
==================
[37mDEBUG[0m[0000] [Service] Restarting
[37mDEBUG[0m[0000] [Service] Restarting
[37mDEBUG[0m[0001] [Service] Restarting
    lifecycle_test.go:129: cycle=1 goroutines=38 OS resources=205
[37mDEBUG[0m[0001] [Service] Restarting
    lifecycle_test.go:129: cycle=2 goroutines=38 OS resources=205
[37mDEBUG[0m[0001] [Service] Restarting
    lifecycle_test.go:129: cycle=3 goroutines=38 OS resources=205
[37mDEBUG[0m[0001] [Service] Restarting
    lifecycle_test.go:129: cycle=4 goroutines=39 OS resources=205
[37mDEBUG[0m[0001] [Service] Restarting
    lifecycle_test.go:129: cycle=5 goroutines=40 OS resources=205
[37mDEBUG[0m[0002] [Service] Restarting
    lifecycle_test.go:129: cycle=6 goroutines=40 OS resources=205
[37mDEBUG[0m[0002] [Service] Restarting
    lifecycle_test.go:129: cycle=7 goroutines=40 OS resources=205
[37mDEBUG[0m[0002] [Service] Restarting
    lifecycle_test.go:129: cycle=8 goroutines=40 OS resources=205
[37mDEBUG[0m[0002] [Service] Restarting
    lifecycle_test.go:129: cycle=9 goroutines=40 OS resources=205
[37mDEBUG[0m[0003] [Service] Restarting
    lifecycle_test.go:129: cycle=10 goroutines=40 OS resources=205
[37mDEBUG[0m[0003] [Service] Restarting
    lifecycle_test.go:129: cycle=11 goroutines=40 OS resources=205
[37mDEBUG[0m[0003] [Service] Restarting
    lifecycle_test.go:129: cycle=12 goroutines=40 OS resources=205
    lifecycle_test.go:138: goroutines before=38 after=40; OS resources before=205 after=205; measured cycles=12 each start/restart/stop; old and new sessions cancelled
    testing.go:1712: race detected during execution of test
--- FAIL: TestStartStopReleasesServiceObservers (3.57s)
FAIL
FAIL	github.com/Kiwunaka/POKROV-core/v2/hcore	3.842s
FAIL
