{
    "utc":  "2026-09-10T08:58:39.5932718Z",
    "label":  "before",
    "routes_count":  16,
    "routes_sha256":  "1c364bca7629f54c9677160f4e00552c37636bbaeb5ac37dd5559bb072276810",
    "dns_sha256":  "a51d6fc76bbccbf38d1e875932d0dc57b300b7f54cebb62eb30c53e22e601287",
    "adapters":  [
                     {
                         "interface_index":  13,
                         "is_pokrov_tun":  false,
                         "received_bytes":  null,
                         "sent_bytes":  null
                     }
                 ],
    "http_status":  204,
    "marker_valid":  true,
    "http_error":  null,
    "dns_a_count":  1,
    "dns_error":  null,
    "status":  {
                   "client_source":  "0218e89",
                   "action":  "status",
                   "elapsed_ms":  0,
                   "available":  true,
                   "trusted":  true,
                   "compatible":  true,
                   "accepted":  true,
                   "phase":  "artifact_ready",
                   "running":  false,
                   "core_ready":  false,
                   "dns_ready":  false,
                   "egress_validated":  false,
                   "can_connect":  false,
                   "effective_matches_staged":  false,
                   "failure":  "none"
               }
}
Get-NetAdapterStatistics : No MSFT_NetAdapterStatisticsSettingData objects found with property 'Name' equal to 

'Ethernet'.  Verify the value of the property and retry.

At C:\Users\Public\r12-resume-network.ps1:8 char:8

+  $s=$_|Get-NetAdapterStatistics

+        ~~~~~~~~~~~~~~~~~~~~~~~~

    + CategoryInfo          : ObjectNotFound: (Ethernet:String) [Get-NetAdapterStatistics], CimJobException

    + FullyQualifiedErrorId : CmdletizationQuery_NotFound_Name,Get-NetAdapterStatistics

 

