Resolving dependencies...
Downloading packages...
  async 2.11.0 (2.13.1 available)
  boolean_selector 2.1.1 (2.1.2 available)
  characters 1.4.0 (1.4.1 available)
  clock 1.1.2 (1.1.3 available)
  matcher 0.12.17 (0.12.20 available)
  material_color_utilities 0.11.1 (0.13.1 available)
  meta 1.17.0 (1.19.0 available)
  source_span 1.10.0 (1.10.2 available)
  stack_trace 1.12.1 (1.12.2 available)
  string_scanner 1.2.0 (1.4.1 available)
  term_glyph 1.2.1 (1.2.2 available)
  test_api 0.7.7 (0.7.14 available)
  vector_math 2.2.0 (2.4.2 available)
  vm_service 14.2.5 (15.3.0 available)
Got dependencies!
14 packages have newer versions incompatible with dependency constraints.
Try `flutter pub outdated` for more information.
00:00 +0: loading E:/r12client/packages/observability_runtime/test/phase_timeline_test.dart
test/phase_timeline_test.dart:420:16: Error: A value of type 'Future<FileSystemEntity>' can't be returned from a function with return type 'Future<File>'.
 - 'Future' is from 'dart:async'.
 - 'FileSystemEntity' is from 'dart:io'.
 - 'File' is from 'dart:io'.
      delegate.delete(recursive: recursive);
               ^
00:00 +0 -1: loading E:/r12client/packages/observability_runtime/test/phase_timeline_test.dart [E]
  Failed to load "E:/r12client/packages/observability_runtime/test/phase_timeline_test.dart":
  Compilation failed for testPath=E:/r12client/packages/observability_runtime/test/phase_timeline_test.dart: test/phase_timeline_test.dart:420:16: Error: A value of type 'Future<FileSystemEntity>' can't be returned from a function with return type 'Future<File>'.
   - 'Future' is from 'dart:async'.
   - 'FileSystemEntity' is from 'dart:io'.
   - 'File' is from 'dart:io'.
        delegate.delete(recursive: recursive);
                 ^
  .
00:00 +0 -1: Some tests failed.
