[90m11:27PM[0m [33mWRN[0m [1mno licenses detected[0m [36mmodule=[0mgithub.com/sagernet/sing-box@v0.0.0-20260911232342-880bff65ad66
[90m11:27PM[0m [33mWRN[0m [1mno licenses detected[0m [36mmodule=[0mgithub.com/anytls/sing-anytls@v0.0.11
[90m11:27PM[0m [33mWRN[0m [1mno licenses detected[0m [36mmodule=[0mgithub.com/flynn/noise@v1.0.1-0.20220214164934-d803f5c4b0f4
[90m11:27PM[0m [33mWRN[0m [1mno licenses detected[0m [36mmodule=[0mgithub.com/sagernet/cronet-go@v0.0.0-20260117110918-dc1cda1fe287
[90m11:27PM[0m [33mWRN[0m [1mno licenses detected[0m [36mmodule=[0mgithub.com/sagernet/cronet-go/all@v0.0.0-20260117110918-dc1cda1fe287
[90m11:27PM[0m [33mWRN[0m [1mno licenses detected[0m [36mmodule=[0mgithub.com/sagernet/cronet-go/lib/android_386@v0.0.0-20260117110516-f21660bef13f
[90m11:27PM[0m [33mWRN[0m [1mno licenses detected[0m [36mmodule=[0mgithub.com/sagernet/cronet-go/lib/android_amd64@v0.0.0-20260117110516-f21660bef13f
[90m11:27PM[0m [33mWRN[0m [1mno licenses detected[0m [36mmodule=[0mgithub.com/sagernet/cronet-go/lib/android_arm@v0.0.0-20260117110516-f21660bef13f
[90m11:27PM[0m [33mWRN[0m [1mno licenses detected[0m [36mmodule=[0mgithub.com/sagernet/cronet-go/lib/android_arm64@v0.0.0-20260117110516-f21660bef13f
[90m11:27PM[0m [33mWRN[0m [1mno licenses detected[0m [36mmodule=[0mgithub.com/sagernet/cronet-go/lib/darwin_amd64@v0.0.0-20260117110516-f21660bef13f
[90m11:27PM[0m [33mWRN[0m [1mno licenses detected[0m [36mmodule=[0mgithub.com/sagernet/cronet-go/lib/darwin_arm64@v0.0.0-20260117110516-f21660bef13f
[90m11:27PM[0m [33mWRN[0m [1mno licenses detected[0m [36mmodule=[0mgithub.com/sagernet/cronet-go/lib/ios_amd64_simulator@v0.0.0-20260117110516-f21660bef13f
[90m11:27PM[0m [33mWRN[0m [1mno licenses detected[0m [36mmodule=[0mgithub.com/sagernet/cronet-go/lib/ios_arm64@v0.0.0-20260117110516-f21660bef13f
[90m11:27PM[0m [33mWRN[0m [1mno licenses detected[0m [36mmodule=[0mgithub.com/sagernet/cronet-go/lib/ios_arm64_simulator@v0.0.0-20260117110516-f21660bef13f
[90m11:27PM[0m [33mWRN[0m [1mno licenses detected[0m [36mmodule=[0mgithub.com/sagernet/cronet-go/lib/linux_386@v0.0.0-20260117110516-f21660bef13f
[90m11:27PM[0m [33mWRN[0m [1mno licenses detected[0m [36mmodule=[0mgithub.com/sagernet/cronet-go/lib/linux_386_musl@v0.0.0-20260117110516-f21660bef13f
[90m11:27PM[0m [33mWRN[0m [1mno licenses detected[0m [36mmodule=[0mgithub.com/sagernet/cronet-go/lib/linux_amd64@v0.0.0-20260117110516-f21660bef13f
[90m11:27PM[0m [33mWRN[0m [1mno licenses detected[0m [36mmodule=[0mgithub.com/sagernet/cronet-go/lib/linux_amd64_musl@v0.0.0-20260117110516-f21660bef13f
[90m11:27PM[0m [33mWRN[0m [1mno licenses detected[0m [36mmodule=[0mgithub.com/sagernet/cronet-go/lib/linux_arm@v0.0.0-20260117110516-f21660bef13f
[90m11:27PM[0m [33mWRN[0m [1mno licenses detected[0m [36mmodule=[0mgithub.com/sagernet/cronet-go/lib/linux_arm64@v0.0.0-20260117110516-f21660bef13f
[90m11:27PM[0m [33mWRN[0m [1mno licenses detected[0m [36mmodule=[0mgithub.com/sagernet/cronet-go/lib/linux_arm64_musl@v0.0.0-20260117110516-f21660bef13f
[90m11:27PM[0m [33mWRN[0m [1mno licenses detected[0m [36mmodule=[0mgithub.com/sagernet/cronet-go/lib/linux_arm_musl@v0.0.0-20260117110516-f21660bef13f
[90m11:27PM[0m [33mWRN[0m [1mno licenses detected[0m [36mmodule=[0mgithub.com/sagernet/cronet-go/lib/tvos_amd64_simulator@v0.0.0-20260117110516-f21660bef13f
[90m11:27PM[0m [33mWRN[0m [1mno licenses detected[0m [36mmodule=[0mgithub.com/sagernet/cronet-go/lib/tvos_arm64@v0.0.0-20260117110516-f21660bef13f
[90m11:27PM[0m [33mWRN[0m [1mno licenses detected[0m [36mmodule=[0mgithub.com/sagernet/cronet-go/lib/tvos_arm64_simulator@v0.0.0-20260117110516-f21660bef13f
[90m11:27PM[0m [33mWRN[0m [1mno licenses detected[0m [36mmodule=[0mgithub.com/sagernet/cronet-go/lib/windows_amd64@v0.0.0-20260117110516-f21660bef13f
[90m11:27PM[0m [33mWRN[0m [1mno licenses detected[0m [36mmodule=[0mgithub.com/sagernet/cronet-go/lib/windows_arm64@v0.0.0-20260117110516-f21660bef13f
[90m11:27PM[0m [33mWRN[0m [1mno licenses detected[0m [36mmodule=[0mgithub.com/sagernet/fswatch@v0.1.1
[90m11:27PM[0m [33mWRN[0m [1mno licenses detected[0m [36mmodule=[0mgithub.com/sagernet/sing@v0.8.0-beta.12
[90m11:27PM[0m [33mWRN[0m [1mno licenses detected[0m [36mmodule=[0mgithub.com/sagernet/sing-mux@v0.3.4
[90m11:27PM[0m [33mWRN[0m [1mno licenses detected[0m [36mmodule=[0mgithub.com/sagernet/sing-quic@v0.6.0-beta.11
[90m11:27PM[0m [33mWRN[0m [1mno licenses detected[0m [36mmodule=[0mgithub.com/sagernet/sing-shadowsocks@v0.2.8
[90m11:27PM[0m [33mWRN[0m [1mno licenses detected[0m [36mmodule=[0mgithub.com/sagernet/sing-shadowsocks2@v0.2.1
[90m11:27PM[0m [33mWRN[0m [1mno licenses detected[0m [36mmodule=[0mgithub.com/sagernet/sing-shadowtls@v0.2.1-0.20250503051639-fcd445d33c11
[90m11:27PM[0m [33mWRN[0m [1mno licenses detected[0m [36mmodule=[0mgithub.com/sagernet/sing-tun@v0.0.0-20260911232342-880bff65ad66
[90m11:27PM[0m [33mWRN[0m [1mno licenses detected[0m [36mmodule=[0mgithub.com/sagernet/sing-vmess@v0.2.8-0.20250909125414-3aed155119a1
[90m11:27PM[0m [33mWRN[0m [1mno licenses detected[0m [36mmodule=[0mstd@go1.26.8
