Client/Core version parity OK: app=1.2.0+4053 public=1.1.6 target_state=PRE_CANDIDATE_LOCAL core_pre_candidate=1.1.0 core_target=1.1.0 desktop_abi=2 core_checkout=NOT_REQUESTED
warning: in the working copy of 'apps/macos_shell/macos/Flutter/GeneratedPluginRegistrant.swift', LF will be replaced by CRLF the next time Git touches it
warning: in the working copy of 'apps/windows_shell/windows/flutter/generated_plugin_registrant.cc', LF will be replaced by CRLF the next time Git touches it
warning: in the working copy of 'apps/windows_shell/windows/flutter/generated_plugin_registrant.h', LF will be replaced by CRLF the next time Git touches it
warning: in the working copy of 'apps/windows_shell/windows/flutter/generated_plugins.cmake', LF will be replaced by CRLF the next time Git touches it
Resolving dependencies...
Downloading packages...
  async 2.11.0 (2.13.1 available)
  boolean_selector 2.1.1 (2.1.2 available)
  characters 1.4.0 (1.4.1 available)
  clock 1.1.2 (1.1.3 available)
  cross_file 0.3.5+4 (0.3.5+5 available)
  ffi 2.1.3 (2.2.0 available)
  file_selector_android 0.5.2+6 (0.5.2+10 available)
  file_selector_ios 0.5.3+5 (0.5.3+6 available)
  file_selector_linux 0.9.4 (0.9.4+1 available)
  file_selector_macos 0.9.5 (0.9.5+1 available)
  file_selector_windows 0.9.3+5 (0.9.3+6 available)
  flutter_displaymode 0.6.0 (0.7.0 available)
  flutter_lints 4.0.0 (6.0.0 available)
  flutter_secure_storage 10.3.1 (11.0.0 available)
  flutter_secure_storage_darwin 0.3.2 (0.4.1 available)
  flutter_secure_storage_linux 3.0.1 (3.0.2 available)
  flutter_secure_storage_platform_interface 2.0.1 (2.0.3 available)
  flutter_secure_storage_windows 4.1.0 (4.2.2 available)
  html 0.15.6 (0.15.7 available)
  jovial_svg 1.1.29 (1.1.30 available)
  lints 4.0.0 (6.1.0 available)
  matcher 0.12.17 (0.12.20 available)
  material_color_utilities 0.11.1 (0.13.1 available)
  meta 1.17.0 (1.19.0 available)
  path_provider 2.1.5 (2.1.6 available)
  path_provider_android 2.2.15 (2.3.1 available)
  path_provider_foundation 2.4.1 (2.6.0 available)
  path_provider_linux 2.2.1 (2.2.2 available)
  path_provider_platform_interface 2.1.2 (2.1.3 available)
  platform 3.1.6 (3.2.0 available)
  source_span 1.10.0 (1.10.2 available)
  stack_trace 1.12.1 (1.12.2 available)
  string_scanner 1.2.0 (1.4.1 available)
  term_glyph 1.2.1 (1.2.2 available)
  test_api 0.7.7 (0.7.14 available)
  url_launcher 6.3.1 (6.3.2 available)
  url_launcher_android 6.3.14 (6.3.33 available)
  url_launcher_ios 6.3.3 (6.4.2 available)
  url_launcher_linux 3.2.1 (3.2.3 available)
  url_launcher_macos 3.2.2 (3.2.6 available)
  url_launcher_web 2.3.3 (2.4.3 available)
  url_launcher_windows 3.1.4 (3.1.6 available)
  vector_math 2.2.0 (2.4.2 available)
  video_player 2.11.1 (2.14.0 available)
  video_player_android 2.9.5 (2.12.2 available)
  video_player_avfoundation 2.11.0 (2.12.0 available)
  vm_service 14.2.5 (15.3.0 available)
  win32 5.10.1 (6.4.0 available)
  xml 6.6.1 (7.0.1 available)
Got dependencies!
49 packages have newer versions incompatible with dependency constraints.
Try `flutter pub outdated` for more information.
Running Gradle task 'assembleDirectRelease'...                  
Font asset "MaterialIcons-Regular.otf" was tree-shaken, reducing it from 1645184 to 23884 bytes (98.5% reduction). Tree-shaking can be disabled by providing the --no-tree-shake-icons flag when building your app.
Font asset "MaterialIcons-Regular.otf" was tree-shaken, reducing it from 1645184 to 23884 bytes (98.5% reduction). Tree-shaking can be disabled by providing the --no-tree-shake-icons flag when building your app.
Running Gradle task 'assembleDirectRelease'...                    171,3s
√ Built build\app\outputs\flutter-apk\app-direct-release.apk (281.7MB)
Resolving dependencies...
Downloading packages...
  async 2.11.0 (2.13.1 available)
  boolean_selector 2.1.1 (2.1.2 available)
  characters 1.4.0 (1.4.1 available)
  clock 1.1.2 (1.1.3 available)
  cross_file 0.3.5+4 (0.3.5+5 available)
  ffi 2.1.3 (2.2.0 available)
  file_selector_android 0.5.2+6 (0.5.2+10 available)
  file_selector_ios 0.5.3+5 (0.5.3+6 available)
  file_selector_linux 0.9.4 (0.9.4+1 available)
  file_selector_macos 0.9.5 (0.9.5+1 available)
  file_selector_windows 0.9.3+5 (0.9.3+6 available)
  flutter_displaymode 0.6.0 (0.7.0 available)
  flutter_lints 4.0.0 (6.0.0 available)
  flutter_secure_storage 10.3.1 (11.0.0 available)
  flutter_secure_storage_darwin 0.3.2 (0.4.1 available)
  flutter_secure_storage_linux 3.0.1 (3.0.2 available)
  flutter_secure_storage_platform_interface 2.0.1 (2.0.3 available)
  flutter_secure_storage_windows 4.1.0 (4.2.2 available)
  html 0.15.6 (0.15.7 available)
  jovial_svg 1.1.29 (1.1.30 available)
  lints 4.0.0 (6.1.0 available)
  matcher 0.12.17 (0.12.20 available)
  material_color_utilities 0.11.1 (0.13.1 available)
  meta 1.17.0 (1.19.0 available)
  path_provider 2.1.5 (2.1.6 available)
  path_provider_android 2.2.15 (2.3.1 available)
  path_provider_foundation 2.4.1 (2.6.0 available)
  path_provider_linux 2.2.1 (2.2.2 available)
  path_provider_platform_interface 2.1.2 (2.1.3 available)
  platform 3.1.6 (3.2.0 available)
  source_span 1.10.0 (1.10.2 available)
  stack_trace 1.12.1 (1.12.2 available)
  string_scanner 1.2.0 (1.4.1 available)
  term_glyph 1.2.1 (1.2.2 available)
  test_api 0.7.7 (0.7.14 available)
  url_launcher 6.3.1 (6.3.2 available)
  url_launcher_android 6.3.14 (6.3.33 available)
  url_launcher_ios 6.3.3 (6.4.2 available)
  url_launcher_linux 3.2.1 (3.2.3 available)
  url_launcher_macos 3.2.2 (3.2.6 available)
  url_launcher_web 2.3.3 (2.4.3 available)
  url_launcher_windows 3.1.4 (3.1.6 available)
  vector_math 2.2.0 (2.4.2 available)
  video_player 2.11.1 (2.14.0 available)
  video_player_android 2.9.5 (2.12.2 available)
  video_player_avfoundation 2.11.0 (2.12.0 available)
  vm_service 14.2.5 (15.3.0 available)
  win32 5.10.1 (6.4.0 available)
  xml 6.6.1 (7.0.1 available)
Got dependencies!
49 packages have newer versions incompatible with dependency constraints.
Try `flutter pub outdated` for more information.
Running Gradle task 'bundleStoreRelease'...                     
Font asset "MaterialIcons-Regular.otf" was tree-shaken, reducing it from 1645184 to 23884 bytes (98.5% reduction). Tree-shaking can be disabled by providing the --no-tree-shake-icons flag when building your app.
Running Gradle task 'bundleStoreRelease'...                        70,1s
√ Built build\app\outputs\bundle\storeRelease\app-store-release.aab (120.7MB)
Android production APK built and verified.
ABI: universal
APK: E:\r12utls\apps\android_shell\build\app\outputs\flutter-apk\app-direct-release.apk
Size: 295352486 bytes
APK SHA-256: E50109DC2BD82803DF7B4D9DFE2F2BAFB98EE5EC0BDE1CD7C83D6680133C1B65
Certificate SHA-256: 0A0602A7DF5D96A0B427909D004F3DDF26DEF86587634BF16694DA8D654B2500
Evidence: E:\r12utls\apps\android_shell\build\app\outputs\flutter-apk\app-direct-release.apk.signing.json
Android production APK built and verified.
ABI: arm64-v8a
APK: E:\r12utls\apps\android_shell\build\app\outputs\flutter-apk\app-arm64-v8a-direct-release.apk
Size: 101301451 bytes
APK SHA-256: C396D77FCF3F6E5163F255D068D334DDA288A3BE0DF21F9F9BCE312962AF5E3F
Certificate SHA-256: 0A0602A7DF5D96A0B427909D004F3DDF26DEF86587634BF16694DA8D654B2500
Evidence: E:\r12utls\apps\android_shell\build\app\outputs\flutter-apk\app-arm64-v8a-direct-release.apk.signing.json
Android production APK built and verified.
ABI: armeabi-v7a
APK: E:\r12utls\apps\android_shell\build\app\outputs\flutter-apk\app-armeabi-v7a-direct-release.apk
Size: 90814993 bytes
APK SHA-256: F4EFB0B1FE67A70873B1DD2DDA39F5FE0325E76CBE6670FD8250AEE2CCF92E0E
Certificate SHA-256: 0A0602A7DF5D96A0B427909D004F3DDF26DEF86587634BF16694DA8D654B2500
Evidence: E:\r12utls\apps\android_shell\build\app\outputs\flutter-apk\app-armeabi-v7a-direct-release.apk.signing.json
Android production APK built and verified.
ABI: x86_64
APK: E:\r12utls\apps\android_shell\build\app\outputs\flutter-apk\app-x86_64-direct-release.apk
Size: 110245610 bytes
APK SHA-256: 65DAFF8203A7DDC5BB3FB4FAEBFD20BF411BBCA935C62669A596154C642321F8
Certificate SHA-256: 0A0602A7DF5D96A0B427909D004F3DDF26DEF86587634BF16694DA8D654B2500
Evidence: E:\r12utls\apps\android_shell\build\app\outputs\flutter-apk\app-x86_64-direct-release.apk.signing.json
Android production store AAB built and verified.
AAB: E:\r12utls\apps\android_shell\build\app\outputs\bundle\storeRelease\app-store-release.aab
Size: 126522804 bytes
AAB SHA-256: C9AFF9B81312997CF0BD2DDEB2720B29E62386077491AD5433E1CC9DD736B5AF
Certificate SHA-256: 0A0602A7DF5D96A0B427909D004F3DDF26DEF86587634BF16694DA8D654B2500
Store submission: NOT_REQUESTED
Evidence: E:\r12utls\apps\android_shell\build\app\outputs\bundle\storeRelease\app-store-release.aab.signing.json
