Client/Core version parity OK: app=1.2.0+4053 public=1.1.6 target_state=PRE_CANDIDATE_LOCAL core_pre_candidate=1.1.0 core_target=1.1.0 desktop_abi=2 core_checkout=PASS
>> flutter pub get --offline
Resolving dependencies...
Downloading packages...
  async 2.11.0 (2.13.1 available)
  boolean_selector 2.1.1 (2.1.2 available)
  cross_file 0.3.5+4 (0.3.5+5 available)
  ffi 2.1.3 (2.2.0 available)
  flutter_secure_storage_linux 3.0.1 (3.0.2 available)
  flutter_secure_storage_platform_interface 2.0.1 (2.0.3 available)
  path_provider 2.1.5 (2.1.6 available)
  path_provider_android 2.2.15 (2.3.1 available)
  path_provider_foundation 2.4.1 (2.6.0 available)
  path_provider_linux 2.2.1 (2.2.2 available)
  path_provider_platform_interface 2.1.2 (2.1.3 available)
  source_span 1.10.0 (1.10.2 available)
  string_scanner 1.2.0 (1.4.1 available)
  term_glyph 1.2.1 (1.2.2 available)
  url_launcher 6.3.1 (6.3.2 available)
  url_launcher_android 6.3.14 (6.3.30 available)
  url_launcher_ios 6.3.3 (6.4.1 available)
  url_launcher_linux 3.2.1 (3.2.2 available)
  url_launcher_macos 3.2.2 (3.2.5 available)
  url_launcher_web 2.3.3 (2.4.3 available)
  url_launcher_windows 3.1.4 (3.1.5 available)
  vm_service 14.2.5 (15.3.0 available)
  win32 5.10.1 (5.15.0 available)
Got dependencies!
23 packages have newer versions incompatible with dependency constraints.
Try `flutter pub outdated` for more information.
>> C:\Users\kiwun\AppData\Local\Programs\Inno Setup 6\ISCC.exe /Qp E:\r12-windows-managed-20260908\package-v3\pokrov-windows-x64-1.2.0+4053-setup.exe.iss


Preprocessing
Windows bundle ready.
Version: 1.2.0+4053
Release output: E:\r12client\apps\windows_shell\build\windows\x64\runner\Release
Staged bundle: E:\r12-windows-managed-20260908\package-v3\pokrov-windows-x64-1.2.0+4053
Installer: E:\r12-windows-managed-20260908\package-v3\pokrov-windows-x64-1.2.0+4053-setup.exe
Manifest: E:\r12-windows-managed-20260908\package-v3\pokrov-windows-x64-1.2.0+4053.manifest.json
