Client/Core version parity OK: app=1.2.0+4053 public=1.1.6 target_state=PRE_CANDIDATE_LOCAL core_pre_candidate=1.1.0 core_target=1.1.0 desktop_abi=2 core_checkout=NOT_REQUESTED
warning: in the working copy of 'apps/macos_shell/macos/Flutter/GeneratedPluginRegistrant.swift', LF will be replaced by CRLF the next time Git touches it
warning: in the working copy of 'apps/windows_shell/windows/flutter/generated_plugin_registrant.cc', LF will be replaced by CRLF the next time Git touches it
warning: in the working copy of 'apps/windows_shell/windows/flutter/generated_plugin_registrant.h', LF will be replaced by CRLF the next time Git touches it
warning: in the working copy of 'apps/windows_shell/windows/flutter/generated_plugins.cmake', LF will be replaced by CRLF the next time Git touches it
Resolving dependencies...
Downloading packages...
  async 2.11.0 (2.13.1 available)
  boolean_selector 2.1.1 (2.1.2 available)
  characters 1.4.0 (1.4.1 available)
  clock 1.1.2 (1.1.3 available)
  cross_file 0.3.5+4 (0.3.5+5 available)
  ffi 2.1.3 (2.2.0 available)
  file_selector_android 0.5.2+6 (0.5.2+11 available)
  file_selector_ios 0.5.3+5 (0.5.3+6 available)
  file_selector_linux 0.9.4 (0.9.4+1 available)
  file_selector_macos 0.9.5 (0.9.5+1 available)
  file_selector_windows 0.9.3+5 (0.9.3+6 available)
  flutter_displaymode 0.6.0 (0.7.0 available)
  flutter_lints 4.0.0 (6.0.0 available)
  flutter_secure_storage 10.3.1 (11.1.0 available)
  flutter_secure_storage_darwin 0.3.2 (0.4.2 available)
  flutter_secure_storage_linux 3.0.1 (3.0.3 available)
  flutter_secure_storage_platform_interface 2.0.1 (2.1.0 available)
  flutter_secure_storage_windows 4.1.0 (4.2.2 available)
  html 0.15.6 (0.15.7 available)
  jovial_svg 1.1.29 (1.1.30 available)
  lints 4.0.0 (6.1.0 available)
  matcher 0.12.17 (0.12.20 available)
  material_color_utilities 0.11.1 (0.13.1 available)
  meta 1.17.0 (1.19.0 available)
  path_provider 2.1.5 (2.1.6 available)
  path_provider_android 2.2.15 (2.3.1 available)
  path_provider_foundation 2.4.1 (2.6.0 available)
  path_provider_linux 2.2.1 (2.2.2 available)
  path_provider_platform_interface 2.1.2 (2.1.3 available)
  platform 3.1.6 (3.2.0 available)
  source_span 1.10.0 (1.10.2 available)
  stack_trace 1.12.1 (1.12.2 available)
  string_scanner 1.2.0 (1.4.1 available)
  term_glyph 1.2.1 (1.2.2 available)
  test_api 0.7.7 (0.7.14 available)
  url_launcher 6.3.1 (6.3.2 available)
  url_launcher_android 6.3.14 (6.3.33 available)
  url_launcher_ios 6.3.3 (6.4.2 available)
  url_launcher_linux 3.2.1 (3.2.3 available)
  url_launcher_macos 3.2.2 (3.2.6 available)
  url_launcher_web 2.3.3 (2.4.3 available)
  url_launcher_windows 3.1.4 (3.1.6 available)
  vector_math 2.2.0 (2.4.2 available)
  video_player 2.11.1 (2.14.0 available)
  video_player_android 2.9.5 (2.12.2 available)
  video_player_avfoundation 2.11.0 (2.12.0 available)
  vm_service 14.2.5 (15.3.0 available)
  win32 5.10.1 (6.4.0 available)
  xml 6.6.1 (7.0.1 available)
Got dependencies!
49 packages have newer versions incompatible with dependency constraints.
Try `flutter pub outdated` for more information.
Running Gradle task 'assembleDirectRelease'...                  
Font asset "MaterialIcons-Regular.otf" was tree-shaken, reducing it from 1645184 to 23884 bytes (98.5% reduction). Tree-shaking can be disabled by providing the --no-tree-shake-icons flag when building your app.
Font asset "MaterialIcons-Regular.otf" was tree-shaken, reducing it from 1645184 to 23884 bytes (98.5% reduction). Tree-shaking can be disabled by providing the --no-tree-shake-icons flag when building your app.
Running Gradle task 'assembleDirectRelease'...                    241,3s
√ Built build\app\outputs\flutter-apk\app-direct-release.apk (280.4MB)
Resolving dependencies...
Downloading packages...
  async 2.11.0 (2.13.1 available)
  boolean_selector 2.1.1 (2.1.2 available)
  characters 1.4.0 (1.4.1 available)
  clock 1.1.2 (1.1.3 available)
  cross_file 0.3.5+4 (0.3.5+5 available)
  ffi 2.1.3 (2.2.0 available)
  file_selector_android 0.5.2+6 (0.5.2+11 available)
  file_selector_ios 0.5.3+5 (0.5.3+6 available)
  file_selector_linux 0.9.4 (0.9.4+1 available)
  file_selector_macos 0.9.5 (0.9.5+1 available)
  file_selector_windows 0.9.3+5 (0.9.3+6 available)
  flutter_displaymode 0.6.0 (0.7.0 available)
  flutter_lints 4.0.0 (6.0.0 available)
  flutter_secure_storage 10.3.1 (11.1.0 available)
  flutter_secure_storage_darwin 0.3.2 (0.4.2 available)
  flutter_secure_storage_linux 3.0.1 (3.0.3 available)
  flutter_secure_storage_platform_interface 2.0.1 (2.1.0 available)
  flutter_secure_storage_windows 4.1.0 (4.2.2 available)
  html 0.15.6 (0.15.7 available)
  jovial_svg 1.1.29 (1.1.30 available)
  lints 4.0.0 (6.1.0 available)
  matcher 0.12.17 (0.12.20 available)
  material_color_utilities 0.11.1 (0.13.1 available)
  meta 1.17.0 (1.19.0 available)
  path_provider 2.1.5 (2.1.6 available)
  path_provider_android 2.2.15 (2.3.1 available)
  path_provider_foundation 2.4.1 (2.6.0 available)
  path_provider_linux 2.2.1 (2.2.2 available)
  path_provider_platform_interface 2.1.2 (2.1.3 available)
  platform 3.1.6 (3.2.0 available)
  source_span 1.10.0 (1.10.2 available)
  stack_trace 1.12.1 (1.12.2 available)
  string_scanner 1.2.0 (1.4.1 available)
  term_glyph 1.2.1 (1.2.2 available)
  test_api 0.7.7 (0.7.14 available)
  url_launcher 6.3.1 (6.3.2 available)
  url_launcher_android 6.3.14 (6.3.33 available)
  url_launcher_ios 6.3.3 (6.4.2 available)
  url_launcher_linux 3.2.1 (3.2.3 available)
  url_launcher_macos 3.2.2 (3.2.6 available)
  url_launcher_web 2.3.3 (2.4.3 available)
  url_launcher_windows 3.1.4 (3.1.6 available)
  vector_math 2.2.0 (2.4.2 available)
  video_player 2.11.1 (2.14.0 available)
  video_player_android 2.9.5 (2.12.2 available)
  video_player_avfoundation 2.11.0 (2.12.0 available)
  vm_service 14.2.5 (15.3.0 available)
  win32 5.10.1 (6.4.0 available)
  xml 6.6.1 (7.0.1 available)
Got dependencies!
49 packages have newer versions incompatible with dependency constraints.
Try `flutter pub outdated` for more information.
Running Gradle task 'bundleStoreRelease'...                     
Font asset "MaterialIcons-Regular.otf" was tree-shaken, reducing it from 1645184 to 23884 bytes (98.5% reduction). Tree-shaking can be disabled by providing the --no-tree-shake-icons flag when building your app.
Running Gradle task 'bundleStoreRelease'...                        95,5s
√ Built build\app\outputs\bundle\storeRelease\app-store-release.aab (120.2MB)
Android production APK built and verified.
ABI: universal
APK: E:\r12client\apps\android_shell\build\app\outputs\flutter-apk\app-direct-release.apk
Size: 294072538 bytes
APK SHA-256: 352436B741EAF91648E70FEBC69226D610C8E9E685CB238047CE9B98A2FD8DD7
Certificate SHA-256: 0A0602A7DF5D96A0B427909D004F3DDF26DEF86587634BF16694DA8D654B2500
Evidence: E:\r12client\apps\android_shell\build\app\outputs\flutter-apk\app-direct-release.apk.signing.json
Android production APK built and verified.
ABI: arm64-v8a
APK: E:\r12client\apps\android_shell\build\app\outputs\flutter-apk\app-arm64-v8a-direct-release.apk
Size: 100927231 bytes
APK SHA-256: 45A943DCA23587E7B710B33E29AC39B90BF0AAA614566C374F651BB4CEADC348
Certificate SHA-256: 0A0602A7DF5D96A0B427909D004F3DDF26DEF86587634BF16694DA8D654B2500
Evidence: E:\r12client\apps\android_shell\build\app\outputs\flutter-apk\app-arm64-v8a-direct-release.apk.signing.json
Android production APK built and verified.
ABI: armeabi-v7a
APK: E:\r12client\apps\android_shell\build\app\outputs\flutter-apk\app-armeabi-v7a-direct-release.apk
Size: 90460229 bytes
APK SHA-256: AA82C49F4D6FE89ABCEC3069805C3FDDB4F0D7DF3461804757218DE6D539CCE6
Certificate SHA-256: 0A0602A7DF5D96A0B427909D004F3DDF26DEF86587634BF16694DA8D654B2500
Evidence: E:\r12client\apps\android_shell\build\app\outputs\flutter-apk\app-armeabi-v7a-direct-release.apk.signing.json
Android production APK built and verified.
ABI: x86_64
APK: E:\r12client\apps\android_shell\build\app\outputs\flutter-apk\app-x86_64-direct-release.apk
Size: 109719326 bytes
APK SHA-256: 9FFE8E83CFAB393EF765ACC0631579D236A9363525F3C71BD5E5D54660666FEE
Certificate SHA-256: 0A0602A7DF5D96A0B427909D004F3DDF26DEF86587634BF16694DA8D654B2500
Evidence: E:\r12client\apps\android_shell\build\app\outputs\flutter-apk\app-x86_64-direct-release.apk.signing.json
Android production store AAB built and verified.
AAB: E:\r12client\apps\android_shell\build\app\outputs\bundle\storeRelease\app-store-release.aab
Size: 126058181 bytes
AAB SHA-256: 9B1106EA72C17E423F34C0068C4F8D679F23FE8A63F5D007341547DB223865D1
Certificate SHA-256: 0A0602A7DF5D96A0B427909D004F3DDF26DEF86587634BF16694DA8D654B2500
Store submission: NOT_REQUESTED
Evidence: E:\r12client\apps\android_shell\build\app\outputs\bundle\storeRelease\app-store-release.aab.signing.json
