Downloading Material fonts...                                      426ms
Downloading Gradle Wrapper...                                       29ms
Downloading package sky_engine...                                1,430ms
Downloading package flutter_gpu...                                 206ms
Downloading flutter_patched_sdk tools...                         1,471ms
Downloading flutter_patched_sdk_product tools...                 1,144ms
Downloading linux-x64 tools...                                      4.5s
Downloading linux-x64/font-subset tools...                       1,122ms
Resolving dependencies...
Downloading packages...
  characters 1.4.0 (1.4.1 available)
  clock 1.1.2 (1.1.3 available)
  code_assets 1.2.1 (2.0.0 available)
  file_selector_android 0.5.2+6 (0.5.2+11 available)
  file_selector_ios 0.5.3+5 (0.5.3+6 available)
  file_selector_linux 0.9.4 (0.9.4+1 available)
  file_selector_macos 0.9.5 (0.9.5+1 available)
  file_selector_windows 0.9.3+5 (0.9.3+6 available)
  flutter_lints 4.0.0 (6.0.0 available)
  flutter_secure_storage 10.3.1 (11.1.0 available)
  flutter_secure_storage_darwin 0.3.2 (0.4.1 available)
  flutter_secure_storage_platform_interface 2.0.3 (2.1.0 available)
  flutter_secure_storage_windows 4.1.0 (4.2.2 available)
  hooks 2.0.2 (2.2.0 available)
  html 0.15.6 (0.15.7 available)
  jni_flutter 1.0.2 (1.0.3 available)
  jovial_svg 1.1.29 (1.1.30 available)
  lints 4.0.0 (6.1.0 available)
  matcher 0.12.17 (0.12.20 available)
  material_color_utilities 0.11.1 (0.13.1 available)
  meta 1.17.0 (1.19.0 available)
  objective_c 9.5.0 (9.6.0 available)
  package_config 2.2.0 (3.0.0 available)
  platform 3.1.6 (3.2.0 available)
  pub_semver 2.2.0 (2.2.1 available)
  record_use 0.6.0 (1.1.1 available)
  stack_trace 1.12.1 (1.12.2 available)
  test_api 0.7.7 (0.7.14 available)
  url_launcher_android 6.3.30 (6.3.33 available)
  url_launcher_ios 6.4.1 (6.4.2 available)
  url_launcher_linux 3.2.2 (3.2.3 available)
  url_launcher_macos 3.2.5 (3.2.6 available)
  url_launcher_windows 3.1.5 (3.1.6 available)
  vector_math 2.2.0 (2.4.2 available)
  video_player 2.11.1 (2.14.0 available)
  video_player_android 2.9.5 (2.12.2 available)
  video_player_avfoundation 2.11.0 (2.12.0 available)
  win32 5.15.0 (6.4.0 available)
  xml 6.6.1 (7.0.1 available)
  yaml 3.1.3 (3.1.4 available)
Got dependencies!
40 packages have newer versions incompatible with dependency constraints.
Try `flutter pub outdated` for more information.
Building Linux application...                                   
ERROR: Target dart_build failed: Error: Failed to find any of [ld.lld, ld] in LocalDirectory: '/usr/lib/llvm-18/bin'
Build process failed
