00:00 +0: loading E:/r12client/packages/app_shell/test/pokrov_seed_app_test.dart
00:00 +0: diagnostics creates a case with one encrypted bundle action
══╡ EXCEPTION CAUGHT BY FLUTTER TEST FRAMEWORK ╞════════════════════════════════════════════════════
The following TestFailure was thrown running a test:
Expected: '3f2261b86b6a1d94c034d4f3ad70f4e110c7739f19e254ac16ab52221042ae7d'
  Actual: 'd5ad73aa33898dddcba44144fc60a621cdd4f2280b8e37668f13a5f2c6f85cda'
   Which: is different.
          Expected: 3f2261b86b ...
            Actual: d5ad73aa33 ...
                    ^
           Differ at offset 0

When the exception was thrown, this was the stack:
#4      main.<anonymous closure> (file:///E:/r12client/packages/app_shell/test/pokrov_seed_app_test.dart:9189:5)
<asynchronous suspension>
#5      testWidgets.<anonymous closure>.<anonymous closure> (package:flutter_test/src/widget_tester.dart:192:15)
<asynchronous suspension>
#6      TestWidgetsFlutterBinding._runTestBody (package:flutter_test/src/binding.dart:1059:5)
<asynchronous suspension>
<asynchronous suspension>
(elided one frame from package:stack_trace)

This was caught by the test expectation on the following line:
  file:///E:/r12client/packages/app_shell/test/pokrov_seed_app_test.dart line 9189
The test description was:
  diagnostics creates a case with one encrypted bundle action
════════════════════════════════════════════════════════════════════════════════════════════════════
00:02 +0 -1: diagnostics creates a case with one encrypted bundle action [E]
  Test failed. See exception logs above.
  The test description was: diagnostics creates a case with one encrypted bundle action
  
Warning: At least one test in this suite creates an HttpClient. When running a test suite that uses
TestWidgetsFlutterBinding, all HTTP requests will return status code 400, and no network request
will actually be made. Any test expecting a real network connection and status code will fail.
To test code that needs an HttpClient, provide your own HttpClient implementation to the code under
test, so that your test can consistently provide a testable response to the code under test.
00:02 +0 -1: Some tests failed.
