DEBUG[0000] POKROV CORE libbox.Setup success
DEBUG[0000] POKROV CORE StartGrpcServerByMode OLD
DEBUG[0000] POKROV CORE stored POKROV settings unavailable
DEBUG[0000] [Service] Restarting
DEBUG[0000] [Service] Restarting
DEBUG[0000] [Service] Restarting
DEBUG[0000] [Service] Restarting
DEBUG[0001] [Service] Restarting
DEBUG[0001] [Service] Restarting
DEBUG[0001] [Service] Restarting
DEBUG[0001] [Service] Restarting
DEBUG[0001] [Service] Restarting
DEBUG[0002] [Service] Restarting
DEBUG[0002] [Service] Restarting
DEBUG[0002] [Service] Restarting
DEBUG[0002] [Service] Restarting
DEBUG[0003] [Service] Restarting
DEBUG[0003] [Service] Restarting
DEBUG[0003] [Service] Restarting
DEBUG[0003] [Service] Restarting
DEBUG[0004] [Service] Restarting
DEBUG[0004] [Service] Restarting
DEBUG[0004] [Service] Restarting
DEBUG[0004] [Service] Restarting
DEBUG[0005] [Service] Restarting
DEBUG[0005] [Service] Restarting
DEBUG[0005] [Service] Restarting
DEBUG[0005] [Service] Restarting
DEBUG[0006] [Service] Restarting
DEBUG[0006] [Service] Restarting
DEBUG[0006] [Service] Restarting
DEBUG[0006] [Service] Restarting
DEBUG[0006] [Service] Restarting
DEBUG[0007] [Service] Restarting
DEBUG[0007] [Service] Restarting
DEBUG[0007] [Service] Restarting
DEBUG[0007] [Service] Restarting
DEBUG[0008] [Service] Restarting
DEBUG[0008] [Service] Restarting
DEBUG[0008] [Service] Restarting
DEBUG[0008] [Service] Restarting
DEBUG[0009] [Service] Restarting
DEBUG[0009] [Service] Restarting
DEBUG[0009] [Service] Restarting
DEBUG[0009] [Service] Restarting
DEBUG[0010] [Service] Restarting
DEBUG[0010] [Service] Restarting
DEBUG[0010] [Service] Restarting
DEBUG[0010] [Service] Restarting
DEBUG[0011] [Service] Restarting
DEBUG[0011] [Service] Restarting
DEBUG[0011] [Service] Restarting
DEBUG[0011] [Service] Restarting
DEBUG[0012] [Service] Restarting
DEBUG[0012] [Service] Restarting
DEBUG[0012] [Service] Restarting
DEBUG[0012] [Service] Restarting
DEBUG[0012] [Service] Restarting
DEBUG[0013] [Service] Restarting
DEBUG[0013] [Service] Restarting
DEBUG[0013] [Service] Restarting
DEBUG[0013] [Service] Restarting
DEBUG[0014] [Service] Restarting
DEBUG[0014] [Service] Restarting
DEBUG[0014] [Service] Restarting
DEBUG[0014] [Service] Restarting
DEBUG[0015] [Service] Restarting
DEBUG[0015] [Service] Restarting
DEBUG[0015] [Service] Restarting
DEBUG[0015] [Service] Restarting
DEBUG[0016] [Service] Restarting
DEBUG[0016] [Service] Restarting
DEBUG[0016] [Service] Restarting
DEBUG[0016] [Service] Restarting
DEBUG[0017] [Service] Restarting
DEBUG[0017] [Service] Restarting
DEBUG[0017] [Service] Restarting
DEBUG[0017] [Service] Restarting
DEBUG[0018] [Service] Restarting
DEBUG[0018] [Service] Restarting
DEBUG[0018] [Service] Restarting
DEBUG[0018] [Service] Restarting
DEBUG[0019] [Service] Restarting
DEBUG[0019] [Service] Restarting
DEBUG[0019] [Service] Restarting
DEBUG[0019] [Service] Restarting
DEBUG[0020] [Service] Restarting
DEBUG[0020] [Service] Restarting
DEBUG[0020] [Service] Restarting
DEBUG[0020] [Service] Restarting
DEBUG[0021] [Service] Restarting
DEBUG[0021] [Service] Restarting
DEBUG[0021] [Service] Restarting
DEBUG[0021] [Service] Restarting
DEBUG[0022] [Service] Restarting
DEBUG[0022] [Service] Restarting
DEBUG[0022] [Service] Restarting
DEBUG[0022] [Service] Restarting
DEBUG[0023] [Service] Restarting
DEBUG[0023] [Service] Restarting
DEBUG[0023] [Service] Restarting
DEBUG[0023] [Service] Restarting
DEBUG[0024] [Service] Restarting
DEBUG[0024] [Service] Restarting
DEBUG[0024] [Service] Restarting
DEBUG[0024] [Service] Restarting
DEBUG[0025] [Service] Restarting
DEBUG[0025] [Service] Restarting
DEBUG[0025] [Service] Restarting
DEBUG[0025] [Service] Restarting
DEBUG[0026] [Service] Restarting
DEBUG[0026] [Service] Restarting
DEBUG[0026] [Service] Restarting
DEBUG[0026] [Service] Restarting
DEBUG[0027] [Service] Restarting
DEBUG[0027] [Service] Restarting
DEBUG[0027] [Service] Restarting
DEBUG[0027] [Service] Restarting
DEBUG[0028] [Service] Restarting
DEBUG[0028] [Service] Restarting
DEBUG[0028] [Service] Restarting
DEBUG[0028] [Service] Restarting
DEBUG[0029] [Service] Restarting
DEBUG[0029] [Service] Restarting
DEBUG[0029] [Service] Restarting
DEBUG[0030] [Service] Restarting
DEBUG[0030] [Service] Restarting
DEBUG[0030] [Service] Restarting
DEBUG[0030] [Service] Restarting
DEBUG[0031] [Service] Restarting
DEBUG[0031] [Service] Restarting
DEBUG[0031] [Service] Restarting
DEBUG[0031] [Service] Restarting
DEBUG[0032] [Service] Restarting
DEBUG[0032] [Service] Restarting
DEBUG[0032] [Service] Restarting
DEBUG[0032] [Service] Restarting
DEBUG[0033] [Service] Restarting
DEBUG[0033] [Service] Restarting
DEBUG[0033] [Service] Restarting
DEBUG[0034] [Service] Restarting
DEBUG[0034] [Service] Restarting
DEBUG[0034] [Service] Restarting
DEBUG[0034] [Service] Restarting
DEBUG[0035] [Service] Restarting
DEBUG[0035] [Service] Restarting
DEBUG[0035] [Service] Restarting
DEBUG[0035] [Service] Restarting
DEBUG[0036] [Service] Restarting
DEBUG[0036] [Service] Restarting
DEBUG[0036] [Service] Restarting
DEBUG[0036] [Service] Restarting
DEBUG[0037] [Service] Restarting
DEBUG[0037] [Service] Restarting
DEBUG[0037] [Service] Restarting
DEBUG[0038] [Service] Restarting
DEBUG[0038] [Service] Restarting
DEBUG[0038] [Service] Restarting
DEBUG[0038] [Service] Restarting
DEBUG[0039] [Service] Restarting
DEBUG[0039] [Service] Restarting
DEBUG[0039] [Service] Restarting
DEBUG[0039] [Service] Restarting
DEBUG[0040] [Service] Restarting
DEBUG[0040] [Service] Restarting
DEBUG[0040] [Service] Restarting
DEBUG[0041] [Service] Restarting
DEBUG[0041] [Service] Restarting
DEBUG[0041] [Service] Restarting
DEBUG[0041] [Service] Restarting
DEBUG[0042] [Service] Restarting
DEBUG[0042] [Service] Restarting
DEBUG[0042] [Service] Restarting
DEBUG[0042] [Service] Restarting
DEBUG[0043] [Service] Restarting
DEBUG[0043] [Service] Restarting
DEBUG[0043] [Service] Restarting
DEBUG[0044] [Service] Restarting
DEBUG[0044] [Service] Restarting
DEBUG[0044] [Service] Restarting
DEBUG[0044] [Service] Restarting
DEBUG[0045] [Service] Restarting
DEBUG[0045] [Service] Restarting
DEBUG[0045] [Service] Restarting
DEBUG[0045] [Service] Restarting
DEBUG[0046] [Service] Restarting
DEBUG[0046] [Service] Restarting
DEBUG[0046] [Service] Restarting
DEBUG[0047] [Service] Restarting
DEBUG[0047] [Service] Restarting
DEBUG[0047] [Service] Restarting
DEBUG[0047] [Service] Restarting
DEBUG[0048] [Service] Restarting
DEBUG[0048] [Service] Restarting
DEBUG[0048] [Service] Restarting
DEBUG[0049] [Service] Restarting
DEBUG[0049] [Service] Restarting
DEBUG[0049] [Service] Restarting
DEBUG[0049] [Service] Restarting
DEBUG[0050] [Service] Restarting
DEBUG[0050] [Service] Restarting
DEBUG[0050] [Service] Restarting
DEBUG[0051] [Service] Restarting
DEBUG[0051] [Service] Restarting
DEBUG[0051] [Service] Restarting
DEBUG[0051] [Service] Restarting
DEBUG[0052] [Service] Restarting
DEBUG[0052] [Service] Restarting
DEBUG[0052] [Service] Restarting
DEBUG[0052] [Service] Restarting
DEBUG[0053] [Service] Restarting
DEBUG[0053] [Service] Restarting
DEBUG[0053] [Service] Restarting
DEBUG[0054] [Service] Restarting
DEBUG[0054] [Service] Restarting
DEBUG[0054] [Service] Restarting
DEBUG[0054] [Service] Restarting
DEBUG[0055] [Service] Restarting
DEBUG[0055] [Service] Restarting
DEBUG[0055] [Service] Restarting
DEBUG[0056] [Service] Restarting
DEBUG[0056] [Service] Restarting
DEBUG[0056] [Service] Restarting
DEBUG[0056] [Service] Restarting
DEBUG[0057] [Service] Restarting
DEBUG[0057] [Service] Restarting
DEBUG[0057] [Service] Restarting
DEBUG[0058] [Service] Restarting
DEBUG[0058] [Service] Restarting
DEBUG[0058] [Service] Restarting
DEBUG[0058] [Service] Restarting
DEBUG[0059] [Service] Restarting
DEBUG[0059] [Service] Restarting
DEBUG[0059] [Service] Restarting
DEBUG[0060] [Service] Restarting
DEBUG[0060] [Service] Restarting
DEBUG[0060] [Service] Restarting
DEBUG[0060] [Service] Restarting
DEBUG[0061] [Service] Restarting
DEBUG[0061] [Service] Restarting
DEBUG[0061] [Service] Restarting
DEBUG[0062] [Service] Restarting
DEBUG[0062] [Service] Restarting
DEBUG[0062] [Service] Restarting
DEBUG[0062] [Service] Restarting
DEBUG[0063] [Service] Restarting
DEBUG[0063] [Service] Restarting
DEBUG[0063] [Service] Restarting
DEBUG[0064] [Service] Restarting
DEBUG[0064] [Service] Restarting
DEBUG[0064] [Service] Restarting
DEBUG[0064] [Service] Restarting
DEBUG[0065] [Service] Restarting
DEBUG[0065] [Service] Restarting
DEBUG[0065] [Service] Restarting
DEBUG[0066] [Service] Restarting
DEBUG[0066] [Service] Restarting
DEBUG[0066] [Service] Restarting
DEBUG[0067] [Service] Restarting
DEBUG[0067] [Service] Restarting
DEBUG[0067] [Service] Restarting
DEBUG[0067] [Service] Restarting
DEBUG[0068] [Service] Restarting
DEBUG[0068] [Service] Restarting
DEBUG[0068] [Service] Restarting
DEBUG[0069] [Service] Restarting
DEBUG[0069] [Service] Restarting
DEBUG[0069] [Service] Restarting
DEBUG[0070] [Service] Restarting
DEBUG[0070] [Service] Restarting
DEBUG[0070] [Service] Restarting
DEBUG[0071] [Service] Restarting
DEBUG[0071] [Service] Restarting
DEBUG[0071] [Service] Restarting
DEBUG[0071] [Service] Restarting
DEBUG[0072] [Service] Restarting
DEBUG[0072] [Service] Restarting
DEBUG[0072] [Service] Restarting
DEBUG[0073] [Service] Restarting
DEBUG[0073] [Service] Restarting
DEBUG[0073] [Service] Restarting
DEBUG[0074] [Service] Restarting
DEBUG[0074] [Service] Restarting
DEBUG[0074] [Service] Restarting
DEBUG[0075] [Service] Restarting
DEBUG[0075] [Service] Restarting
DEBUG[0075] [Service] Restarting
DEBUG[0075] [Service] Restarting
DEBUG[0076] [Service] Restarting
DEBUG[0076] [Service] Restarting
DEBUG[0076] [Service] Restarting
DEBUG[0077] [Service] Restarting
DEBUG[0077] [Service] Restarting
DEBUG[0077] [Service] Restarting
DEBUG[0078] [Service] Restarting
DEBUG[0078] [Service] Restarting
DEBUG[0078] [Service] Restarting
DEBUG[0078] [Service] Restarting
DEBUG[0079] [Service] Restarting
DEBUG[0079] [Service] Restarting
DEBUG[0079] [Service] Restarting
DEBUG[0080] [Service] Restarting
DEBUG[0080] [Service] Restarting
{"status": "PASS_BOUNDED", "dll_sha256": "40101389b7713b869a9472bd3afe3aa19000b1d98f79d50cb88b61a235be531e", "scheduler": "Go default; GOMAXPROCS unset", "cycles": 300, "start_restart_stop": true, "loopback_sessions_cancelled": 600, "network_scope": "127.0.0.1 only; no TUN or host route changes", "last_twenty_handle_range": [436, 436], "final_handles": 436, "goroutine_measurement": "not exported by ABI; covered by separate source race test"}
