00:00 +0: loading E:/r12client/apps/windows_shell/test/widget_test.dart
00:00 +0: E:/r12client/apps/windows_shell/test/widget_test.dart: windows release metadata is stable rather than prerelease
00:00 +1: E:/r12client/apps/windows_shell/test/widget_test.dart: windows minimum size keeps the compact drawer lane reachable
00:00 +2: E:/r12client/apps/windows_shell/test/widget_test.dart: windows tray connection label reports actionable state
00:00 +3: E:/r12client/apps/windows_shell/test/widget_test.dart: windows tray icon resolves beside the installed executable
00:00 +4: E:/r12client/apps/windows_shell/test/widget_test.dart: windows tray show window restores minimized windows before focusing
00:00 +5: E:/r12client/apps/windows_shell/test/widget_test.dart: windows tray show window skips restore when already visible
00:00 +6: E:/r12client/apps/windows_shell/test/widget_test.dart: windows close hides to tray while prevent-close is active
00:00 +7: E:/r12client/apps/windows_shell/test/widget_test.dart: windows close exits when close-to-tray is disabled
00:00 +8: E:/r12client/apps/windows_shell/test/widget_test.dart: windows close leaves the window alone when prevent-close is off
00:00 +9: E:/r12client/apps/windows_shell/test/widget_test.dart: windows tray exit destroys tray before the native window
00:00 +10: E:/r12client/apps/windows_shell/test/widget_test.dart: windows startup and acquisition arguments are explicit and exact
00:00 +11: E:/r12client/apps/windows_shell/test/widget_test.dart: windows tunnel authorization accepts the authenticated service
00:00 +12: E:/r12client/apps/windows_shell/test/widget_test.dart: windows tunnel authorization rejects an untrusted service
00:00 +13: E:/r12client/apps/windows_shell/test/widget_test.dart: windows service status accepts a consistent authenticated probe
00:00 +14: E:/r12client/apps/windows_shell/test/widget_test.dart: windows service status rejects inconsistent or unsupported input
00:00 +15: E:/r12client/apps/windows_shell/test/widget_test.dart: windows shell boots the shared protection surface
00:00 +16: E:/r12client/apps/windows_shell/test/widget_test.dart: windows shell boots the shared protection surface
00:00 +17: E:/r12client/apps/windows_shell/test/widget_test.dart: windows shell boots the shared protection surface
00:00 +18: E:/r12client/apps/windows_shell/test/widget_test.dart: windows shell boots the shared protection surface
00:00 +19: E:/r12client/apps/windows_shell/test/widget_test.dart: windows shell boots the shared protection surface
00:00 +20: E:/r12client/apps/windows_shell/test/widget_test.dart: windows shell boots the shared protection surface
00:00 +21: E:/r12client/apps/windows_shell/test/widget_test.dart: windows shell boots the shared protection surface
00:00 +21 -1: E:/r12client/apps/windows_shell/test/widget_test.dart: windows shell boots the shared protection surface
00:00 +21 -1: E:/r12client/apps/windows_shell/test/windows_release_contract_test.dart: windows service bootstrap owns a typed authenticated pipe [E]
  Expected: contains 'processed_client_count'
    Actual: '#include "service_server.h"\n'
              '\n'
              '#include <bcrypt.h>\n'
              '\n'
              '#include <algorithm>\n'
              '#include <array>\n'
              '#include <cstdint>\n'
              '#include <optional>\n'
              '#include <memory>\n'
              '#include <utility>\n'
              '#include <vector>\n'
              '#include <atomic>\n'
              '#include <thread>\n'
              '\n'
              '#include "service_protocol.h"\n'
              '#include "service_events.h"\n'
              '#include "service_runtime.h"\n'
              '#include "service_security.h"\n'
              '#include "service_dispatcher.h"\n'
              '#include "windows_crash_profile.h"\n'
              '\n'
              'namespace pokrov::service {\n'
              'namespace {\n'
              '\n'
              'constexpr std::uint64_t kServiceCapabilities =\n'
              '    kCapabilityProtocolV1 | kCapabilityStatus | kCapabilityRuntimeControl |\n'
              '    kCapabilityProfileIdentity | kCapabilityCancellation;\n'
              'constexpr std::uint64_t kMaximumDeadlineLeadMs = 5 * 60 * 1000;\n'
              '// Release a stalled session before the normal client\'s five-second pipe\n'
              '// acquisition budget expires. Header and body share one transfer deadline.\n'
              'constexpr ULONGLONG kFrameTransferTimeoutMs = 3000;\n'
              '\n'
              'std::uint64_t UnixTimeMilliseconds() {\n'
              '  FILETIME file_time{};\n'
              '  ::GetSystemTimeAsFileTime(&file_time);\n'
              '  ULARGE_INTEGER ticks{};\n'
              '  ticks.LowPart = file_time.dwLowDateTime;\n'
              '  ticks.HighPart = file_time.dwHighDateTime;\n'
              '  constexpr std::uint64_t kWindowsToUnixEpochTicks =\n'
              '      116444736000000000ULL;\n'
              '  return (ticks.QuadPart - kWindowsToUnixEpochTicks) / 10000ULL;\n'
              '}\n'
              '\n'
              'bool GenerateIdentifier(Identifier* output) {\n'
              '  return output != nullptr &&\n'
              '         ::BCryptGenRandom(nullptr, output->data(),\n'
              '                           static_cast<ULONG>(output->size()),\n'
              '                           BCRYPT_USE_SYSTEM_PREFERRED_RNG) == 0 &&\n'
              '         !IsZeroIdentifier(*output);\n'
              '}\n'
              '\n'
              'bool WaitForIo(HANDLE pipe, HANDLE stop_event, OVERLAPPED* overlapped,\n'
              '               DWORD* transferred, DWORD timeout_ms = INFINITE) {\n'
              '  const HANDLE waits[] = {stop_event, overlapped->hEvent};\n'
              '  const DWORD wait = ::WaitForMultipleObjects(2, waits, FALSE, timeout_ms);\n'
              '  if (wait != WAIT_OBJECT_0 + 1) {\n'
              '    ::CancelIoEx(pipe, overlapped);\n'
              '    ::GetOverlappedResult(pipe, overlapped, transferred, TRUE);\n'
              '    return false;\n'
              '  }\n'
              '  return wait == WAIT_OBJECT_0 + 1 &&\n'
              '         ::GetOverlappedResult(pipe, overlapped, transferred, FALSE) != FALSE;\n'
              '}\n'
              '\n'
              'bool TransferExact(HANDLE pipe, HANDLE stop_event, void* buffer,\n'
              '                   std::size_t size, bool write, ULONGLONG deadline) {\n'
              '  auto* bytes = static_cast<std::uint8_t*>(buffer);\n'
              '  std::size_t offset = 0;\n'
              '  while (offset < size) {\n'
              '    const auto now = ::GetTickCount64();\n'
              '    if (now >= deadline) {\n'
              '      return false;\n'
              '    }\n'
              '    OVERLAPPED overlapped{};\n'
              '    overlapped.hEvent = ::CreateEventW(nullptr, TRUE, FALSE, nullptr);\n'
              '    if (overlapped.hEvent == nullptr) {\n'
              '      return false;\n'
              '    }\n'
              '    DWORD transferred = 0;\n'
              '    const DWORD chunk = static_cast<DWORD>(size - offset);\n'
              '    const BOOL completed =\n'
              '        write ? ::WriteFile(pipe, bytes + offset, chunk, &transferred,\n'
              '                            &overlapped)\n'
              '              : ::ReadFile(pipe, bytes + offset, chunk, &transferred,\n'
              '                           &overlapped);\n'
              '    bool success = completed != FALSE;\n'
              '    if (!success && ::GetLastError() == ERROR_IO_PENDING) {\n'
              '      success = WaitForIo(pipe, stop_event, &overlapped, &transferred,\n'
              '                           static_cast<DWORD>(deadline - now));\n'
              '    }\n'
              '    ::CloseHandle(overlapped.hEvent);\n'
              '    if (!success || transferred == 0) {\n'
              '      return false;\n'
              '    }\n'
              '    offset += transferred;\n'
              '  }\n'
              '  return true;\n'
              '}\n'
              '\n'
              'std::optional<Frame> ReadFrame(HANDLE pipe, HANDLE stop_event) {\n'
              '  const auto deadline = ::GetTickCount64() + kFrameTransferTimeoutMs;\n'
              '  std::array<std::uint8_t, kFrameHeaderSize> header{};\n'
              '  if (!TransferExact(pipe, stop_event, header.data(), header.size(), false,\n'
              '                      deadline)) {\n'
              '    return std::nullopt;\n'
              '  }\n'
              '  const auto expected = ExpectedFrameSize(header.data(), header.size());\n'
              '  if (!expected.has_value()) {\n'
              '    return std::nullopt;\n'
              '  }\n'
              '  std::vector<std::uint8_t> bytes(*expected);\n'
              '  std::copy(header.begin(), header.end(), bytes.begin());\n'
              '  if (bytes.size() > header.size() &&\n'
              '      !TransferExact(pipe, stop_event, bytes.data() + header.size(),\n'
              '                     bytes.size() - header.size(), false, deadline)) {\n'
              '    return std::nullopt;\n'
              '  }\n'
              '  return Decode(bytes.data(), bytes.size());\n'
              '}\n'
              '\n'
              'bool WriteFrame(HANDLE pipe, HANDLE stop_event, const Frame& frame) {\n'
              '  auto bytes = Encode(frame);\n'
              '  return !bytes.empty() &&\n'
              '         TransferExact(pipe, stop_event, bytes.data(), bytes.size(), true,\n'
              '                         ::GetTickCount64() + kFrameTransferTimeoutMs);\n'
              '}\n'
              '\n'
              'bool ConnectClient(HANDLE pipe, HANDLE stop_event) {\n'
              '  OVERLAPPED overlapped{};\n'
              '  overlapped.hEvent = ::CreateEventW(nullptr, TRUE, FALSE, nullptr);\n'
              '  if (overlapped.hEvent == nullptr) {\n'
              '    return false;\n'
              '  }\n'
              '  BOOL connected = ::ConnectNamedPipe(pipe, &overlapped);\n'
              '  DWORD error = connected ? ERROR_SUCCESS : ::GetLastError();\n'
              '  bool success = connected != FALSE || error == ERROR_PIPE_CONNECTED;\n'
              '  if (error == ERROR_IO_PENDING) {\n'
              '    DWORD transferred = 0;\n'
              '    success = WaitForIo(pipe, stop_event, &overlapped, &transferred);\n'
              '  }\n'
              '  ::CloseHandle(overlapped.hEvent);\n'
              '  return success;\n'
              '}\n'
              '\n'
              'Frame ResponseFor(const Frame& request, Status status,\n'
              '                  const Identifier& session_token, std::string body = "") {\n'
              '  return Frame{\n'
              '      FrameKind::kResponse,\n'
              '      request.command,\n'
              '      status,\n'
              '      request.correlation_id,\n'
              '      session_token,\n'
              '      {},\n'
              '      0,\n'
              '      request.command == Command::kHello ? kServiceCapabilities : 0,\n'
              '      std::move(body),\n'
              '  };\n'
              '}\n'
              '\n'
              'bool ProcessClient(HANDLE pipe, HANDLE stop_event,\n'
              '                   const std::wstring& owner_sid, RuntimeDispatcher* dispatcher,\n'
              '                   bool* authorized, ServiceEventSink* events) {\n'
              '  const auto hello = ReadFrame(pipe, stop_event);\n'
              '  *authorized = AuthorizeNamedPipeCaller(pipe, owner_sid);\n'
              '  if (!*authorized) {\n'
              '    if (events != nullptr) {\n'
              '      events->Record(ServiceEvent::kIpcSessionRejected,\n'
              '                     ServiceEventOutcome::kRejected);\n'
              '    }\n'
              '    return false;\n'
              '  }\n'
              '  if (!hello.has_value() || hello->kind != FrameKind::kHelloRequest ||\n'
              '      hello->command != Command::kHello) {\n'
              '    if (events != nullptr) {\n'
              '      events->Record(ServiceEvent::kIpcSessionRejected,\n'
              '                     ServiceEventOutcome::kRejected);\n'
              '    }\n'
              '    return false;\n'
              '  }\n'
              '  if (events != nullptr) {\n'
              '    events->Record(ServiceEvent::kIpcSessionAccepted,\n'
              '                   ServiceEventOutcome::kAccepted);\n'
              '    events->RecordIpcRequest(hello->command, hello->correlation_id);\n'
              '  }\n'
              '\n'
              '  Identifier session_token{};\n'
              '  if (!GenerateIdentifier(&session_token)) {\n'
              '    return false;\n'
              '  }\n'
              '  const bool compatible =\n'
              '      (hello->capabilities & kCapabilityProtocolV1) != 0 &&\n'
              '      (hello->capabilities & kCapabilityStatus) != 0 &&\n'
              '      (hello->capabilities & kCapabilityProfileIdentity) != 0 &&\n'
              '      (hello->capabilities & kCapabilityCancellation) != 0;\n'
              '  const auto negotiated_capabilities =\n'
              '      hello->capabilities & kServiceCapabilities;\n'
              '  const auto hello_response = ResponseFor(\n'
              '      *hello, compatible ? Status::kOk : Status::kUnsupported, session_token,\n'
              '      compatible ? "service_protocol_v1" : "unsupported_capabilities");\n'
              '  if (events != nullptr) {\n'
              '    events->RecordIpcResponse(hello->command, hello_response.status,\n'
              '                              hello->correlation_id);\n'
              '  }\n'
              '  if (!WriteFrame(pipe, stop_event, hello_response)) {\n'
              '    return false;\n'
              '  }\n'
              '  if (!compatible) {\n'
              '    // Let the peer consume the rejection and close, within the same bounded\n'
              '    // idle-read policy. No follow-up command from this session is executed.\n'
              '    ReadFrame(pipe, stop_event);\n'
              '    return false;\n'
              '  }\n'
              '\n'
              '  std::vector<Identifier> used_nonces;\n'
              '  used_nonces.reserve(256);\n'
              '  while (::WaitForSingleObject(stop_event, 0) != WAIT_OBJECT_0) {\n'
              '    const auto request = ReadFrame(pipe, stop_event);\n'
              '    if (!request.has_value()) {\n'
              '      return true;\n'
              '    }\n'
              '    if (request->kind != FrameKind::kRequest) {\n'
              '      if (events != nullptr) {\n'
              '        events->Record(ServiceEvent::kIpcSessionRejected,\n'
              '                       ServiceEventOutcome::kRejected);\n'
              '      }\n'
              '      return false;\n'
              '    }\n'
              '    if (events != nullptr) {\n'
              '      events->RecordIpcRequest(request->command, request->correlation_id);\n'
              '    }\n'
              '\n'
              '    Status status = Status::kOk;\n'
              '    std::string body;\n'
              '    const auto monotonic_now = ::GetTickCount64();\n'
              '    const auto now = UnixTimeMilliseconds();\n'
              '    if (request->session_token != session_token) {\n'
              '      status = Status::kUnauthorized;\n'
              '      body = "session_mismatch";\n'
              '    } else if (request->deadline_unix_ms < now) {\n'
              '      status = Status::kDeadlineExceeded;\n'
              '      body = "deadline_exceeded";\n'
              '    } else if (request->deadline_unix_ms - now > kMaximumDeadlineLeadMs) {\n'
              '      status = Status::kInvalid;\n'
              '      body = "deadline_too_far";\n'
              '    } else if (std::find(used_nonces.begin(), used_nonces.end(),\n'
              '                         request->operation_nonce) != used_nonces.end()) {\n'
              '      status = Status::kReplay;\n'
              '      body = "operation_replay";\n'
              '    } else if (used_nonces.size() == used_nonces.capacity()) {\n'
              '      status = Status::kNotReady;\n'
              '      body = "session_nonce_capacity";\n'
              '    } else {\n'
              '      used_nonces.push_back(request->operation_nonce);\n'
              '      const bool runtime_command =\n'
              '          request->command == Command::kInitialize ||\n'
              '          request->command == Command::kStageProfile ||\n'
              '          request->command == Command::kInvalidateProfile ||\n'
              '          request->command == Command::kConnect ||\n'
              '          request->command == Command::kCancel ||\n'
              '          request->command == Command::kDisconnect;\n'
              '      if (dispatcher == nullptr) {\n'
              '        status = Status::kNotReady;\n'
              '        body = "runtime_not_owned";\n'
              '      } else if (runtime_command &&\n'
              '                 (negotiated_capabilities & kCapabilityRuntimeControl) == 0) {\n'
              '        status = Status::kUnsupported;\n'
              '        body = "runtime_capability_required";\n'
              '      } else if (request->command == Command::kCancel &&\n'
              '                 (negotiated_capabilities & kCapabilityCancellation) == 0) {\n'
              '        status = Status::kUnsupported;\n'
              '        body = "cancellation_capability_required";\n'
              '      } else {\n'
              '        auto result = dispatcher->Execute(*request, stop_event,\n'
              '            monotonic_now + request->deadline_unix_ms - now);\n'
              '        status = result.status;\n'
              '        body = std::move(result.body);\n'
              '      }\n'
              '    }\n'
              '    const auto response =\n'
              '        ResponseFor(*request, status, session_token, std::move(body));\n'
              '    if (events != nullptr) {\n'
              '      events->RecordIpcResponse(request->command, status,\n'
              '                                request->correlation_id);\n'
              '    }\n'
              '    if (!WriteFrame(pipe, stop_event, response)) {\n'
              '      return false;\n'
              '    }\n'
              '  }\n'
              '  return true;\n'
              '}\n'
              '\n'
              'DWORD ServeClients(const std::wstring& pipe_name, const std::wstring& owner_sid,\n'
              '                   HANDLE stop_event, std::size_t test_client_limit,\n'
              '                   ServiceEventSink* events, RuntimeHost* runtime) {\n'
              '  PipeSecurity security;\n'
              '  if (!security.Initialize(owner_sid)) return ERROR_INVALID_SECURITY_DESCR;\n'
              '  RuntimeDispatcher dispatcher(runtime);\n'
              '  struct ClientThread {\n'
              '    std::thread thread;\n'
              '    std::atomic<bool> done{false};\n'
              '    DWORD result = ERROR_SUCCESS;\n'
              '    std::size_t index = 0;\n'
              '  };\n'
              '  constexpr std::size_t kMaximumClients = 8;\n'
              '  std::vector<std::unique_ptr<ClientThread>> clients;\n'
              '  std::size_t accepted = 0;\n'
              '  DWORD server_result = ERROR_SUCCESS;\n'
              '  DWORD last_client_result = ERROR_SUCCESS;\n'
              '  std::size_t last_client_index = 0;\n'
              '  const auto join = [&](ClientThread& client) {\n'
              '    client.thread.join();\n'
              '    if (client.index >= last_client_index) {\n'
              '      last_client_index = client.index;\n'
              '      last_client_result = client.result;\n'
              '    }\n'
              '  };\n'
              '  while (::WaitForSingleObject(stop_event, 0) != WAIT_OBJECT_0 &&\n'
              '         (test_client_limit == 0 || accepted < test_client_limit)) {\n'
              '    for (auto iterator = clients.begin(); iterator != clients.end();) {\n'
              '      if ((*iterator)->done) {\n'
              '        join(**iterator);\n'
              '        iterator = clients.erase(iterator);\n'
              '      } else {\n'
              '        ++iterator;\n'
              '      }\n'
              '    }\n'
              '    if (clients.size() == kMaximumClients) {\n'
              '      ::WaitForSingleObject(stop_event, 25);\n'
              '      continue;\n'
              '    }\n'
              '    const HANDLE pipe = ::CreateNamedPipeW(\n'
              '        pipe_name.c_str(), PIPE_ACCESS_DUPLEX | FILE_FLAG_OVERLAPPED,\n'
              '        PIPE_TYPE_BYTE | PIPE_READMODE_BYTE | PIPE_WAIT | PIPE_REJECT_REMOTE_CLIENTS,\n'
              '        static_cast<DWORD>(kMaximumClients), static_cast<DWORD>(kMaxFrameSize),\n'
              '        static_cast<DWORD>(kMaxFrameSize), 0, security.attributes());\n'
              '    if (pipe == INVALID_HANDLE_VALUE) {\n'
              '      server_result = ::GetLastError();\n'
              '      ::SetEvent(stop_event);\n'
              '      break;\n'
              '    }\n'
              '    if (!ConnectClient(pipe, stop_event)) {\n'
              '      server_result = ::WaitForSingleObject(stop_event, 0) == WAIT_OBJECT_0\n'
              '                          ? ERROR_SUCCESS : ::GetLastError();\n'
              '      ::CloseHandle(pipe);\n'
              '      ::SetEvent(stop_event);\n'
              '      break;\n'
              '    }\n'
              '    auto client = std::make_unique<ClientThread>();\n'
              '    client->index = ++accepted;\n'
              '    auto* state = client.get();\n'
              '    try {\n'
              '      state->thread = std::thread([&, pipe, state] {\n'
              '        bool authorized = false;\n'
              '        const bool processed = ProcessClient(pipe, stop_event, owner_sid,\n'
              '                                             &dispatcher, &authorized, events);\n'
              '        ::DisconnectNamedPipe(pipe);\n'
              '        ::CloseHandle(pipe);\n'
              '        if (authorized && events != nullptr) {\n'
              '          events->Record(ServiceEvent::kIpcSessionClosed, ServiceEventOutcome::kSucceeded);\n'
              '        }\n'
              '        state->result = !authorized ? ERROR_ACCESS_DENIED\n'
              '                         : !processed ? ERROR_INVALID_DATA : ERROR_SUCCESS;\n'
              '        state->done = true;\n'
              '      });\n'
              '    } catch (const std::system_error&) {\n'
              '      ::DisconnectNamedPipe(pipe);\n'
              '      ::CloseHandle(pipe);\n'
              '      server_result = ERROR_NOT_ENOUGH_MEMORY;\n'
              '      ::SetEvent(stop_event);\n'
              '      break;\n'
              '    }\n'
              '    clients.push_back(std::move(client));\n'
              '  }\n'
              '  for (auto& client : clients) join(*client);\n'
              '  return server_result != ERROR_SUCCESS ? server_result\n'
              '         : test_client_limit != 0 ? last_client_result : ERROR_SUCCESS;\n'
              '}\n'
              '\n'
              '}  // namespace\n'
              '\n'
              '#ifdef _DEBUG\n'
              'DWORD RunPipeServerForTest(const std::wstring& pipe_name,\n'
              '                          const std::wstring& owner_sid, HANDLE stop_event,\n'
              '                          RuntimeHost* runtime) {\n'
              '  if (pipe_name.rfind(kTestPipePrefix, 0) != 0 || owner_sid.empty() ||\n'
              '      stop_event == nullptr || runtime == nullptr) return ERROR_INVALID_PARAMETER;\n'
              '  return ServeClients(pipe_name, owner_sid, stop_event, 0, nullptr, runtime);\n'
              '}\n'
              '#endif\n'
              '\n'
              'DWORD RunPipeServer(const std::wstring& pipe_name,\n'
              '                    const std::wstring& owner_sid, HANDLE stop_event,\n'
              '                    std::size_t test_client_limit, ServiceEventSink* events) {\n'
              '  if (pipe_name.rfind(L"\\\\\\\\.\\\\pipe\\\\POKROV.Service.", 0) != 0 ||\n'
              '      owner_sid.empty() || stop_event == nullptr) {\n'
              '    return ERROR_INVALID_PARAMETER;\n'
              '  }\n'
              '\n'
              '  PipeSecurity security;\n'
              '  if (!security.Initialize(owner_sid)) {\n'
              '    return ERROR_INVALID_SECURITY_DESCR;\n'
              '  }\n'
              '\n'
              '  // Bounded debug IPC fixtures must not open the installed recovery journal.\n'
              '  const auto runtime_root = test_client_limit == 0\n'
              '                                ? ResolveServiceRuntimeRoot()\n'
              '                                : std::wstring{};\n'
              '  auto core = CreateInstalledCoreRuntime();\n'
              '  pokrov::windows_crash::RefreshWindowsCrashProfileModules();\n'
              '  RuntimeHost runtime(std::move(core),\n'
              '                      CreateAuthenticatedEgressProbe(),\n'
              '                      test_client_limit == 0\n'
              '                          ? CreateRuntimeRecovery(runtime_root) : nullptr,\n'
              '                      runtime_root, true,\n'
              '                      events);\n'
              '  runtime.RecoverOnStartup();\n'
              '  const DWORD result = ServeClients(pipe_name, owner_sid, stop_event,\n'
              '                                    test_client_limit, events, &runtime);\n'
              '  runtime.Shutdown();\n'
              '  return result;\n'
              '}\n'
              '\n'
              '}  // namespace pokrov::service\n'
              ''
     Which: does not contain 'processed_client_count'

  package:matcher                                     expect
  package:flutter_test/src/widget_tester.dart 473:18  expect
  test\windows_release_contract_test.dart 412:5       main.<fn>

00:00 +22 -1: E:/r12client/apps/windows_shell/test/widget_test.dart: windows shell boots the shared protection surface
00:00 +23 -1: Some tests failed.
