cross-repository-contract	Materialize bound Core source authority	﻿2026-09-12T02:07:08.6434649Z ##[group]Run $candidateRoot = Join-Path "/home/runner/work/POKROV-app/POKROV-app" "POKROV-core"
cross-repository-contract	Materialize bound Core source authority	2026-09-12T02:07:08.6435292Z ^[[36;1m$candidateRoot = Join-Path "/home/runner/work/POKROV-app/POKROV-app" "POKROV-core"^[[0m
cross-repository-contract	Materialize bound Core source authority	2026-09-12T02:07:08.6435833Z ^[[36;1m$authorityRoot = Join-Path "/home/runner/work/POKROV-app/POKROV-app" "POKROV-core-authority"^[[0m
cross-repository-contract	Materialize bound Core source authority	2026-09-12T02:07:08.6436411Z ^[[36;1m$seedPath = Join-Path "/home/runner/work/POKROV-app/POKROV-app" "client/config/runtime-artifacts.seed.json"^[[0m
cross-repository-contract	Materialize bound Core source authority	2026-09-12T02:07:08.6437005Z ^[[36;1m$boundCore = (Get-Content -Raw -LiteralPath $seedPath | ConvertFrom-Json).core.source_commit^[[0m
cross-repository-contract	Materialize bound Core source authority	2026-09-12T02:07:08.6437414Z ^[[36;1mif ($boundCore -notmatch "^[0-9a-f]{40}$") {^[[0m
cross-repository-contract	Materialize bound Core source authority	2026-09-12T02:07:08.6437780Z ^[[36;1m  throw "Client runtime seed does not contain a full Core source commit."^[[0m
cross-repository-contract	Materialize bound Core source authority	2026-09-12T02:07:08.6438100Z ^[[36;1m}^[[0m
cross-repository-contract	Materialize bound Core source authority	2026-09-12T02:07:08.6438279Z ^[[36;1m^[[0m
cross-repository-contract	Materialize bound Core source authority	2026-09-12T02:07:08.6438518Z ^[[36;1m& git -C $candidateRoot cat-file -e "$boundCore^{commit}"^[[0m
cross-repository-contract	Materialize bound Core source authority	2026-09-12T02:07:08.6438851Z ^[[36;1mif ($LASTEXITCODE -ne 0) {^[[0m
cross-repository-contract	Materialize bound Core source authority	2026-09-12T02:07:08.6439197Z ^[[36;1m  throw "Bound Core source commit is unavailable in the promotion-line checkout."^[[0m
cross-repository-contract	Materialize bound Core source authority	2026-09-12T02:07:08.6439534Z ^[[36;1m}^[[0m
cross-repository-contract	Materialize bound Core source authority	2026-09-12T02:07:08.6439702Z ^[[36;1m^[[0m
cross-repository-contract	Materialize bound Core source authority	2026-09-12T02:07:08.6439984Z ^[[36;1m& git -C $candidateRoot diff --quiet $boundCore HEAD -- . ":(exclude).github/**"^[[0m
cross-repository-contract	Materialize bound Core source authority	2026-09-12T02:07:08.6440323Z ^[[36;1mif ($LASTEXITCODE -ne 0) {^[[0m
cross-repository-contract	Materialize bound Core source authority	2026-09-12T02:07:08.6441032Z ^[[36;1m  throw "Core promotion line changed bound source outside .github while client/main still pins $boundCore."^[[0m
cross-repository-contract	Materialize bound Core source authority	2026-09-12T02:07:08.6441615Z ^[[36;1m}^[[0m
cross-repository-contract	Materialize bound Core source authority	2026-09-12T02:07:08.6441790Z ^[[36;1m^[[0m
cross-repository-contract	Materialize bound Core source authority	2026-09-12T02:07:08.6442061Z ^[[36;1m& git -C $candidateRoot worktree add --detach $authorityRoot $boundCore^[[0m
cross-repository-contract	Materialize bound Core source authority	2026-09-12T02:07:08.6442394Z ^[[36;1mif ($LASTEXITCODE -ne 0) {^[[0m
cross-repository-contract	Materialize bound Core source authority	2026-09-12T02:07:08.6442701Z ^[[36;1m  throw "Failed to materialize the bound Core source authority."^[[0m
cross-repository-contract	Materialize bound Core source authority	2026-09-12T02:07:08.6442999Z ^[[36;1m}^[[0m
cross-repository-contract	Materialize bound Core source authority	2026-09-12T02:07:08.6477690Z shell: /usr/bin/pwsh -command ". '{0}'"
cross-repository-contract	Materialize bound Core source authority	2026-09-12T02:07:08.6477955Z ##[endgroup]
cross-repository-contract	Materialize bound Core source authority	2026-09-12T02:07:16.1644049Z ^[[31;1mException: ^[[0m/home/runner/work/_temp/ae5c3cd8-0853-4c0d-bb95-e19986b23277.ps1:17^[[0m
cross-repository-contract	Materialize bound Core source authority	2026-09-12T02:07:16.1644785Z ^[[31;1m^[[0m^[[36;1mLine |^[[0m
cross-repository-contract	Materialize bound Core source authority	2026-09-12T02:07:16.1645510Z ^[[31;1m^[[0m^[[36;1m^[[36;1m  17 | ^[[0m   ^[[36;1mthrow "Core promotion line changed bound source outside .github whi^[[0m …^[[0m
cross-repository-contract	Materialize bound Core source authority	2026-09-12T02:07:16.1646498Z ^[[31;1m^[[0m^[[36;1m^[[36;1m^[[0m^[[36;1m^[[0m^[[36;1m     | ^[[31;1m   ~~~~~~~~~~~~~~~~~~~~~~~~~~~~~~~~~~~~~~~~~~~~~~~~~~~~~~~~~~~~~~~~~~~^[[0m
cross-repository-contract	Materialize bound Core source authority	2026-09-12T02:07:16.1647183Z ^[[31;1m^[[0m^[[36;1m^[[36;1m^[[0m^[[36;1m^[[0m^[[36;1m^[[31;1m^[[31;1m^[[36;1m     | ^[[31;1mCore promotion line changed bound source outside .github while^[[0m
cross-repository-contract	Materialize bound Core source authority	2026-09-12T02:07:16.1647902Z ^[[31;1m^[[0m^[[36;1m^[[36;1m^[[0m^[[36;1m^[[0m^[[36;1m^[[31;1m^[[31;1m^[[36;1m^[[31;1m^[[36;1m     | ^[[31;1mclient/main still pins 6b271decead88b708e2fc03984b703b0a4e63ebd.^[[0m
cross-repository-contract	Materialize bound Core source authority	2026-09-12T02:07:16.2093141Z ##[error]Process completed with exit code 1.
