Applied patch to '.gitattributes' with conflicts.
Applied patch to 'apps/android_shell/android/app/libs/pokrov-core.aar' cleanly.
Applied patch to 'apps/windows_shell/windows/runner/resources/runtime/pokrov-core.dll' cleanly.
Applied patch to 'config/runtime-artifacts.seed.json' cleanly.
Applied patch to 'docs/architecture/bootstrap-workflow.md' cleanly.
Applied patch to 'docs/decisions/2026-08-23-pokrov-core-1.1.0-pre-candidate-binding.md' cleanly.
Applied patch to 'docs/operations/android-release-audit.md' with conflicts.
Falling back to direct application...
Falling back to direct application...
Falling back to direct application...
Falling back to direct application...
Falling back to direct application...
Falling back to direct application...
Falling back to direct application...
Falling back to direct application...
Falling back to direct application...
Falling back to direct application...
Falling back to direct application...
Falling back to direct application...
Falling back to direct application...
Falling back to direct application...
Falling back to direct application...
Falling back to direct application...
Falling back to direct application...
Falling back to direct application...
Falling back to direct application...
Falling back to direct application...
Falling back to direct application...
Falling back to direct application...
Falling back to direct application...
Falling back to direct application...
Falling back to direct application...
Falling back to direct application...
Falling back to direct application...
Falling back to direct application...
Falling back to direct application...
Falling back to direct application...
Falling back to direct application...
Falling back to direct application...
Falling back to direct application...
Falling back to direct application...
Falling back to direct application...
Falling back to direct application...
Falling back to direct application...
Falling back to direct application...
Falling back to direct application...
Falling back to direct application...
Falling back to direct application...
Falling back to direct application...
Falling back to direct application...
Falling back to direct application...
Falling back to direct application...
Falling back to direct application...
Falling back to direct application...
Falling back to direct application...
Falling back to direct application...
Falling back to direct application...
Falling back to direct application...
Falling back to direct application...
Falling back to direct application...
Falling back to direct application...
Falling back to direct application...
Falling back to direct application...
Falling back to direct application...
Falling back to direct application...
Falling back to direct application...
Falling back to direct application...
Falling back to direct application...
Falling back to direct application...
Falling back to direct application...
Falling back to direct application...
Falling back to direct application...
Falling back to direct application...
Falling back to direct application...
Falling back to direct application...
Falling back to direct application...
Falling back to direct application...
Falling back to direct application...
Falling back to direct application...
Falling back to direct application...
Falling back to direct application...
Falling back to direct application...
Falling back to direct application...
Falling back to direct application...
Falling back to direct application...
Falling back to direct application...
Falling back to direct application...
Falling back to direct application...
Falling back to direct application...
Falling back to direct application...
Falling back to direct application...
Falling back to direct application...
Falling back to direct application...
Falling back to direct application...
Falling back to direct application...
Falling back to direct application...
Falling back to direct application...
Falling back to direct application...
Falling back to direct application...
Falling back to direct application...
Falling back to direct application...
Falling back to direct application...
Falling back to direct application...
Falling back to direct application...
Falling back to direct application...
Falling back to direct application...
Falling back to direct application...
Falling back to direct application...
Falling back to direct application...
Falling back to direct application...
Falling back to direct application...
Falling back to direct application...
Falling back to direct application...
Falling back to direct application...
Falling back to direct application...
Falling back to direct application...
Falling back to direct application...
Falling back to direct application...
Falling back to direct application...
Falling back to direct application...
Falling back to direct application...
Falling back to direct application...
Falling back to direct application...
Falling back to direct application...
Falling back to direct application...
Falling back to direct application...
Falling back to direct application...
Falling back to direct application...
Falling back to direct application...
Falling back to direct application...
Falling back to direct application...
Falling back to direct application...
Falling back to direct application...
Falling back to direct application...
Falling back to direct application...
Falling back to direct application...
Falling back to direct application...
Falling back to direct application...
Falling back to direct application...
Falling back to direct application...
Falling back to direct application...
Falling back to direct application...
Falling back to direct application...
Falling back to direct application...
Falling back to direct application...
Falling back to direct application...
Falling back to direct application...
Falling back to direct application...
Falling back to direct application...
Falling back to direct application...
Falling back to direct application...
Falling back to direct application...
Falling back to direct application...
Falling back to direct application...
Falling back to direct application...
Falling back to direct application...
Falling back to direct application...
Falling back to direct application...
Falling back to direct application...
Falling back to direct application...
Falling back to direct application...
Falling back to direct application...
Falling back to direct application...
Falling back to direct application...
Falling back to direct application...
Falling back to direct application...
Falling back to direct application...
Falling back to direct application...
Falling back to direct application...
Falling back to direct application...
Falling back to direct application...
Falling back to direct application...
Falling back to direct application...
Falling back to direct application...
Falling back to direct application...
Falling back to direct application...
Falling back to direct application...
Falling back to direct application...
Falling back to direct application...
Falling back to direct application...
Falling back to direct application...
Falling back to direct application...
Falling back to direct application...
Falling back to direct application...
Falling back to direct application...
Falling back to direct application...
Falling back to direct application...
Falling back to direct application...
Falling back to direct application...
Falling back to direct application...
Falling back to direct application...
Falling back to direct application...
Falling back to direct application...
Falling back to direct application...
Falling back to direct application...
Falling back to direct application...
Falling back to direct application...
Falling back to direct application...
Falling back to direct application...
Falling back to direct application...
Falling back to direct application...
Falling back to direct application...
Falling back to direct application...
Falling back to direct application...
Falling back to direct application...
Falling back to direct application...
Falling back to direct application...
Falling back to direct application...
Falling back to direct application...
Falling back to direct application...
Falling back to direct application...
Falling back to direct application...
Falling back to direct application...
Falling back to direct application...
Falling back to direct application...
Falling back to direct application...
Falling back to direct application...
Falling back to direct application...
Falling back to direct application...
Falling back to direct application...
Falling back to direct application...
Falling back to direct application...
Falling back to direct application...
Falling back to direct application...
Falling back to direct application...
Falling back to direct application...
Falling back to direct application...
Falling back to direct application...
Falling back to direct application...
Falling back to direct application...
Falling back to direct application...
Falling back to direct application...
Falling back to direct application...
Falling back to direct application...
Falling back to direct application...
Falling back to direct application...
Falling back to direct application...
Falling back to direct application...
Falling back to direct application...
Applied patch to 'docs/operations/windows-release-readiness.md' with conflicts.
Applied patch to 'packages/app_shell/assets/licenses/native-go-NOTICES.txt' cleanly.
Applied patch to 'scripts/validate-seed.ps1' cleanly.
Applied patch to 'test/fixtures/release-handoff-v2/synthetic-candidate-input.json' cleanly.
U .gitattributes
U docs/operations/android-release-audit.md
U docs/operations/windows-release-readiness.md
