{"status": "PASS_INSTALLED_PAYLOAD_READBACK", "artifact_sha256": "b71c3190ad56e534bcd0057b68de4f818e775bc89cf1d5470814468ad7ada933", "version": "1.2.0~beta.30-8", "checked_payload_entries": 302, "all_bytes_modes_ownership_match_deb": true, "private_directory_modes": "0700/0700; active profile 0600", "no_tun": true, "no_recovery": true, "authorization_events": [], "gui_pid_unchanged": true}
{
  "operation": "connected_uninstall_and_purge",
  "source_version": "1.2.0~beta.30-8",
  "started_epoch": 1789216802.586948,
  "running_observed": true,
  "connect_authorization": "root fixture IPC; exact-package non-root GUI/polkit proof retained separately",
  "pre_uninstall_full_mode_http_probes": [
    {
      "attempt": 1,
      "target": "app",
      "curl_exit": 0,
      "http_code": "200",
      "expected": "200",
      "pass": true
    },
    {
      "attempt": 1,
      "target": "marker",
      "curl_exit": 0,
      "http_code": "204",
      "expected": "204",
      "pass": true
    },
    {
      "attempt": 2,
      "target": "app",
      "curl_exit": 0,
      "http_code": "200",
      "expected": "200",
      "pass": true
    },
    {
      "attempt": 2,
      "target": "marker",
      "curl_exit": 0,
      "http_code": "204",
      "expected": "204",
      "pass": true
    },
    {
      "attempt": 3,
      "target": "app",
      "curl_exit": 0,
      "http_code": "200",
      "expected": "200",
      "pass": true
    },
    {
      "attempt": 3,
      "target": "marker",
      "curl_exit": 0,
      "http_code": "204",
      "expected": "204",
      "pass": true
    }
  ],
  "selected_transport_server_sha256": "3ec0f5e9e476fe6621718f62f9aaea224016d6e710946c868b601a15ecfa046b",
  "selected_tls_sni_sha256": "b33960790a6de22ca95a61c6d1310b3487304529cb0af6f3e9b80d2e5ddf76b8",
  "selected_utls_fingerprint": "firefox",
  "pre_uninstall_ru_direct_rules": 0,
  "pre_uninstall_system_dns": true,
  "nonroot_ui_exited_for_uninstall": true,
  "runtime_running_with_ui_closed": true,
  "state_file_counts_before": {
    "profile": 1,
    "settings": 6,
    "keyring": 2
  },
  "candidate_sha256": "b71c3190ad56e534bcd0057b68de4f818e775bc89cf1d5470814468ad7ada933",
  "signature_verified": true,
  "apt_exit_code": 0,
  "package_installed": false,
  "state_unchanged": {
    "profile": true,
    "settings": true,
    "keyring": true
  },
  "socket_enabled": false,
  "state_root_mode": "0o700",
  "tun_absent": true,
  "recovery_absent": true,
  "binaries_absent": true,
  "socket_absent": true,
  "units_not_active": {
    "pokrov-linuxd.service": true,
    "pokrov-linuxd.socket": true,
    "pokrov-linux-sleep.service": true
  },
  "units_not_enabled": {
    "pokrov-linuxd.service": true,
    "pokrov-linuxd.socket": true,
    "pokrov-linux-sleep.service": true
  },
  "core_process_absent": true,
  "daemon_process_absent": true,
  "network_matches_clean_preinstall": {
    "routes4": true,
    "routes6": true,
    "rules4": true,
    "rules6": true,
    "nft": true,
    "dns": true,
    "domains": true
  },
  "finished_epoch": 1789216823.86585,
  "status": "PASS_CONNECTED_UNINSTALL_AND_PURGE"
}
