Client/Core version parity OK: app=1.2.0+4053 public=1.1.6 target_state=PRE_CANDIDATE_LOCAL core_pre_candidate=1.1.0 core_target=1.1.0 desktop_abi=2 core_checkout=NOT_REQUESTED
warning: in the working copy of 'apps/macos_shell/macos/Flutter/GeneratedPluginRegistrant.swift', LF will be replaced by CRLF the next time Git touches it
warning: in the working copy of 'apps/windows_shell/windows/flutter/generated_plugin_registrant.cc', LF will be replaced by CRLF the next time Git touches it
warning: in the working copy of 'apps/windows_shell/windows/flutter/generated_plugin_registrant.h', LF will be replaced by CRLF the next time Git touches it
warning: in the working copy of 'apps/windows_shell/windows/flutter/generated_plugins.cmake', LF will be replaced by CRLF the next time Git touches it
STORE-ONLY RESUME: reusing four exact verified APKs.
Running Gradle task 'bundleStoreRelease'...                     
Font asset "MaterialIcons-Regular.otf" was tree-shaken, reducing it from 1645184 to 23884 bytes (98.5% reduction). Tree-shaking can be disabled by providing the --no-tree-shake-icons flag when building your app.
Running Gradle task 'bundleStoreRelease'...                        97,7s
тИЪ Built build\app\outputs\bundle\storeRelease\app-store-release.aab (120.2MB)
Android production APK built and verified.
ABI: universal
APK: E:\r12client\apps\android_shell\build\app\outputs\flutter-apk\app-direct-release.apk
Size: 294071554 bytes
APK SHA-256: D8C490FDDB543D606B24C299F1089DDC68C28F581BE5AC7BA64EAC8409847919
Certificate SHA-256: 0A0602A7DF5D96A0B427909D004F3DDF26DEF86587634BF16694DA8D654B2500
Evidence: E:\r12client\apps\android_shell\build\app\outputs\flutter-apk\app-direct-release.apk.signing.json
Android production APK built and verified.
ABI: arm64-v8a
APK: E:\r12client\apps\android_shell\build\app\outputs\flutter-apk\app-arm64-v8a-direct-release.apk
Size: 100926279 bytes
APK SHA-256: 78D7A1361D03D808C6F6554FB65BC7411A9B411ED436C6CCBF79114D13737C91
Certificate SHA-256: 0A0602A7DF5D96A0B427909D004F3DDF26DEF86587634BF16694DA8D654B2500
Evidence: E:\r12client\apps\android_shell\build\app\outputs\flutter-apk\app-arm64-v8a-direct-release.apk.signing.json
Android production APK built and verified.
ABI: armeabi-v7a
APK: E:\r12client\apps\android_shell\build\app\outputs\flutter-apk\app-armeabi-v7a-direct-release.apk
Size: 90459293 bytes
APK SHA-256: C4774015AA88B77FDB3C355551F45FD6260AFA4EEF042A24FF3E126415C00057
Certificate SHA-256: 0A0602A7DF5D96A0B427909D004F3DDF26DEF86587634BF16694DA8D654B2500
Evidence: E:\r12client\apps\android_shell\build\app\outputs\flutter-apk\app-armeabi-v7a-direct-release.apk.signing.json
Android production APK built and verified.
ABI: x86_64
APK: E:\r12client\apps\android_shell\build\app\outputs\flutter-apk\app-x86_64-direct-release.apk
Size: 109718342 bytes
APK SHA-256: CD9B28F6F01E6D37AA8BB8436D6C8601F23DA73EB23FDDB5DE923D82E74418F8
Certificate SHA-256: 0A0602A7DF5D96A0B427909D004F3DDF26DEF86587634BF16694DA8D654B2500
Evidence: E:\r12client\apps\android_shell\build\app\outputs\flutter-apk\app-x86_64-direct-release.apk.signing.json
Android production store AAB built and verified.
AAB: E:\r12client\apps\android_shell\build\app\outputs\bundle\storeRelease\app-store-release.aab
Size: 126056957 bytes
AAB SHA-256: 14E8EE4718349C9D7B914752313AA54B013B90EE9D9ED20AF6F8D80318A2EE8F
Certificate SHA-256: 0A0602A7DF5D96A0B427909D004F3DDF26DEF86587634BF16694DA8D654B2500
Store submission: NOT_REQUESTED
Evidence: E:\r12client\apps\android_shell\build\app\outputs\bundle\storeRelease\app-store-release.aab.signing.json
