00:00 +0: loading E:/r12client/packages/app_shell/test/pokrov_seed_app_test.dart
00:00 +0: inactive app mutes animation ticks including modal routes
00:00 +1: consumes only valid host-bound acquisition continuation once
00:01 +2: acquisition confirmation never hides trial or restore choices
00:01 +3: expired acquisition leaves normal access paths usable
00:01 +4: disposing after a hanging Quick Settings invalidation cancels its timeout
00:01 +5: Quick Settings invalidation coalesces a held burst before connect
00:02 +6: Quick Settings invalidation coalesces a held burst before repair
00:03 +7: Quick Settings invalidation coalesces a held burst before repair-stale
00:03 +8: Quick Settings invalidation coalesces a held burst before repair-timeout
00:04 +9: android seed app context keeps smoke profile free of desktop route keys
00:04 +10: public route choices expose selected apps in P3
00:04 +11: first launch keeps Home visible and offers soft recovery
00:04 +12: trial selection provisions account data and reports one journey
00:04 +13: completed first launch skips the startup choice screen
00:04 +14: first launch choice uses new and returning access copy
00:04 +15: first-session actions remain reachable at 200 percent text
00:04 +16: restore step focuses the code field and back returns to choice
00:05 +17: seed shell lazily builds tabs and keeps opened tabs alive
00:05 +18: new user first launch completion is persisted
00:05 +19: returning first launch restores through unified redeem
00:05 +20: returning first launch opens main bot pairing code
00:05 +21: returning first launch claims a one-time device code
00:05 +22: returning first launch rejects raw subscription links locally
00:06 +23: renders premium shell v2 with compact first screen
00:06 +24: home renders admin promotion only when backend exposes one
00:06 +25: home renders exact ready winback commercial terms
00:06 +26: home admin promotion ignores unsafe CTA schemes
00:06 +27: home promo stays usable at 320px with countdown and mandatory policy
00:06 +28: startup update downloads through verified Android installer
00:06 +29: startup update check ignores untrusted download metadata
00:06 +30: home status opens independent protection checks
00:07 +31: protection center maps Android runtime failures to safe copy
00:07 +32: protection repair runs one bounded disconnect stage connect loop
00:07 +33: repair warns before disconnect and exposes three-step progress
00:07 +34: repair profile failure keeps the sheet on the fresh stopped snapshot
00:08 +35: profile uses grouped MVP account sections
00:08 +36: live paid subscription replaces trial copy across home and profile
00:08 +37: expired subscription replaces seed trial copy across home and profile
00:08 +38: Android notification sheet keeps details inside the app
00:08 +39: profile explains managed free-profile states without premium copy
00:09 +40: profile theme selector switches light and dark mode
00:09 +41: profile legal rows open generated platform URLs
00:10 +42: profile first layer stays compact and hides advanced controls
00:10 +43: profile redeem uses native app-first endpoint
00:10 +44: profile gift redeem keeps access-updated confirmation
00:10 +45: profile redeem keeps the sheet open on empty code
00:10 +46: profile cabinet opens through short-lived handoff
00:10 +47: cabinet return refreshes subscription on android
00:10 +48: cabinet return refreshes subscription on windows
00:11 +49: foreground account refresh coalesces and recovers after offline
00:11 +50: profile shows native Telegram identity without another link action
00:11 +51: profile Telegram bonus works before payment
00:11 +52: profile verifies Telegram after returning from the bot
00:11 +53: profile loads compact bonus summary with reward preview
00:11 +54: zero remaining days never resets to the advertised trial duration
00:12 +55: subscription refresh timeout does not claim missing entitlement
00:12 +56: startup orders subscription before bonus summary
00:12 +57: bonus preview keeps wheel and activity calendar non-mutating
00:12 +58: profile opens rewards hub with wheel and calendar preview
00:12 +59: rewards hub can run live wheel and calendar actions
00:13 +60: profile rewards hub shows first-party promo slots
00:13 +61: profile rewards hub opens referral share link
00:13 +62: rewards referral copy confirms in-sheet with icon morph
00:13 +63: rewards referral hides dead actions without a server link
00:13 +64: profile opens subscription and email recovery sheets
00:13 +65: profile surfaces devices, notifications and subscription detail
00:14 +66: profile keeps account and settings actions grouped
00:14 +67: disabled rewards stay hidden instead of dead muted cards
00:14 +68: P4 responsive width matrix keeps the app shell stable
00:14 +69: expanded desktop sidebar animates label width and opacity
00:14 +70: windows shell hides unavailable enhanced protection
00:15 +71: windows profile controls autostart and close behavior
00:15 +72: enhanced protection asks for explicit consent before activation
00:15 +73: home WARP switch changes consent without opening details
00:15 +74: home WARP tile is tappable as a whole and toggles the switch
00:15 +75: failed WARP connect falls back to ordinary VPN and stays visibly enabled
00:15 +76: explicit WARP retry overrides one stale fallback status
00:15 +77: home WARP uses client-local defaults without server material
00:15 +78: revoking WARP consent clears the local enabled state
00:16 +79: narrow windows shell uses a hamburger drawer instead of fixed sidebar
00:16 +80: home uses one compact animated connect control
00:16 +81: preparation screens use geometry-matched motion skeletons
00:16 +82: P5 rewards loading uses geometry-matched skeleton
00:16 +83: P5 support loading uses geometry skeleton instead of spinner
00:17 +84: P5 Windows shortcuts navigate tabs and focus support composer
00:17 +85: profile handoffs open safe external destinations
00:17 +86: home trial access strip opens the profile
00:18 +87: support chat reuses a loaded ticket thread for follow-up replies
00:18 +88: support diagnostics actions stay reachable in constrained landscape
00:18 +89: configured support key exposes encrypted offline delivery
00:18 +90: support chat keeps optional actions out of the conversation
00:19 +91: support history failure exposes one compact retry
00:19 +92: support send retry preserves the draft without duplicate bubbles
00:19 +93: support AI entry preserves its purpose at 200 percent text
00:20 +94: support AI assistant opens an honest mini chat and answers from the knowledge base
00:20 +95: support AI diagnostics action reuses the explicit attachment preview
00:20 +96: support AI retry keeps one question bubble and returns concrete guidance
00:20 +97: support AI composer stays above the Android keyboard
00:21 +98: support AI assistant resets a failed continuation and keeps sessions sheet-local
00:21 +99: support AI assistant admits a missing answer instead of improvising
00:21 +100: support chat polls active ticket and shows operator reply
00:22 +101: support polling stops while the app is in background
00:22 +102: support chat shows offline lifecycle hint after poll failure
00:22 +103: rules show selected-apps editor and hide beta prose
00:22 +104: windows rules use region and process copy instead of mobile presets
00:22 +105: advanced routing controls persist real rules, DNS and LAN
00:23 +106: external Smart DNS lab requires custom direct DoH and an eligible purpose
00:23 +107: expert rules use one apply operation and one reconnect
00:23 +108: Windows advanced settings retain service VPN and TUN stack
00:23 +109: trusted Wi-Fi detects, stores and enables a real network rule
00:24 +110: trusted Wi-Fi accepts a manual network without framework errors
00:24 +111: trusted Wi-Fi blocks connect before runtime staging
00:24 +112: Android rules open the host VPN settings action
00:24 +113: desktop shell controller attaches and detaches with the app
00:24 +114: desktop shell waits for saved route scope before elevated continuation
00:24 +115: rules lets user add a custom selected app identifier
00:24 +116: Android can keep selected apps direct and route the rest by VPN
00:25 +117: RU app presets classify installed packages and confirm both modes
00:25 +118: rules app picker adds a known Android application
00:25 +119: rules app picker can use native Android catalog
00:25 +120: advanced settings open as diagnostics without acknowledgement
00:26 +121: diagnostics creates a case with one encrypted bundle action
00:26 +122: android protection surface keeps degraded runtime messaging consumer friendly
00:26 +123: windows observes service loss after a long connected session
00:26 +124: android refreshes delayed degraded host health after connect
00:26 +125: android running waits for selected-outbound egress proof
00:26 +126: android running marks failed selected-outbound egress degraded
00:26 +127: android running shows connected after selected-outbound egress proof
00:27 +128: explicit inactive subscription blocks cached reconnect on profile 503
00:27 +129: explicit inactive subscription disconnects a cached tunnel on resume
00:27 +130: inactive subscription during native connect stops the settled tunnel
00:27 +131: cached Android profile handles API 503 after app restart
00:27 +132: cached Android profile handles API 403 after app restart
00:27 +133: manual retry after egress failure retains the cached profile during API outage
00:27 +134: android egress fail-closed stop clears the connected home state
00:27 +135: managed fallback on android (lab: false, baseline failure: false, unavailable: false, refused: false)
00:28 +136: managed fallback on android (lab: true, baseline failure: false, unavailable: false, refused: false)
00:28 +137: managed fallback on windows (lab: true, baseline failure: false, unavailable: false, refused: false)
00:28 +138: managed fallback on android (lab: true, baseline failure: true, unavailable: false, refused: false)
00:28 +139: managed fallback on android (lab: true, baseline failure: false, unavailable: true, refused: false)
00:28 +140: managed fallback on android (lab: true, baseline failure: false, unavailable: false, refused: true)
00:28 +141: stale Android egress poll cannot override a newer connection
00:28 +142: android protection surface hides raw top-level host diagnostics
00:28 +143: shows a single logical location in locations
00:28 +144: stale manual location can return to automatic before provisioning
00:28 +145: recent automatic node stays automatic after restart
00:29 +146: automatic Smart Connect stickiness never becomes a manual preference
00:29 +147: locations screen renders backend catalog cities
00:29 +148: manual city scrolls every variant into the safe sheet viewport
00:29 +149: catalog refresh resets a removed preferred variant to direct
00:29 +150: selected city shows active, available and unavailable variant status
00:29 +151: location refresh spinner stays out of the Auto card
00:29 +152: WARP with a white-list variant fails before runtime staging
00:29 +153: locations stay readable at 200 percent on narrow Android
00:29 +154: cached catalog allows recovery selection before Smart Connect resolves
00:30 +155: manual location restarts the active tunnel and promotes the fresh profile
00:30 +156: locations keep cached catalog favorites and recents offline
00:30 +157: home bell opens cached notifications when refresh is offline
00:30 +158: primary connect action auto-prepares and starts host runtime
00:30 +159: long connect exposes the current stage and details after 10s
00:30 +160: first route scope blocks an empty selected-apps list
00:30 +161: late client-experience restore cannot replace first-connect route choice
00:31 +162: first route scope confirmation survives a shell restart
00:31 +163: primary connect activates once from pointer and keyboard
00:31 +164: bootstrap failures surface as a calm recovery banner
00:31 +165: unexpected runtime errors surface as redacted recovery feedback
00:31 +166: android reconnect refreshes the managed profile even when one is already staged (success)
00:31 +167: android reconnect refreshes the managed profile even when one is already staged (timeout)
00:31 +168: android reconnect refreshes the managed profile even when one is already staged (rejected)
00:31 +169: windows reconnect refreshes the managed profile even when one is already staged (success)
00:32 +170: windows reconnect refreshes the managed profile even when one is already staged (timeout)
00:32 +171: windows reconnect refreshes the managed profile even when one is already staged (rejected)
00:32 +172: primary connect action is disabled when live connect is unavailable
00:32 +173: first Android consent converges after delayed native running without lifecycle resume
00:32 +174: primary connect action polls the host bridge until runtime is running
00:32 +175: android shell refreshes runtime snapshot when the app resumes
00:32 +176: tab changes animate through the shared tab transition wrapper
00:32 +177: profile and rewards hub expose accent pull-to-refresh
00:32 +178: home offers whitelist recovery after control-plane failure
00:33 +179: whitelist mode opens ready for restricted networks without extra toggle
00:33 +180: emergency page explains trial or paid access denial
00:33 +181: emergency page never exposes raw transport failures
00:33 +182: emergency catalogs fit 4 or 20 narrow rows
00:34 +183: emergency disclosure gates profile resolution and connect
00:34 +184: emergency connect rotates to the next reserve on Android
00:34 +185: emergency connect rotates after the full-chain egress probe fails
00:35 +186: manual whitelist route keeps the selected hop chain
00:35 +187: emergency connect reports when every saved reserve is blocked
00:35 +188: connection CTA and live status have one semantic source
00:35 +189: matches deterministic critical-state goldens
00:36 +190: builds seed app context for public and readiness-only host lanes
00:36 +191: All tests passed!
