Resolving dependencies...
Downloading packages...
  async 2.11.0 (2.13.1 available)
  boolean_selector 2.1.1 (2.1.2 available)
  cross_file 0.3.5+4 (0.3.5+5 available)
  ffi 2.1.3 (2.2.0 available)
  flutter_secure_storage_linux 3.0.1 (3.0.2 available)
  flutter_secure_storage_platform_interface 2.0.1 (2.0.3 available)
  path_provider 2.1.5 (2.1.6 available)
  path_provider_android 2.2.15 (2.3.1 available)
  path_provider_foundation 2.4.1 (2.6.0 available)
  path_provider_linux 2.2.1 (2.2.2 available)
  path_provider_platform_interface 2.1.2 (2.1.3 available)
  source_span 1.10.0 (1.10.2 available)
  string_scanner 1.2.0 (1.4.1 available)
  term_glyph 1.2.1 (1.2.2 available)
  url_launcher 6.3.1 (6.3.2 available)
  url_launcher_android 6.3.14 (6.3.30 available)
  url_launcher_ios 6.3.3 (6.4.1 available)
  url_launcher_linux 3.2.1 (3.2.2 available)
  url_launcher_macos 3.2.2 (3.2.5 available)
  url_launcher_web 2.3.3 (2.4.3 available)
  url_launcher_windows 3.1.4 (3.1.5 available)
  vm_service 14.2.5 (15.3.0 available)
  win32 5.10.1 (5.15.0 available)
Got dependencies!
23 packages have newer versions incompatible with dependency constraints.
Try `flutter pub outdated` for more information.
